12-05 02:42:39.657 V/WiredAccessoryManager(  446): init()
12-05 02:42:39.659 V/WiredAccessoryManager(  446): newName=h2w newState=2 headsetState=2 prev headsetState=0
12-05 02:42:39.659 I/WiredAccessoryManager(  446): MSG_NEW_DEVICE_STATE
12-05 02:42:39.662 W//system/bin/hw/android.hidl.allocator@1.0-service(  248): ashmem_create_region(32768) returning hidl_memory(0x74f382b300, 32768)
12-05 02:42:39.664 I/vol.Events(  595): writeEvent collection_started
12-05 02:42:39.673 V/NotificationListeners(  446): enabling notification listener for 0: ComponentInfo{com.android.launcher3/com.android.launcher3.notification.NotificationListener}
12-05 02:42:39.673 V/NotificationListeners(  446): binding: Intent { act=android.service.notification.NotificationListenerService cmp=com.android.launcher3/.notification.NotificationListener (has extras) }
12-05 02:42:39.674 W/ActivityManager(  446): Unable to start service Intent { act=android.service.notification.NotificationListenerService cmp=com.android.launcher3/.notification.NotificationListener } U=0: not found
12-05 02:42:39.674 W/NotificationListeners(  446): Unable to bind notification listener service: Intent { act=android.service.notification.NotificationListenerService cmp=com.android.launcher3/.notification.NotificationListener (has extras) }
12-05 02:42:39.675 V/NuMediaExtractor(  595): setDataSource fd=37 (/system/media/audio/ui/Unlock.ogg), offset=0, length=7853
12-05 02:42:39.676 W/DeviceHAL(  249): Device 0xec79f000 set_mic_mute: Function not implemented
12-05 02:42:39.676 W/DeviceHAL(  249): Device 0xec7ce2c0 set_mic_mute: Function not implemented
12-05 02:42:39.677 I/vol.Events(  595): writeEvent external_ringer_mode_changed normal
12-05 02:42:39.677 I/vol.Events(  595): writeEvent internal_ringer_mode_changed normal
12-05 02:42:39.676 W/mediaextractor(  379): type=1400 audit(0.0:15): avc: denied { read } for name="u:object_r:ctsgts_prop:s0" dev="tmpfs" ino=218 scontext=u:r:mediaextractor:s0 tcontext=u:object_r:ctsgts_prop:s0 tclass=file permissive=0
12-05 02:42:39.678 E/libc    (  379): Access denied finding property "cts_gts.status"
12-05 02:42:39.679 E/ffmExtractor(  379): Cannot load library libffmpeg_utils.so dlerror = dlopen failed: library "libffmpeg_utils.so" not found
12-05 02:42:39.679 E/ffmExtractor(  379): lib open failed
12-05 02:42:39.686 V/NuMediaExtractor(  595): track of type 'audio/vorbis' does not publish bitrate
12-05 02:42:39.687 D/BluetoothManagerService(  446): BluetoothServiceConnection: com.android.bluetooth.btservice.AdapterService
12-05 02:42:39.689 D/BluetoothManagerService(  446): MESSAGE_BLUETOOTH_SERVICE_CONNECTED: 1
12-05 02:42:39.690 D/BluetoothManagerService(  446): MESSAGE_GET_NAME_AND_ADDRESS
12-05 02:42:39.690 I/OMXClient(  595): Treble IOmx obtained
12-05 02:42:39.691 I/OMXMaster(  385): makeComponentInstance(OMX.google.vorbis.decoder) in omx@1.0-service process
12-05 02:42:39.692 I/ShutdownActivity(  446): onCreate(): confirm=false
12-05 02:42:39.693 D/BluetoothManagerService(  446): unbindAndFinish(): android.bluetooth.IBluetooth$Stub$Proxy@bbc3360 mBinding = false mUnbinding = false
12-05 02:42:39.698 E/OMXNodeInstance(  385): getConfig(0xf0f22960:google.vorbis.decoder, ConfigAndroidVendorExtension(0x6f100004)) ERROR: Undefined(0x80001001)
12-05 02:42:39.699 D/ShutdownThread(  446): Notifying thread to start shutdown longPressBehavior=1
12-05 02:42:39.700 D/ShutdownThread(  446): Attempting to use SysUI shutdown UI
12-05 02:42:39.700 D/ShutdownThread(  446): SysUI is unavailable
12-05 02:42:39.701 W//system/bin/hw/android.hidl.allocator@1.0-service(  248): ashmem_create_region(32768) returning hidl_memory(0x74f382b300, 32768)
12-05 02:42:39.702 W//system/bin/hw/android.hidl.allocator@1.0-service(  248): ashmem_create_region(32768) returning hidl_memory(0x74f382b300, 32768)
12-05 02:42:39.703 D/BluetoothAdapterService(  561): onUnbind() - calling cleanup
12-05 02:42:39.703 D/BluetoothAdapterService(  561): cleanup()
12-05 02:42:39.703 W//system/bin/hw/android.hidl.allocator@1.0-service(  248): ashmem_create_region(32768) returning hidl_memory(0x74f382b300, 32768)
12-05 02:42:39.707 I/chatty  (  248): uid=1000(system) allocator@1.0-s identical 2 lines
12-05 02:42:39.707 W//system/bin/hw/android.hidl.allocator@1.0-service(  248): ashmem_create_region(32768) returning hidl_memory(0x74f382b300, 32768)
12-05 02:42:39.708 W/BluetoothSdpJni(  561): Cleaning up Bluetooth SDP Interface...
12-05 02:42:39.708 W/BluetoothSdpJni(  561): Cleaning up Bluetooth SDP object
12-05 02:42:39.708 W//system/bin/hw/android.hidl.allocator@1.0-service(  248): ashmem_create_region(32768) returning hidl_memory(0x74f382b300, 32768)
12-05 02:42:39.708 D/BluetoothAdapterService(  561): cleanup() - Cleaning up adapter native
12-05 02:42:39.708 I/bt_stack_manager(  561): event_clean_up_stack is cleaning up the stack
12-05 02:42:39.708 I/bt_btif_core(  561): btif_cleanup_bluetooth entered
12-05 02:42:39.709 W//system/bin/hw/android.hidl.allocator@1.0-service(  248): ashmem_create_region(32768) returning hidl_memory(0x74f382b300, 32768)
12-05 02:42:39.711 E/BluetoothServiceJni(  561): Callback: 'callback_thread_event' is not called on the correct thread
12-05 02:42:39.711 I/bt_btif_queue(  561): btif_queue_release
12-05 02:42:39.711 I/bt_btif_core(  561): run_message_loop finished
12-05 02:42:39.711 W/bt_osi_thread(  561): run_thread: thread id 778, thread name bt_jni_workqueue exited
12-05 02:42:39.712 I/bt_core_module(  561): module_clean_up Cleaning up module "stack_config_module"
12-05 02:42:39.712 I/bt_core_module(  561): module_clean_up Cleanup of module "stack_config_module" completed
12-05 02:42:39.713 I/bt_core_module(  561): module_clean_up Cleaning up module "interop_module"
12-05 02:42:39.713 I/bt_core_module(  561): module_clean_up Cleanup of module "interop_module" completed
12-05 02:42:39.713 I/bt_btif_core(  561): btif_cleanup_bluetooth finished
12-05 02:42:39.713 I/bt_core_module(  561): module_clean_up Cleaning up module "btif_config_module"
12-05 02:42:39.722 W//system/bin/hw/android.hidl.allocator@1.0-service(  248): ashmem_create_region(32768) returning hidl_memory(0x74f382b300, 32768)
12-05 02:42:39.723 I/bt_core_module(  561): module_clean_up Cleanup of module "btif_config_module" completed
12-05 02:42:39.723 I/bt_core_module(  561): module_clean_up Cleaning up module "bt_utils_module"
12-05 02:42:39.723 I/bt_core_module(  561): module_clean_up Cleanup of module "bt_utils_module" completed
12-05 02:42:39.724 I/bt_core_module(  561): module_clean_up Cleaning up module "osi_module"
12-05 02:42:39.724 D/bt_osi_alarm(  561): callback_dispatch Callback thread exited
12-05 02:42:39.724 W/bt_osi_thread(  561): run_thread: thread id 776, thread name alarm_dispatcher exited
12-05 02:42:39.724 W/bt_osi_thread(  561): run_thread: thread id 775, thread name alarm_default_ca exited
12-05 02:42:39.725 I/bt_core_module(  561): module_clean_up Cleanup of module "osi_module" completed
12-05 02:42:39.725 I/bt_stack_manager(  561): event_clean_up_stack finished
12-05 02:42:39.725 I/BluetoothServiceJni(  561): cleanupNative: return from cleanup
12-05 02:42:39.725 D/ConditionProviders.SCP(  446): onSubscribe condition://android/schedule?days=1.2.3.4.5&start=22.0&end=7.0&exitAtAlarm=false
12-05 02:42:39.726 D/ConditionProviders.SCP(  446): setRegistered true
12-05 02:42:39.726 D/BluetoothAdapterService(  561): onDestroy()
12-05 02:42:39.727 I/BluetoothAdapterService(  561): Force exit to cleanup internal state in Bluetooth stack
12-05 02:42:39.730 I/zygote64(  561): System.exit called, status: 0
12-05 02:42:39.730 I/AndroidRuntime(  561): VM exiting with result code 0, cleanup skipped.
12-05 02:42:39.731 D/ConditionProviders.SCP(  446): notifyCondition condition://android/schedule?days=1.2.3.4.5&start=22.0&end=7.0&exitAtAlarm=false STATE_TRUE reason=meetsSchedule
12-05 02:42:39.742 E/ActivityThread(  446): Failed to find provider info for com.android.calendar
12-05 02:42:39.745 W//system/bin/hw/android.hidl.allocator@1.0-service(  248): ashmem_create_region(32768) returning hidl_memory(0x74f382b300, 32768)
12-05 02:42:39.743 E/ActivityThread(  446): Failed to find provider info for com.android.calendar
12-05 02:42:39.752 D/ConditionProviders.SCP(  446): Scheduling evaluate for Wed Dec 05 07:00:00 GMT+00:00 2018 (1543993200000), in +4h17m20s274ms, now=Wed Dec 05 02:42:39 GMT+00:00 2018 (1543977759726)
12-05 02:42:39.752 D/ConditionProviders.SCP(  446): onSubscribe condition://android/schedule?days=6.7&start=23.30&end=10.0&exitAtAlarm=false
12-05 02:42:39.752 D/ConditionProviders.SCP(  446): notifyCondition condition://android/schedule?days=6.7&start=23.30&end=10.0&exitAtAlarm=false STATE_FALSE reason=!meetsSchedule
12-05 02:42:39.752 D/ConditionProviders.SCP(  446): notifyCondition condition://android/schedule?days=1.2.3.4.5&start=22.0&end=7.0&exitAtAlarm=false STATE_TRUE reason=meetsSchedule
12-05 02:42:39.753 D/ConditionProviders.SCP(  446): Scheduling evaluate for Wed Dec 05 07:00:00 GMT+00:00 2018 (1543993200000), in +4h17m20s248ms, now=Wed Dec 05 02:42:39 GMT+00:00 2018 (1543977759752)
12-05 02:42:39.746 I/chatty  (  248): uid=1000(system) allocator@1.0-s identical 1 line
12-05 02:42:39.747 W//system/bin/hw/android.hidl.allocator@1.0-service(  248): ashmem_create_region(32768) returning hidl_memory(0x74f382b300, 32768)
12-05 02:42:39.757 I/ShutdownThread(  446): Sending shutdown broadcast...
12-05 02:42:39.780 I/Telecom (  446): WiredHeadsetManager: ACTION_HEADSET_PLUG event, plugged in: false, : WHC.oADA@AAE
12-05 02:42:39.788 D/MediaSessionService(  446): Global priority session is changed from null to com.android.server.telecom/HeadsetMediaButton (userId=0)
12-05 02:42:39.791 V/NuMediaExtractor(  595): setDataSource fd=39 (/system/media/audio/ui/Trusted.ogg), offset=0, length=5713
12-05 02:42:39.791 I/[Gralloc](  256): Got fd 16 for handle 1
12-05 02:42:39.791 I/[Gralloc](  256): leave, w : 1070, h : 395, format : 0x1,internal_format : 0x1, usage : 0x933. size=1693760,pixel_stride=1072,byte_stride=4288
12-05 02:42:39.791 I/[Gralloc](  256): leave: prime_fd=16,share_attr_fd=17
12-05 02:42:39.792 I/[Gralloc](  266): Got handle 6 for fd 67
12-05 02:42:39.792 I/ActivityManager(  446): Process com.android.bluetooth (pid 561) has died: fore SVC 
12-05 02:42:39.792 I/[Gralloc](  266): leave, w : 1070, h : 395, format : 0x1,internal_format : 0x1, usage : 0x933. size=1693760,pixel_stride=1072,byte_stride=4288
12-05 02:42:39.792 I/[Gralloc](  266): leave: prime_fd=67,share_attr_fd=68
12-05 02:42:39.793 W/zygote64(  446): kill(-561, 9) failed: No such process
12-05 02:42:39.793 I/zygote64(  446): Successfully killed process cgroup uid 1002 pid 561 in 1ms
12-05 02:42:39.795 E/libc    (  379): Access denied finding property "cts_gts.status"
12-05 02:42:39.798 E/ffmExtractor(  379): Cannot load library libffmpeg_utils.so dlerror = dlopen failed: library "libffmpeg_utils.so" not found
12-05 02:42:39.798 E/ffmExtractor(  379): lib open failed
12-05 02:42:39.804 I/ActivityManager(  446): user 0 is still locked. Cannot load recents
12-05 02:42:39.805 V/NuMediaExtractor(  595): track of type 'audio/vorbis' does not publish bitrate
12-05 02:42:39.793 W/Binder:379_4(  379): type=1400 audit(0.0:16): avc: denied { read } for name="u:object_r:ctsgts_prop:s0" dev="tmpfs" ino=218 scontext=u:r:mediaextractor:s0 tcontext=u:object_r:ctsgts_prop:s0 tclass=file permissive=0
12-05 02:42:39.808 I/SyncManager(  446): Got SyncJobService instance.
12-05 02:42:39.808 V/WiredAccessoryManager(  446): headsetName:  connected
12-05 02:42:39.810 D/AutofillManagerService(  446): Autofill restriction did not change for user 0: null
12-05 02:42:39.811 D/APM_AudioPolicyManager(  373): setDeviceConnectionStateInt() device: 0x8, state 1, address  name 
12-05 02:42:39.811 D/AudioHardwareTiny(  249): adev_set_parameters: kvpairs = connect=8
12-05 02:42:39.812 D/AudioHardwareTiny(  249): out_set_parameters: kvpairs = routing=0
12-05 02:42:39.813 I/[Gralloc](  446): Got handle 1 for fd 207
12-05 02:42:39.813 I/[Gralloc](  446): leave, w : 1070, h : 395, format : 0x1,internal_format : 0x1, usage : 0x933. size=1693760,pixel_stride=1072,byte_stride=4288
12-05 02:42:39.813 I/[Gralloc](  446): leave: prime_fd=207,share_attr_fd=208
12-05 02:42:39.814 I/OMXClient(  595): Treble IOmx obtained
12-05 02:42:39.815 I/OMXMaster(  385): makeComponentInstance(OMX.google.vorbis.decoder) in omx@1.0-service process
12-05 02:42:39.819 E/OMXNodeInstance(  385): getConfig(0xf0f22960:google.vorbis.decoder, ConfigAndroidVendorExtension(0x6f100004)) ERROR: Undefined(0x80001001)
12-05 02:42:39.820 D/OpenGLRenderer(  446): HWUI GL Pipeline
12-05 02:42:39.821 I/ActivityManager(  446): START u0 {act=android.intent.action.MAIN cat=[android.intent.category.HOME] flg=0x10000100 cmp=com.android.settings/.FallbackHome} from uid 0
12-05 02:42:39.824 W//system/bin/hw/android.hidl.allocator@1.0-service(  248): ashmem_create_region(32768) returning hidl_memory(0x74f382b300, 32768)
12-05 02:42:39.825 I/chatty  (  248): uid=1000(system) allocator@1.0-s identical 1 line
12-05 02:42:39.826 W//system/bin/hw/android.hidl.allocator@1.0-service(  248): ashmem_create_region(32768) returning hidl_memory(0x74f382b300, 32768)
12-05 02:42:39.827 D/NotificationSQLiteLog(  446): Pruned event entries: 0
12-05 02:42:39.827 W//system/bin/hw/android.hidl.allocator@1.0-service(  248): ashmem_create_region(32768) returning hidl_memory(0x74f382b300, 32768)
12-05 02:42:39.837 I/ActivityManager(  446): Start proc 880:com.android.settings/1000 for activity com.android.settings/.FallbackHome
12-05 02:42:39.832 I/chatty  (  248): uid=1000(system) allocator@1.0-s identical 3 lines
12-05 02:42:39.833 W//system/bin/hw/android.hidl.allocator@1.0-service(  248): ashmem_create_region(32768) returning hidl_memory(0x74f382b300, 32768)
12-05 02:42:39.840 E/ActivityManager(  446): getPackageFerformanceMode--ComponentInfo{com.android.settings/com.android.settings.FallbackHome}----com.android.settings
12-05 02:42:39.840 W/SyncManager(  446): Writing sync state before shutdown...
12-05 02:42:39.845 I/[Gralloc](  256): Got fd 16 for handle 1
12-05 02:42:39.845 I/[Gralloc](  256): leave, w : 1070, h : 395, format : 0x1,internal_format : 0x1, usage : 0x933. size=1693760,pixel_stride=1072,byte_stride=4288
12-05 02:42:39.845 I/[Gralloc](  256): leave: prime_fd=16,share_attr_fd=17
12-05 02:42:39.846 I/[Gralloc](  266): Got handle 7 for fd 70
12-05 02:42:39.846 I/[Gralloc](  266): leave, w : 1070, h : 395, format : 0x1,internal_format : 0x1, usage : 0x933. size=1693760,pixel_stride=1072,byte_stride=4288
12-05 02:42:39.846 I/[Gralloc](  266): leave: prime_fd=70,share_attr_fd=71
12-05 02:42:39.847 I/[Gralloc](  446): Got handle 2 for fd 212
12-05 02:42:39.847 I/[Gralloc](  446): leave, w : 1070, h : 395, format : 0x1,internal_format : 0x1, usage : 0x933. size=1693760,pixel_stride=1072,byte_stride=4288
12-05 02:42:39.847 I/[Gralloc](  446): leave: prime_fd=212,share_attr_fd=213
12-05 02:42:39.850 W//system/bin/hw/android.hidl.allocator@1.0-service(  248): ashmem_create_region(32768) returning hidl_memory(0x74f382b300, 32768)
12-05 02:42:39.853 I/chatty  (  248): uid=1000(system) allocator@1.0-s identical 2 lines
12-05 02:42:39.856 W//system/bin/hw/android.hidl.allocator@1.0-service(  248): ashmem_create_region(32768) returning hidl_memory(0x74f382b300, 32768)
12-05 02:42:39.856 I/InputReader(  446): Reconfiguring input devices.  changes=0x00000004
12-05 02:42:39.864 I/vol.Events(  595): writeEvent level_changed STREAM_VOICE_CALL 4
12-05 02:42:39.865 I/FusedLocation(  446): engine started (com.android.location.fused)
12-05 02:42:39.866 I/vol.Events(  595): writeEvent level_changed STREAM_SYSTEM 5
12-05 02:42:39.869 I/vol.Events(  595): writeEvent level_changed STREAM_RING 5
12-05 02:42:39.873 I/[Gralloc](  256): Got fd 16 for handle 1
12-05 02:42:39.875 I/[Gralloc](  256): leave, w : 1070, h : 395, format : 0x1,internal_format : 0x1, usage : 0x933. size=1693760,pixel_stride=1072,byte_stride=4288
12-05 02:42:39.875 I/[Gralloc](  256): leave: prime_fd=16,share_attr_fd=17
12-05 02:42:39.875 I/[Gralloc](  266): Got handle 8 for fd 74
12-05 02:42:39.875 I/[Gralloc](  266): leave, w : 1070, h : 395, format : 0x1,internal_format : 0x1, usage : 0x933. size=1693760,pixel_stride=1072,byte_stride=4288
12-05 02:42:39.875 I/[Gralloc](  266): leave: prime_fd=74,share_attr_fd=75
12-05 02:42:39.876 I/[Gralloc](  446): Got handle 3 for fd 211
12-05 02:42:39.876 I/[Gralloc](  446): leave, w : 1070, h : 395, format : 0x1,internal_format : 0x1, usage : 0x933. size=1693760,pixel_stride=1072,byte_stride=4288
12-05 02:42:39.876 I/[Gralloc](  446): leave: prime_fd=211,share_attr_fd=215
12-05 02:42:39.876 I/vol.Events(  595): writeEvent level_changed STREAM_MUSIC 5
12-05 02:42:39.879 I/vol.Events(  595): writeEvent level_changed STREAM_ALARM 6
12-05 02:42:39.881 I/vol.Events(  595): writeEvent level_changed STREAM_BLUETOOTH_SCO 7
12-05 02:42:39.887 I/zygote64(  446): Background concurrent copying GC freed 33822(3MB) AllocSpace objects, 12(388KB) LOS objects, 42% free, 6MB/10MB, paused 289us total 128.706ms
12-05 02:42:39.942 W/ActivityManager(  446): Slow operation: 78ms so far, now at attachApplicationLocked: after mServices.attachApplicationLocked
12-05 02:42:39.952 I/zygote64(  880): The ClassLoaderContext is a special shared library.
12-05 02:42:39.960 V/MediaRouter(  446): Audio routes updated: AudioRoutesInfo{ type=HEADPHONES }, a2dp=false
12-05 02:42:39.960 V/MediaRouter(  446): Selecting route: RouteInfo{ name=Headphones, description=null, status=null, category=RouteCategory{ name=System types=ROUTE_TYPE_LIVE_AUDIO ROUTE_TYPE_LIVE_VIDEO  groupable=false }, supportedTypes=ROUTE_TYPE_LIVE_AUDIO ROUTE_TYPE_LIVE_VIDEO , presentationDisplay=null }
12-05 02:42:39.961 I/EntropyMixer(  446): Writing entropy...
12-05 02:42:39.974 D/SystemUIBootTiming(  595): StartServicesVolumeUI took to complete: 317ms
12-05 02:42:39.978 I/Telecom (  446): WiredHeadsetManager: ACTION_HEADSET_PLUG event, plugged in: true, : WHC.oADA@AAI
12-05 02:42:39.979 I/Telecom (  446): CallAudioRouteStateMachine: Message received: CONNECT_WIRED_HEADSET=1, arg1=0: WHC.oADA->CARSM.pM_CONNECT_WIRED_HEADSET@AAI
12-05 02:42:39.979 I/Telecom (  446): Logging.Events: Non-call EVENT: AUDIO_ROUTE, Wired headset connected: WHC.oADA->CARSM.pM_CONNECT_WIRED_HEADSET@AAI
12-05 02:42:39.979 I/Telecom (  446): CallAudioRouteStateMachine: Message received: SWITCH_HEADSET=1003, arg1=0: WHC.oADA->CARSM.pM_CONNECT_WIRED_HEADSET->CARSM.pM_SWITCH_HEADSET@AAI
12-05 02:42:39.979 I/Telecom (  446): Logging.Events: Non-call EVENT: AUDIO_ROUTE, Leaving state QuiescentEarpieceRoute: WHC.oADA->CARSM.pM_CONNECT_WIRED_HEADSET->CARSM.pM_SWITCH_HEADSET@AAI
12-05 02:42:39.980 I/Telecom (  446): Logging.Events: Non-call EVENT: AUDIO_ROUTE, Entering state QuiescentHeadsetRoute: WHC.oADA->CARSM.pM_CONNECT_WIRED_HEADSET->CARSM.pM_SWITCH_HEADSET@AAI
12-05 02:42:39.998 D/OpenGLRenderer(  595): HWUI GL Pipeline
12-05 02:42:40.007 D/SystemUIBootTiming(  595): StartServicesDivider took to complete: 34ms
12-05 02:42:40.012 D/OpenGLRenderer(  880): HWUI GL Pipeline
12-05 02:42:40.016 D/PhoneSwitcherNetworkRequstListener(  700): Registering NetworkFactory
12-05 02:42:40.017 D/ConnectivityService(  446): Got NetworkFactory Messenger for PhoneSwitcherNetworkRequstListener
12-05 02:42:40.019 I/WifiService(  446): getVerboseLoggingLevel uid=10022
12-05 02:42:40.023 I/WifiService(  446): getWifiServiceMessenger uid=10022
12-05 02:42:40.027 D/ConnectivityService(  446): Got NetworkFactory Messenger for TelephonyNetworkFactory[0]
12-05 02:42:40.073 I/mali_so (  880): [File] : hardware/rockchip/mali_so_src_of_midgard/driver/product/base/src/mali_base_kbase.c; [Line] : 876; [Func] : base_context_deal_with_version_affairs_rk_ext;
12-05 02:42:40.073 I/mali_so (  880): arm_release_ver of this mali_so is 'r18p0-01rel0', rk_so_ver is '7@0'.
12-05 02:42:40.073 D/mali_so (  880): [File] : hardware/rockchip/mali_so_src_of_midgard/driver/product/base/src/mali_base_kbase.c; [Line] : 881; [Func] : base_context_deal_with_version_affairs_rk_ext;
12-05 02:42:40.073 D/mali_so (  880): current process is NOT sf, to bail out.
12-05 02:42:40.078 I/[Gralloc](  256): Got fd 16 for handle 1
12-05 02:42:40.079 E/ActivityThread(  700): Failed to find provider info for com.android.contacts
12-05 02:42:40.079 W/CallerInfoCache(  700): cursor is null
12-05 02:42:40.080 I/[Gralloc](  256): leave, w : 1200, h : 1920, format : 0x1,internal_format : 0x1, usage : 0x900. size=9216000,pixel_stride=1200,byte_stride=4800
12-05 02:42:40.080 I/[Gralloc](  256): leave: prime_fd=16,share_attr_fd=17
12-05 02:42:40.080 I/[Gralloc](  266): Got handle 9 for fd 82
12-05 02:42:40.080 I/[Gralloc](  266): leave, w : 1200, h : 1920, format : 0x1,internal_format : 0x1, usage : 0x900. size=9216000,pixel_stride=1200,byte_stride=4800
12-05 02:42:40.080 I/[Gralloc](  266): leave: prime_fd=82,share_attr_fd=83
12-05 02:42:40.082 I/zygote64(  880): android::hardware::configstore::V1_0::ISurfaceFlingerConfigs::hasWideColorDisplay retrieved: 0
12-05 02:42:40.082 I/OpenGLRenderer(  880): Initialized EGL, version 1.4
12-05 02:42:40.082 D/OpenGLRenderer(  880): Swap behavior 2
12-05 02:42:40.092 D/CarrierConfigLoader(  700): CarrierConfigLoader has started
12-05 02:42:40.094 I/[Gralloc](  256): Got fd 16 for handle 1
12-05 02:42:40.095 I/[Gralloc](  256): leave, w : 1200, h : 1920, format : 0x1,internal_format : 0x1, usage : 0x900. size=9216000,pixel_stride=1200,byte_stride=4800
12-05 02:42:40.095 I/[Gralloc](  256): leave: prime_fd=16,share_attr_fd=17
12-05 02:42:40.095 I/[Gralloc](  266): Got handle 10 for fd 86
12-05 02:42:40.095 I/[Gralloc](  266): leave, w : 1200, h : 1920, format : 0x1,internal_format : 0x1, usage : 0x900. size=9216000,pixel_stride=1200,byte_stride=4800
12-05 02:42:40.095 I/[Gralloc](  266): leave: prime_fd=86,share_attr_fd=87
12-05 02:42:40.097 D/BluetoothManagerService(  446): Trying to bind to profile: 1, while Bluetooth was disabled
12-05 02:42:40.106 I/[Gralloc](  256): Got fd 16 for handle 1
12-05 02:42:40.107 I/[Gralloc](  256): leave, w : 1200, h : 1920, format : 0x1,internal_format : 0x1, usage : 0x900. size=9216000,pixel_stride=1200,byte_stride=4800
12-05 02:42:40.107 I/[Gralloc](  256): leave: prime_fd=16,share_attr_fd=17
12-05 02:42:40.107 D/Tonal   (  595): Tonal Palette - index: 10. Main color: ffeb99a9
12-05 02:42:40.107 D/Tonal   (  595): Colors: ff130409, ff280813, ff3d0c1f, ff57112d, ff771741, ff961e47, ffb62456, ffc8527a, ffe06184, ffe57b95, ffeb99a9, fff3c4cc, fff9e1e7
12-05 02:42:40.107 I/[Gralloc](  266): Got handle 11 for fd 89
12-05 02:42:40.107 I/[Gralloc](  266): leave, w : 1200, h : 1920, format : 0x1,internal_format : 0x1, usage : 0x900. size=9216000,pixel_stride=1200,byte_stride=4800
12-05 02:42:40.107 I/[Gralloc](  266): leave: prime_fd=89,share_attr_fd=90
12-05 02:42:40.107 D/Tonal   (  595): Gradients: 
12-05 02:42:40.107 D/Tonal   (  595): 	Normal GradientColors(ffeb99a9, ffe06184)
12-05 02:42:40.107 D/Tonal   (  595): 	Dark GradientColors(ff57112d, ff280813)
12-05 02:42:40.107 D/Tonal   (  595): 	Extra dark: GradientColors(ff3d0c1f, ff130409)
12-05 02:42:40.108 D/Tonal   (  595): Tonal Palette - index: 10. Main color: ffeb99a9
12-05 02:42:40.108 D/Tonal   (  595): Colors: ff130409, ff280813, ff3d0c1f, ff57112d, ff771741, ff961e47, ffb62456, ffc8527a, ffe06184, ffe57b95, ffeb99a9, fff3c4cc, fff9e1e7
12-05 02:42:40.109 D/Tonal   (  595): Gradients: 
12-05 02:42:40.109 D/Tonal   (  595): 	Normal GradientColors(ffeb99a9, ffe06184)
12-05 02:42:40.109 D/Tonal   (  595): 	Dark GradientColors(ff57112d, ff280813)
12-05 02:42:40.109 D/Tonal   (  595): 	Extra dark: GradientColors(ff3d0c1f, ff130409)
12-05 02:42:40.117 I/TelecomFramework(  700): TtyManager: updateUiTtyMode -1 -> 0
12-05 02:42:40.119 I/[Gralloc](  256): Got fd 16 for handle 1
12-05 02:42:40.119 I/[Gralloc](  256): leave, w : 1200, h : 1920, format : 0x1,internal_format : 0x1, usage : 0x900. size=9216000,pixel_stride=1200,byte_stride=4800
12-05 02:42:40.119 I/[Gralloc](  256): leave: prime_fd=16,share_attr_fd=17
12-05 02:42:40.120 I/[Gralloc](  266): Got handle 12 for fd 60
12-05 02:42:40.120 I/[Gralloc](  266): leave, w : 1200, h : 1920, format : 0x1,internal_format : 0x1, usage : 0x900. size=9216000,pixel_stride=1200,byte_stride=4800
12-05 02:42:40.120 I/[Gralloc](  266): leave: prime_fd=60,share_attr_fd=92
12-05 02:42:40.121 D/mali_winsys(  880): EGLint new_window_surface(egl_winsys_display *, void *, EGLSurface, EGLConfig, egl_winsys_surface **, egl_color_buffer_format *, EGLBoolean) returns 0x3000
12-05 02:42:40.124 D/StatusBar(  595): disable<e i a s b h r c s q >
12-05 02:42:40.125 I/StatusBarManagerService(  446): registerStatusBar bar=com.android.internal.statusbar.IStatusBar$Stub$Proxy@55a85f9
12-05 02:42:40.127 D/ImsResolver(  700): maybeAddedImsService, packageName: null
12-05 02:42:40.147 D/ServiceStateProvider(  700): subId=-2
12-05 02:42:40.151 I/[Gralloc](  256): Got fd 16 for handle 1
12-05 02:42:40.152 I/[Gralloc](  256): leave, w : 1200, h : 1920, format : 0x1,internal_format : 0x1, usage : 0xb00. size=9216000,pixel_stride=1200,byte_stride=4800
12-05 02:42:40.152 I/[Gralloc](  256): leave: prime_fd=16,share_attr_fd=17
12-05 02:42:40.152 I/[Gralloc](  266): Got handle 12 for fd 93
12-05 02:42:40.152 I/[Gralloc](  266): leave, w : 1200, h : 1920, format : 0x1,internal_format : 0x1, usage : 0xb00. size=9216000,pixel_stride=1200,byte_stride=4800
12-05 02:42:40.152 I/[Gralloc](  266): leave: prime_fd=93,share_attr_fd=94
12-05 02:42:40.178 I/[Gralloc](  880): Got handle 1 for fd 62
12-05 02:42:40.178 I/[Gralloc](  880): leave, w : 1200, h : 1920, format : 0x1,internal_format : 0x1, usage : 0xb00. size=9216000,pixel_stride=1200,byte_stride=4800
12-05 02:42:40.178 I/[Gralloc](  880): leave: prime_fd=62,share_attr_fd=63
12-05 02:42:40.213 I/SecurityController(  595): could not bind to KeyChainService
12-05 02:42:40.258 I/CameraManagerGlobal(  595): Connecting to camera service
12-05 02:42:40.261 W/KeyguardServiceDelegate(  446): onScreenTurningOn(): no keyguard service!
12-05 02:42:40.262 I/ActivityManager(  446): Displayed com.android.settings/.FallbackHome: +401ms (total +957ms)
12-05 02:42:40.265 I/StatusBar(  595): isKeyguardShowing() called before startKeyguard(), returning true
12-05 02:42:40.268 W/StatusBar(  595): isKeyguardSecure() called before startKeyguard(), returning false
12-05 02:42:40.268 W/StatusBar(  595): java.lang.Throwable
12-05 02:42:40.268 W/StatusBar(  595): 	at com.android.systemui.statusbar.phone.StatusBar.isKeyguardSecure(StatusBar.java:7551)
12-05 02:42:40.268 W/StatusBar(  595): 	at com.android.systemui.statusbar.phone.StatusBar.isCameraAllowedByAdmin(StatusBar.java:5436)
12-05 02:42:40.268 W/StatusBar(  595): 	at com.android.systemui.statusbar.phone.KeyguardBottomAreaView$DefaultRightButton.getIcon(KeyguardBottomAreaView.java:856)
12-05 02:42:40.268 W/StatusBar(  595): 	at com.android.systemui.statusbar.phone.KeyguardBottomAreaView.updateCameraVisibility(KeyguardBottomAreaView.java:382)
12-05 02:42:40.268 W/StatusBar(  595): 	at com.android.systemui.statusbar.phone.KeyguardBottomAreaView.setStatusBar(KeyguardBottomAreaView.java:351)
12-05 02:42:40.268 W/StatusBar(  595): 	at com.android.systemui.statusbar.phone.NotificationPanelView.setStatusBar(NotificationPanelView.java:253)
12-05 02:42:40.268 W/StatusBar(  595): 	at com.android.systemui.statusbar.phone.StatusBar.makeStatusBarView(StatusBar.java:1019)
12-05 02:42:40.268 W/StatusBar(  595): 	at com.android.systemui.statusbar.phone.StatusBar.addStatusBarWindow(StatusBar.java:3664)
12-05 02:42:40.268 W/StatusBar(  595): 	at com.android.systemui.statusbar.phone.StatusBar.createAndAddWindows(StatusBar.java:3660)
12-05 02:42:40.268 W/StatusBar(  595): 	at com.android.systemui.statusbar.phone.StatusBar.start(StatusBar.java:889)
12-05 02:42:40.268 W/StatusBar(  595): 	at com.android.systemui.SystemBars.createStatusBarFromConfig(SystemBars.java:71)
12-05 02:42:40.268 W/StatusBar(  595): 	at com.android.systemui.SystemBars.start(SystemBars.java:42)
12-05 02:42:40.268 W/StatusBar(  595): 	at com.android.systemui.SystemUIApplication.startServicesIfNeeded(SystemUIApplication.java:215)
12-05 02:42:40.268 W/StatusBar(  595): 	at com.android.systemui.SystemUIApplication.startServicesIfNeeded(SystemUIApplication.java:164)
12-05 02:42:40.268 W/StatusBar(  595): 	at com.android.systemui.SystemUIService.onCreate(SystemUIService.java:33)
12-05 02:42:40.268 W/StatusBar(  595): 	at android.app.ActivityThread.handleCreateService(ActivityThread.java:3339)
12-05 02:42:40.268 W/StatusBar(  595): 	at android.app.ActivityThread.-wrap4(Unknown Source:0)
12-05 02:42:40.268 W/StatusBar(  595): 	at android.app.ActivityThread$H.handleMessage(ActivityThread.java:1677)
12-05 02:42:40.268 W/StatusBar(  595): 	at android.os.Handler.dispatchMessage(Handler.java:106)
12-05 02:42:40.268 W/StatusBar(  595): 	at android.os.Looper.loop(Looper.java:164)
12-05 02:42:40.268 W/StatusBar(  595): 	at android.app.ActivityThread.main(ActivityThread.java:6494)
12-05 02:42:40.268 W/StatusBar(  595): 	at java.lang.reflect.Method.invoke(Native Method)
12-05 02:42:40.268 W/StatusBar(  595): 	at com.android.internal.os.RuntimeInit$MethodAndArgsCaller.run(RuntimeInit.java:438)
12-05 02:42:40.268 W/StatusBar(  595): 	at com.android.internal.os.ZygoteInit.main(ZygoteInit.java:807)
12-05 02:42:40.268 D/PhoneSwitcherNetworkRequstListener(  700): got request NetworkRequest [ TRACK_DEFAULT id=5, [ Capabilities: INTERNET&NOT_RESTRICTED&TRUSTED&NOT_VPN] ] with score 0
12-05 02:42:40.268 D/PhoneSwitcherNetworkRequstListener(  700): got request NetworkRequest [ TRACK_DEFAULT id=3, [ Capabilities: INTERNET&NOT_RESTRICTED&TRUSTED&NOT_VPN] ] with score 0
12-05 02:42:40.269 D/PhoneSwitcherNetworkRequstListener(  700): got request NetworkRequest [ REQUEST id=1, [ Capabilities: INTERNET&NOT_RESTRICTED&TRUSTED&NOT_VPN] ] with score 0
12-05 02:42:40.269 D/PhoneSwitcherNetworkRequstListener(  700): got request NetworkRequest [ BACKGROUND_REQUEST id=2, [ Transports: CELLULAR Capabilities: INTERNET&NOT_RESTRICTED&TRUSTED&NOT_VPN] ] with score 0
12-05 02:42:40.269 D/TelephonyDebugService(  700): TelephonyDebugService()
12-05 02:42:40.270 D/CarrierConfigLoader(  700): mHandler: 12 phoneId: 0
12-05 02:42:40.274 E/PhoneInterfaceManager(  700): [PhoneIntfMgr] getIccId: No UICC
12-05 02:42:40.280 D/OpenGLRenderer(  700): HWUI GL Pipeline
12-05 02:42:40.284 W/Telecom (  446): : registerPhoneAccount not allowed on non-voice capable device.: TSI.rPA@AAY
12-05 02:42:40.285 I/TelecomFramework(  700): AccountEntry: Registered phoneAccount: [[ ] PhoneAccount: ComponentInfo{com.android.phone/com.android.services.telephony.TelephonyConnectionService}, [e0184adedf913b076626646d3f52c3b49c39ad6d], UserHandle{0} Capabilities: CallProvider MultiUser PlaceEmerg SimSub  Audio Routes: BESW Schemes: tel voicemail  Extras: Bundle[{android.telecom.extra.SUPPORTS_VIDEO_CALLING_FALLBACK=false}] GroupId: [da39a3ee5e6b4b0d3255bfef95601890afd80709]] with handle: ComponentInfo{com.android.phone/com.android.services.telephony.TelephonyConnectionService}, [e0184adedf913b076626646d3f52c3b49c39ad6d], UserHandle{0}
12-05 02:42:40.286 I/TelecomFramework(  700): PstnIncomingCallNotifier: Registering: Handler (com.android.internal.telephony.GsmCdmaPhone) {8fad164}
12-05 02:42:40.294 I/TelecomFramework(  700): PstnPhoneCapabilitiesNotifier: handleVideoCapabilitesChanged. Video capability - false
12-05 02:42:40.295 E/PhoneInterfaceManager(  700): [PhoneIntfMgr] getIccId: No UICC
12-05 02:42:40.304 W/Telecom (  446): : registerPhoneAccount not allowed on non-voice capable device.: TSI.rPA@AAk
12-05 02:42:40.308 I/StatusBar(  595): isKeyguardShowing() called before startKeyguard(), returning true
12-05 02:42:40.309 W/StatusBar(  595): isKeyguardSecure() called before startKeyguard(), returning false
12-05 02:42:40.309 W/StatusBar(  595): java.lang.Throwable
12-05 02:42:40.309 W/StatusBar(  595): 	at com.android.systemui.statusbar.phone.StatusBar.isKeyguardSecure(StatusBar.java:7551)
12-05 02:42:40.309 W/StatusBar(  595): 	at com.android.systemui.statusbar.phone.StatusBar.isCameraAllowedByAdmin(StatusBar.java:5436)
12-05 02:42:40.309 W/StatusBar(  595): 	at com.android.systemui.statusbar.phone.KeyguardBottomAreaView$DefaultRightButton.getIcon(KeyguardBottomAreaView.java:856)
12-05 02:42:40.309 W/StatusBar(  595): 	at com.android.systemui.statusbar.phone.KeyguardBottomAreaView.updateCameraVisibility(KeyguardBottomAreaView.java:382)
12-05 02:42:40.309 W/StatusBar(  595): 	at com.android.systemui.statusbar.phone.KeyguardBottomAreaView.setUserSetupComplete(KeyguardBottomAreaView.java:360)
12-05 02:42:40.309 W/StatusBar(  595): 	at com.android.systemui.statusbar.phone.NotificationPanelView.setUserSetupComplete(NotificationPanelView.java:2656)
12-05 02:42:40.309 W/StatusBar(  595): 	at com.android.systemui.statusbar.phone.StatusBar.makeStatusBarView(StatusBar.java:1162)
12-05 02:42:40.309 W/StatusBar(  595): 	at com.android.systemui.statusbar.phone.StatusBar.addStatusBarWindow(StatusBar.java:3664)
12-05 02:42:40.309 W/StatusBar(  595): 	at com.android.systemui.statusbar.phone.StatusBar.createAndAddWindows(StatusBar.java:3660)
12-05 02:42:40.309 W/StatusBar(  595): 	at com.android.systemui.statusbar.phone.StatusBar.start(StatusBar.java:889)
12-05 02:42:40.309 W/StatusBar(  595): 	at com.android.systemui.SystemBars.createStatusBarFromConfig(SystemBars.java:71)
12-05 02:42:40.309 W/StatusBar(  595): 	at com.android.systemui.SystemBars.start(SystemBars.java:42)
12-05 02:42:40.309 W/StatusBar(  595): 	at com.android.systemui.SystemUIApplication.startServicesIfNeeded(SystemUIApplication.java:215)
12-05 02:42:40.309 W/StatusBar(  595): 	at com.android.systemui.SystemUIApplication.startServicesIfNeeded(SystemUIApplication.java:164)
12-05 02:42:40.309 W/StatusBar(  595): 	at com.android.systemui.SystemUIService.onCreate(SystemUIService.java:33)
12-05 02:42:40.309 W/StatusBar(  595): 	at android.app.ActivityThread.handleCreateService(ActivityThread.java:3339)
12-05 02:42:40.309 W/StatusBar(  595): 	at android.app.ActivityThread.-wrap4(Unknown Source:0)
12-05 02:42:40.309 W/StatusBar(  595): 	at android.app.ActivityThread$H.handleMessage(ActivityThread.java:1677)
12-05 02:42:40.309 W/StatusBar(  595): 	at android.os.Handler.dispatchMessage(Handler.java:106)
12-05 02:42:40.309 W/StatusBar(  595): 	at android.os.Looper.loop(Looper.java:164)
12-05 02:42:40.309 W/StatusBar(  595): 	at android.app.ActivityThread.main(ActivityThread.java:6494)
12-05 02:42:40.309 W/StatusBar(  595): 	at java.lang.reflect.Method.invoke(Native Method)
12-05 02:42:40.309 W/StatusBar(  595): 	at com.android.internal.os.RuntimeInit$MethodAndArgsCaller.run(RuntimeInit.java:438)
12-05 02:42:40.309 W/StatusBar(  595): 	at com.android.internal.os.ZygoteInit.main(ZygoteInit.java:807)
12-05 02:42:40.328 D/LocalBluetoothProfileManager(  595): Adding local MAP profile
12-05 02:42:40.329 D/BluetoothMap(  595): Create BluetoothMap proxy object
12-05 02:42:40.330 E/BluetoothMap(  595): Could not bind to Bluetooth MAP Service with Intent { act=android.bluetooth.IBluetoothMap }
12-05 02:42:40.331 E/BluetoothPbap(  595): Could not bind to Bluetooth Pbap Service with Intent { act=android.bluetooth.IBluetoothPbap }
12-05 02:42:40.331 D/LocalBluetoothProfileManager(  595): LocalBluetoothProfileManager construction complete
12-05 02:42:40.348 D/OpenGLRenderer(  595): profile bars disabled
12-05 02:42:40.348 D/OpenGLRenderer(  595): ambientRatio = 1.50
12-05 02:42:40.354 D/StatusBar(  595): disable<e i a s b h r c s q >
12-05 02:42:40.374 D/StatusBar(  595): heads up is enabled
12-05 02:42:40.384 E/ActivityThread(  595): Failed to find provider info for com.android.contacts
12-05 02:42:40.386 D/SystemUIBootTiming(  595): StartServicesSystemBars took to complete: 378ms
12-05 02:42:40.391 D/StorageNotification(  595): Notifying about private volume: VolumeInfo{private}:
12-05 02:42:40.391 D/StorageNotification(  595):     type=PRIVATE diskId=null partGuid=null mountFlags=0 mountUserId=-1 
12-05 02:42:40.391 D/StorageNotification(  595):     state=MOUNTED 
12-05 02:42:40.391 D/StorageNotification(  595):     fsType=null fsUuid=null fsLabel=null 
12-05 02:42:40.391 D/StorageNotification(  595):     path=/data internalPath=null 
12-05 02:42:40.395 D/SystemUIBootTiming(  595): StartServicesStorageNotification took to complete: 9ms
12-05 02:42:40.400 D/SystemUIBootTiming(  595): StartServicesPowerUI took to complete: 5ms
12-05 02:42:40.401 D/SystemUIBootTiming(  595): StartServicesRingtonePlayer took to complete: 1ms
12-05 02:42:40.403 D/SystemUIBootTiming(  595): StartServicesKeyboardUI took to complete: 2ms
12-05 02:42:40.418 D/SystemUIBootTiming(  595): StartServicesPipUI took to complete: 15ms
12-05 02:42:40.420 D/SystemUIBootTiming(  595): StartServicesShortcutKeyDispatcher took to complete: 1ms
12-05 02:42:40.420 D/SystemUIBootTiming(  595): StartServicesVendorServices took to complete: 0ms
12-05 02:42:40.421 D/SystemUIBootTiming(  595): StartServicesService took to complete: 0ms
12-05 02:42:40.422 D/SystemUIBootTiming(  595): StartServicesLatencyTester took to complete: 2ms
12-05 02:42:40.424 D/SystemUIBootTiming(  595): StartServicesGlobalActionsComponent took to complete: 1ms
12-05 02:42:40.426 D/SystemUIBootTiming(  595): StartServicesRoundedCorners took to complete: 3ms
12-05 02:42:40.426 D/SystemUIBootTiming(  595): StartServices took to complete: 1001ms
12-05 02:42:40.435 V/MediaRouter(  595): Audio routes updated: AudioRoutesInfo{ type=HEADPHONES }, a2dp=false
12-05 02:42:40.435 V/MediaRouter(  595): Selecting route: RouteInfo{ name=Headphones, description=null, status=null, category=RouteCategory{ name=System types=ROUTE_TYPE_LIVE_AUDIO ROUTE_TYPE_LIVE_VIDEO  groupable=false }, supportedTypes=ROUTE_TYPE_LIVE_AUDIO ROUTE_TYPE_LIVE_VIDEO , presentationDisplay=null }
12-05 02:42:40.460 D/ShutdownTiming(  446): SendShutdownBroadcast took to complete: 702ms
12-05 02:42:40.460 I/ShutdownThread(  446): Shutting down activity manager...
12-05 02:42:40.505 I/[Gralloc](  256): Got fd 16 for handle 1
12-05 02:42:40.506 I/[Gralloc](  256): leave, w : 1200, h : 1920, format : 0x1,internal_format : 0x1, usage : 0xb00. size=9216000,pixel_stride=1200,byte_stride=4800
12-05 02:42:40.506 I/[Gralloc](  256): leave: prime_fd=16,share_attr_fd=17
12-05 02:42:40.506 I/[Gralloc](  266): Got handle 11 for fd 90
12-05 02:42:40.506 I/[Gralloc](  266): leave, w : 1200, h : 1920, format : 0x1,internal_format : 0x1, usage : 0xb00. size=9216000,pixel_stride=1200,byte_stride=4800
12-05 02:42:40.506 I/[Gralloc](  266): leave: prime_fd=90,share_attr_fd=91
12-05 02:42:40.507 I/[Gralloc](  880): Got handle 2 for fd 66
12-05 02:42:40.507 I/[Gralloc](  880): leave, w : 1200, h : 1920, format : 0x1,internal_format : 0x1, usage : 0xb00. size=9216000,pixel_stride=1200,byte_stride=4800
12-05 02:42:40.507 I/[Gralloc](  880): leave: prime_fd=66,share_attr_fd=67
12-05 02:42:40.522 I/zygote64(  446): Background concurrent copying GC freed 16838(1476KB) AllocSpace objects, 3(124KB) LOS objects, 42% free, 5MB/10MB, paused 58us total 111.837ms
12-05 02:42:40.582 I/mali_so (  595): [File] : hardware/rockchip/mali_so_src_of_midgard/driver/product/base/src/mali_base_kbase.c; [Line] : 876; [Func] : base_context_deal_with_version_affairs_rk_ext;
12-05 02:42:40.582 I/mali_so (  595): arm_release_ver of this mali_so is 'r18p0-01rel0', rk_so_ver is '7@0'.
12-05 02:42:40.582 D/mali_so (  595): [File] : hardware/rockchip/mali_so_src_of_midgard/driver/product/base/src/mali_base_kbase.c; [Line] : 881; [Func] : base_context_deal_with_version_affairs_rk_ext;
12-05 02:42:40.582 D/mali_so (  595): current process is NOT sf, to bail out.
12-05 02:42:40.583 I/[Gralloc](  256): Got fd 16 for handle 1
12-05 02:42:40.583 I/[Gralloc](  256): leave, w : 1200, h : 84, format : 0x1,internal_format : 0x1, usage : 0x900. size=403200,pixel_stride=1200,byte_stride=4800
12-05 02:42:40.583 I/[Gralloc](  256): leave: prime_fd=16,share_attr_fd=17
12-05 02:42:40.583 I/[Gralloc](  266): Got handle 13 for fd 98
12-05 02:42:40.583 I/[Gralloc](  266): leave, w : 1200, h : 84, format : 0x1,internal_format : 0x1, usage : 0x900. size=403200,pixel_stride=1200,byte_stride=4800
12-05 02:42:40.583 I/[Gralloc](  266): leave: prime_fd=98,share_attr_fd=99
12-05 02:42:40.584 I/[Gralloc](  256): Got fd 16 for handle 1
12-05 02:42:40.585 I/[Gralloc](  256): leave, w : 1200, h : 84, format : 0x1,internal_format : 0x1, usage : 0x900. size=403200,pixel_stride=1200,byte_stride=4800
12-05 02:42:40.585 I/[Gralloc](  256): leave: prime_fd=16,share_attr_fd=17
12-05 02:42:40.585 I/[Gralloc](  266): Got handle 14 for fd 101
12-05 02:42:40.586 I/[Gralloc](  266): leave, w : 1200, h : 84, format : 0x1,internal_format : 0x1, usage : 0x900. size=403200,pixel_stride=1200,byte_stride=4800
12-05 02:42:40.586 I/[Gralloc](  266): leave: prime_fd=101,share_attr_fd=102
12-05 02:42:40.587 I/[Gralloc](  256): Got fd 16 for handle 1
12-05 02:42:40.588 I/[Gralloc](  256): leave, w : 1200, h : 84, format : 0x1,internal_format : 0x1, usage : 0x900. size=403200,pixel_stride=1200,byte_stride=4800
12-05 02:42:40.588 I/[Gralloc](  256): leave: prime_fd=16,share_attr_fd=17
12-05 02:42:40.588 I/[Gralloc](  266): Got handle 15 for fd 104
12-05 02:42:40.588 I/[Gralloc](  266): leave, w : 1200, h : 84, format : 0x1,internal_format : 0x1, usage : 0x900. size=403200,pixel_stride=1200,byte_stride=4800
12-05 02:42:40.588 I/[Gralloc](  266): leave: prime_fd=104,share_attr_fd=105
12-05 02:42:40.589 I/[Gralloc](  256): Got fd 16 for handle 1
12-05 02:42:40.590 I/[Gralloc](  256): leave, w : 1200, h : 84, format : 0x1,internal_format : 0x1, usage : 0x900. size=403200,pixel_stride=1200,byte_stride=4800
12-05 02:42:40.590 I/[Gralloc](  256): leave: prime_fd=16,share_attr_fd=17
12-05 02:42:40.590 I/[Gralloc](  266): Got handle 16 for fd 107
12-05 02:42:40.590 I/[Gralloc](  266): leave, w : 1200, h : 84, format : 0x1,internal_format : 0x1, usage : 0x900. size=403200,pixel_stride=1200,byte_stride=4800
12-05 02:42:40.590 I/[Gralloc](  266): leave: prime_fd=107,share_attr_fd=108
12-05 02:42:40.591 D/ViewRootImpl[StatusBar](  595): changeCanvasOpacity: opaque=true
12-05 02:42:40.592 I/zygote64(  595): android::hardware::configstore::V1_0::ISurfaceFlingerConfigs::hasWideColorDisplay retrieved: 0
12-05 02:42:40.593 I/OpenGLRenderer(  595): Initialized EGL, version 1.4
12-05 02:42:40.593 D/OpenGLRenderer(  595): Swap behavior 2
12-05 02:42:40.605 W/AppOps  (  446): Writing app ops before shutdown...
12-05 02:42:40.606 D/mali_winsys(  595): EGLint new_window_surface(egl_winsys_display *, void *, EGLSurface, EGLConfig, egl_winsys_surface **, egl_color_buffer_format *, EGLBoolean) returns 0x3000
12-05 02:42:40.615 I/UsageStatsService(  446): User[0] Flushing usage stats to disk
12-05 02:42:40.639 W/BatteryStats(  446): Writing battery stats before shutdown...
12-05 02:42:40.640 I/WifiService(  446): requestActivityInfo uid=1000
12-05 02:42:40.640 I/WifiService(  446): reportActivityInfo uid=1000
12-05 02:42:40.640 I/WifiService(  446): getSupportedFeatures uid=1000
12-05 02:42:40.642 E/BatteryExternalStatsWorker(  446): no controller energy info supplied for wifi
12-05 02:42:40.642 E/BatteryExternalStatsWorker(  446): no controller energy info supplied for bluetooth
12-05 02:42:40.643 E/PhoneInterfaceManager(  700): [PhoneIntfMgr] queryModemActivityInfo: Empty response
12-05 02:42:40.648 E/KernelUidCpuFreqTimeReader(  446): Failed to read /proc/uid_time_in_state: java.io.FileNotFoundException: /proc/uid_time_in_state (No such file or directory)
12-05 02:42:40.656 E/BatteryExternalStatsWorker(  446): modem info is invalid: ModemActivityInfo{ mTimestamp=0 mSleepTimeMs=0 mIdleTimeMs=0 mTxTimeMs[]=[0, 0, 0, 0, 0] mRxTimeMs=0 mEnergyUsed=0}
12-05 02:42:40.656 E/ActivityThread(  595): Failed to find provider info for com.android.contacts
12-05 02:42:40.663 W/ProcessStatsService(  446): Writing process stats before shutdown...
12-05 02:42:40.666 I/ProcessStatsService(  446): Pruning old procstats: /data/system/procstats/state-2018-12-05-02-42-23.bin
12-05 02:42:40.667 D/ShutdownTiming(  446): ShutdownActivityManager took to complete: 207ms
12-05 02:42:40.668 I/ShutdownThread(  446): Shutting down package manager...
12-05 02:42:40.674 E/ActivityThread(  595): Failed to find provider info for com.android.contacts
12-05 02:42:40.678 D/ShutdownTiming(  446): ShutdownPackageManager took to complete: 10ms
12-05 02:42:40.680 V/PhoneInterfaceManager(  700): [PhoneIntfMgr] 1 Phones are shutdown.
12-05 02:42:40.680 I/ShutdownThread(  446): Waiting for NFC, Bluetooth and Radio...
12-05 02:42:40.681 I/ShutdownThread(  446): NFC, Radio and Bluetooth shutdown complete.
12-05 02:42:40.681 D/ShutdownTiming(  446): ShutdownRadios took to complete: 3ms
12-05 02:42:40.681 I/ShutdownThread(  446): Shutting down StorageManagerService
12-05 02:42:40.682 I/StorageManagerService(  446): Shutting down
12-05 02:42:40.683 D/VoldConnector(  446): SND -> {6 volume shutdown}
12-05 02:42:40.684 D/VoldConnector(  446): RCV <- {651 emulated 5}
12-05 02:42:40.723 I/[Gralloc](  256): Got fd 16 for handle 1
12-05 02:42:40.724 I/[Gralloc](  256): leave, w : 1200, h : 42, format : 0x1,internal_format : 0x1, usage : 0x900. size=201600,pixel_stride=1200,byte_stride=4800
12-05 02:42:40.724 I/[Gralloc](  256): leave: prime_fd=16,share_attr_fd=17
12-05 02:42:40.724 I/[Gralloc](  266): Got handle 17 for fd 110
12-05 02:42:40.724 I/[Gralloc](  266): leave, w : 1200, h : 42, format : 0x1,internal_format : 0x1, usage : 0x900. size=201600,pixel_stride=1200,byte_stride=4800
12-05 02:42:40.724 I/[Gralloc](  266): leave: prime_fd=110,share_attr_fd=111
12-05 02:42:40.724 I/[Gralloc](  256): Got fd 16 for handle 1
12-05 02:42:40.725 I/[Gralloc](  256): leave, w : 1200, h : 42, format : 0x1,internal_format : 0x1, usage : 0x900. size=201600,pixel_stride=1200,byte_stride=4800
12-05 02:42:40.725 I/[Gralloc](  256): leave: prime_fd=16,share_attr_fd=17
12-05 02:42:40.725 I/[Gralloc](  266): Got handle 18 for fd 114
12-05 02:42:40.725 I/[Gralloc](  266): leave, w : 1200, h : 42, format : 0x1,internal_format : 0x1, usage : 0x900. size=201600,pixel_stride=1200,byte_stride=4800
12-05 02:42:40.725 I/[Gralloc](  266): leave: prime_fd=114,share_attr_fd=115
12-05 02:42:40.726 I/[Gralloc](  256): Got fd 16 for handle 1
12-05 02:42:40.727 I/[Gralloc](  256): leave, w : 1200, h : 42, format : 0x1,internal_format : 0x1, usage : 0x900. size=201600,pixel_stride=1200,byte_stride=4800
12-05 02:42:40.727 I/[Gralloc](  256): leave: prime_fd=16,share_attr_fd=17
12-05 02:42:40.727 I/[Gralloc](  266): Got handle 19 for fd 117
12-05 02:42:40.727 I/[Gralloc](  266): leave, w : 1200, h : 42, format : 0x1,internal_format : 0x1, usage : 0x900. size=201600,pixel_stride=1200,byte_stride=4800
12-05 02:42:40.727 I/[Gralloc](  266): leave: prime_fd=117,share_attr_fd=118
12-05 02:42:40.728 I/[Gralloc](  256): Got fd 16 for handle 1
12-05 02:42:40.728 I/[Gralloc](  256): leave, w : 1200, h : 42, format : 0x1,internal_format : 0x1, usage : 0x900. size=201600,pixel_stride=1200,byte_stride=4800
12-05 02:42:40.728 I/[Gralloc](  256): leave: prime_fd=16,share_attr_fd=17
12-05 02:42:40.728 I/[Gralloc](  266): Got handle 20 for fd 121
12-05 02:42:40.728 I/[Gralloc](  266): leave, w : 1200, h : 42, format : 0x1,internal_format : 0x1, usage : 0x900. size=201600,pixel_stride=1200,byte_stride=4800
12-05 02:42:40.728 I/[Gralloc](  266): leave: prime_fd=121,share_attr_fd=122
12-05 02:42:40.729 D/mali_winsys(  595): EGLint new_window_surface(egl_winsys_display *, void *, EGLSurface, EGLConfig, egl_winsys_surface **, egl_color_buffer_format *, EGLBoolean) returns 0x3000
12-05 02:42:40.734 D/WifiService(  446): New client listening to asynchronous messages
12-05 02:42:40.871 I/zygote64(  595): Do partial code cache collection, code=28KB, data=24KB
12-05 02:42:40.872 I/zygote64(  595): After code cache collection, code=28KB, data=24KB
12-05 02:42:40.872 I/zygote64(  595): Increasing code cache capacity to 128KB
12-05 02:42:40.912 V/StatusBar/NavBarView(  595): PW=1200, PH=1920
12-05 02:42:40.955 D/VoldConnector(  446): RCV <- {651 emulated 0}
12-05 02:42:40.955 D/VoldConnector(  446): RCV <- {651 emulated 8}
12-05 02:42:40.956 D/VoldConnector(  446): RCV <- {659 emulated}
12-05 02:42:40.956 D/VoldConnector(  446): RCV <- {200 6 Command succeeded}
12-05 02:42:40.957 W/ShutdownThread(  446): Result code 0 from StorageManagerService.shutdown
12-05 02:42:40.957 D/ShutdownTiming(  446): ShutdownStorageManager took to complete: 276ms
12-05 02:42:40.957 D/ShutdownTiming(  446): SystemServerShutdown took to complete: 1202ms
12-05 02:42:40.960 E/VibratorService(  446): vibratorOff command failed (1).
12-05 02:42:40.962 W//system/bin/hwservicemanager(  229): getTransport: Cannot find entry android.hardware.vibrator@1.0::IVibrator/default in either framework or device manifest.
12-05 02:42:40.962 E/VibratorService(  446): vibratorOn command failed (1).
12-05 02:42:40.983 I/PowerUI.Notification(  595): show low battery warning: level=0 [-2] playSound=true
12-05 02:42:40.994 D/ZenLog  (  446): disable_effects: -1|com.android.systemui|3|low_battery|10022,booleanState
12-05 02:42:41.034 I/Choreographer(  595): Skipped 32 frames!  The application may be doing too much work on its main thread.
12-05 02:42:41.051 I/[Gralloc](  256): Got fd 16 for handle 1
12-05 02:42:41.052 I/[Gralloc](  256): leave, w : 1200, h : 84, format : 0x1,internal_format : 0x1, usage : 0xb00. size=403200,pixel_stride=1200,byte_stride=4800
12-05 02:42:41.052 I/[Gralloc](  256): leave: prime_fd=16,share_attr_fd=17
12-05 02:42:41.052 I/[Gralloc](  266): Got handle 16 for fd 108
12-05 02:42:41.052 I/[Gralloc](  266): leave, w : 1200, h : 84, format : 0x1,internal_format : 0x1, usage : 0xb00. size=403200,pixel_stride=1200,byte_stride=4800
