12-05 02:42:37.995 I/InputReader(  446): Device added: id=0, name='rk29-keypad', sources=0x00002103
12-05 02:42:38.019 D/SystemServerTiming(  446): StartInputMethodManagerLifecycle took to complete: 28ms
12-05 02:42:38.019 I/SystemServer(  446): StartAccessibilityManagerService
12-05 02:42:38.031 D/SystemServerTiming(  446): StartAccessibilityManagerService took to complete: 12ms
12-05 02:42:38.032 I/SystemServer(  446): MakeDisplayReady
12-05 02:42:38.035 I/ActivityManager(  446): Config changes=5df8 {1.0 ?mcc?mnc [en_US] ldltr sw685dp w685dp h1097dp 280dpi lrg port ?uimode ?night -touch -keyb/v/h -nav/h appBounds=Rect(0, 0 - 1200, 1920) s.2}
12-05 02:42:38.045 I/ActivityManager(  446): Override config changes=40007dfc {1.0 ?mcc?mnc [en_US] ldltr sw685dp w685dp h1097dp 280dpi lrg port ?uimode ?night -touch -keyb/v/h -nav/h appBounds=Rect(0, 0 - 1200, 1920) s.2} for displayId=0
12-05 02:42:38.066 I/ActivityManager(  446): Config changes=408 {1.0 ?mcc?mnc [en_US] ldltr sw685dp w685dp h1025dp 280dpi lrg port ?uimode ?night finger -keyb/v/h -nav/h appBounds=Rect(0, 0 - 1200, 1836) s.3}
12-05 02:42:38.072 I/ActivityManager(  446): Override config changes=408 {1.0 ?mcc?mnc [en_US] ldltr sw685dp w685dp h1025dp 280dpi lrg port ?uimode ?night finger -keyb/v/h -nav/h appBounds=Rect(0, 0 - 1200, 1836) s.3} for displayId=0
12-05 02:42:38.072 I/InputReader(  446): Reconfiguring input devices.  changes=0x00000004
12-05 02:42:38.072 I/InputReader(  446): Device reconfigured: id=2, name='gslX680', size 1200x1920, orientation 0, mode 1, display id 0
12-05 02:42:38.075 I/InputReader(  446): Reconfiguring input devices.  changes=0x00000004
12-05 02:42:38.075 D/SystemServerTiming(  446): MakeDisplayReady took to complete: 43ms
12-05 02:42:38.075 I/SystemServer(  446): StartStorageManagerService
12-05 02:42:38.075 I/SystemServiceManager(  446): Starting com.android.server.StorageManagerService$Lifecycle
12-05 02:42:38.077 I/UsageStatsService(  446): User[0] Rollover scheduled @ 2018-12-06 02:29:04(1544063344200)
12-05 02:42:38.085 D/SystemServerTiming(  446): StartStorageManagerService took to complete: 10ms
12-05 02:42:38.085 I/SystemServer(  446): StartStorageStatsService
12-05 02:42:38.085 D/StorageManagerService(  446): Thinking about init, mSystemReady=false, mDaemonConnected=true
12-05 02:42:38.085 D/StorageManagerService(  446): Thinking about reset, mSystemReady=false, mDaemonConnected=true
12-05 02:42:38.085 D/StorageManagerService(  446): Thinking about init, mSystemReady=false, mDaemonConnected=true
12-05 02:42:38.085 D/StorageManagerService(  446): Thinking about reset, mSystemReady=false, mDaemonConnected=true
12-05 02:42:38.085 I/SystemServiceManager(  446): Starting com.android.server.usage.StorageStatsService$Lifecycle
12-05 02:42:38.086 D/CryptdConnector(  446): SND -> {1 cryptfs getfield SystemLocale}
12-05 02:42:38.090 D/SystemServerTiming(  446): StartStorageStatsService took to complete: 4ms
12-05 02:42:38.090 I/SystemServer(  446): StartUiModeManager
12-05 02:42:38.091 I/SystemServiceManager(  446): Starting com.android.server.UiModeManagerService
12-05 02:42:38.093 D/SystemServerInitThreadPool(  446): Started executing UiModeManager.onStart
12-05 02:42:38.093 I/ActivityManager(  446): Config changes=200 {1.0 ?mcc?mnc [en_US] ldltr sw685dp w685dp h1025dp 280dpi lrg port finger -keyb/v/h -nav/h appBounds=Rect(0, 0 - 1200, 1836) s.4}
12-05 02:42:38.094 D/SystemServerTiming(  446): StartUiModeManager took to complete: 3ms
12-05 02:42:38.094 I/SystemServer(  446): UpdatePackagesIfNeeded
12-05 02:42:38.094 D/SystemServerTiming(  446): UpdatePackagesIfNeeded took to complete: 0ms
12-05 02:42:38.094 I/SystemServer(  446): PerformFstrimIfNeeded
12-05 02:42:38.094 D/CryptdConnector(  446): RCV <- {200 1 -1}
12-05 02:42:38.095 D/SystemServerTiming(  446): PerformFstrimIfNeeded took to complete: 1ms
12-05 02:42:38.095 I/SystemServer(  446): StartLockSettingsService
12-05 02:42:38.096 W/StorageManagerService(  446): No primary storage mounted!
12-05 02:42:38.096 D/VoldConnector(  446): SND -> {1 asec list}
12-05 02:42:38.096 I/SystemServiceManager(  446): Starting com.android.server.locksettings.LockSettingsService$Lifecycle
12-05 02:42:38.096 D/VoldConnector(  446): RCV <- {200 1 asec operation succeeded}
12-05 02:42:38.097 I/PackageManager(  446): No secure containers found
12-05 02:42:38.105 I/ActivityManager(  446): Override config changes=200 {1.0 ?mcc?mnc [en_US] ldltr sw685dp w685dp h1025dp 280dpi lrg port finger -keyb/v/h -nav/h appBounds=Rect(0, 0 - 1200, 1836) s.4} for displayId=0
12-05 02:42:38.108 D/SystemServerInitThreadPool(  446): Finished executing UiModeManager.onStart
12-05 02:42:38.112 D/SystemServerTiming(  446): StartLockSettingsService took to complete: 17ms
12-05 02:42:38.123 I/zygote64(  446): Looking for service android.hardware.oemlock@1.0::IOemLock/default
12-05 02:42:38.124 W//system/bin/hwservicemanager(  229): getTransport: Cannot find entry android.hardware.oemlock@1.0::IOemLock/default in either framework or device manifest.
12-05 02:42:38.125 E/zygote64(  446): service android.hardware.oemlock@1.0::IOemLock declares transport method EMPTY but framework expects hwbinder.
12-05 02:42:38.125 I/OemLock (  446): OemLock HAL not present on device
12-05 02:42:38.125 I/SystemServer(  446): StartDeviceIdleController
12-05 02:42:38.127 I/SystemServiceManager(  446): Starting com.android.server.DeviceIdleController
12-05 02:42:38.128 I/Zygote  (  372): ...preloaded 4715 classes in 391ms.
12-05 02:42:38.128 I/zygote  (  372): VMRuntime.preloadDexCaches starting
12-05 02:42:38.134 I/adbd    (  504): functionfs successfully initialized
12-05 02:42:38.134 I/adbd    (  504): registering usb transport
12-05 02:42:38.144 W/StorageManagerService(  446): No primary storage defined yet; hacking together a stub
12-05 02:42:38.145 W/StorageManagerService(  446): No primary storage defined yet; hacking together a stub
12-05 02:42:38.145 D/SystemServerTiming(  446): StartDeviceIdleController took to complete: 20ms
12-05 02:42:38.145 I/SystemServer(  446): StartDevicePolicyManager
12-05 02:42:38.145 I/SystemServiceManager(  446): Starting com.android.server.devicepolicy.DevicePolicyManagerService$Lifecycle
12-05 02:42:38.146 W/StorageManagerService(  446): No primary storage mounted!
12-05 02:42:38.146 D/VoldConnector(  446): SND -> {2 asec list}
12-05 02:42:38.147 D/VoldConnector(  446): RCV <- {200 2 asec operation succeeded}
12-05 02:42:38.156 D/SystemServerTiming(  446): StartDevicePolicyManager took to complete: 11ms
12-05 02:42:38.156 I/SystemServer(  446): StartStatusBarManagerService
12-05 02:42:38.160 D/SystemServerTiming(  446): StartStatusBarManagerService took to complete: 4ms
12-05 02:42:38.160 I/SystemServer(  446): StartClipboardService
12-05 02:42:38.161 I/SystemServiceManager(  446): Starting com.android.server.clipboard.ClipboardService
12-05 02:42:38.162 D/SystemServerTiming(  446): StartClipboardService took to complete: 2ms
12-05 02:42:38.163 I/SystemServer(  446): StartNetworkManagementService
12-05 02:42:38.166 I/NetworkManagement(  446): onDaemonConnected()
12-05 02:42:38.169 D/SystemServerTiming(  446): StartNetworkManagementService took to complete: 6ms
12-05 02:42:38.169 I/SystemServer(  446): StartTextServicesManager
12-05 02:42:38.169 I/SystemServiceManager(  446): Starting com.android.server.TextServicesManagerService$Lifecycle
12-05 02:42:38.197 I/zygote  (  372): VMRuntime.preloadDexCaches strings total=313893 before=10351 after=10351
12-05 02:42:38.197 I/zygote  (  372): VMRuntime.preloadDexCaches types total=26714 before=5516 after=5518
12-05 02:42:38.197 I/zygote  (  372): VMRuntime.preloadDexCaches fields total=127159 before=5508 after=5538
12-05 02:42:38.198 I/zygote  (  372): VMRuntime.preloadDexCaches methods total=225798 before=9943 after=9943
12-05 02:42:38.198 I/zygote  (  372): VMRuntime.preloadDexCaches finished
12-05 02:42:38.198 D/ZygoteInitTiming_lazy(  372): PreloadClasses took to complete: 460ms
12-05 02:42:38.201 D/SystemServerTiming(  446): StartTextServicesManager took to complete: 33ms
12-05 02:42:38.201 I/SystemServer(  446): StartNetworkScoreService
12-05 02:42:38.207 D/SystemServerTiming(  446): StartNetworkScoreService took to complete: 5ms
12-05 02:42:38.207 I/SystemServer(  446): StartNetworkStatsService
12-05 02:42:38.215 D/SystemServerTiming(  446): StartNetworkStatsService took to complete: 8ms
12-05 02:42:38.215 I/SystemServer(  446): StartNetworkPolicyManagerService
12-05 02:42:38.220 I/ServiceThread(  446): Enabled StrictMode logging for NetworkPolicy.uid looper.
12-05 02:42:38.221 D/SystemServerTiming(  446): StartNetworkPolicyManagerService took to complete: 6ms
12-05 02:42:38.221 I/SystemServer(  446): StartWifi
12-05 02:42:38.239 I/SystemServiceManager(  446): Starting com.android.server.wifi.WifiService
12-05 02:42:38.260 I/Zygote  (  372): Preloading resources...
12-05 02:42:38.287 W/WifiCountryCode(  446): config_wifi_revert_country_code_on_cellular_loss is set, but there is no default country code.
12-05 02:42:38.288 D/WifiApConfigStore(  446): 2G band allowed channels are:1,6,11
12-05 02:42:38.293 W/Resources(  372): Preloaded drawable resource #0x1080264 (android:drawable/dialog_background_material) that varies with configuration!!
12-05 02:42:38.294 D/SystemServerTimingAsync(  446): AppDataPrepare took to complete: 597ms
12-05 02:42:38.294 I/PackageManager(  446): Deferred reconcileAppsData finished 64 packages
12-05 02:42:38.294 D/SystemServerInitThreadPool(  446): Finished executing prepareAppData
12-05 02:42:38.320 I/Zygote  (  372): ...preloaded 64 resources in 59ms.
12-05 02:42:38.323 W/Resources(  372): Preloaded color resource #0x1060053 (android:color/btn_default_material_dark) that varies with configuration!!
12-05 02:42:38.324 I/Zygote  (  372): ...preloaded 41 resources in 4ms.
12-05 02:42:38.324 D/ZygoteInitTiming_lazy(  372): PreloadResources took to complete: 126ms
12-05 02:42:38.332 E/HalDeviceManager(  446): isSupported: called but mServiceManager is null!?
12-05 02:42:38.332 E/IpManager.wlan0(  446): ERROR Failed to disable IPv6: java.lang.IllegalStateException: command '1 interface ipv6 wlan0 disable' failed with '400 1 Failed to change IPv6 state (No such file or directory)'
12-05 02:42:38.332 I/WifiNative-wlan0(  446): Vendor HAL not supported, Ignore stop...
12-05 02:42:38.332 D/WificondControl(  446): tearing down interfaces in wificond
12-05 02:42:38.333 D/CommandListener(  382): Clearing all IP addresses on wlan0
12-05 02:42:38.349 D/WifiController(  446): isAirplaneModeOn = false, isWifiEnabled = false, isScanningAvailable = false
12-05 02:42:38.352 I/WifiService(  446): getVerboseLoggingLevel uid=1000
12-05 02:42:38.353 E/SupplicantStaIfaceHal(  446): Can't call setDebugParams, ISupplicant is null
12-05 02:42:38.354 W/WifiDiags(  446): no ring buffers found
12-05 02:42:38.354 W/WifiDiags(  446): Failed to start packet fate monitoring
12-05 02:42:38.354 I/WifiService(  446): Registering wifi
12-05 02:42:38.355 D/SystemServerTiming(  446): StartWifi took to complete: 134ms
12-05 02:42:38.355 I/SystemServer(  446): StartWifiScanning
12-05 02:42:38.358 I/SystemServiceManager(  446): Starting com.android.server.wifi.scanner.WifiScanningService
12-05 02:42:38.359 I/WifiScanningService(  446): Creating wifiscanner
12-05 02:42:38.360 I/WifiScanningService(  446): Publishing wifiscanner
12-05 02:42:38.361 D/SystemServerTiming(  446): StartWifiScanning took to complete: 6ms
12-05 02:42:38.361 I/SystemServer(  446): StartWifiRtt
12-05 02:42:38.362 I/SystemServiceManager(  446): Starting com.android.server.wifi.RttService
12-05 02:42:38.363 I/RttService(  446): Creating rttmanager
12-05 02:42:38.364 I/RttService(  446): Starting rttmanager
12-05 02:42:38.365 D/SystemServerTiming(  446): StartWifiRtt took to complete: 3ms
12-05 02:42:38.365 I/SystemServer(  446): No Wi-Fi Aware Service (Aware support Not Present)
12-05 02:42:38.365 I/SystemServer(  446): StartWifiP2P
12-05 02:42:38.365 I/SystemServiceManager(  446): Starting com.android.server.wifi.p2p.WifiP2pService
12-05 02:42:38.372 I/WifiP2pService(  446): Registering wifip2p
12-05 02:42:38.373 D/SystemServerTiming(  446): StartWifiP2P took to complete: 8ms
12-05 02:42:38.373 I/SystemServer(  446): StartEthernet
12-05 02:42:38.374 I/SystemServiceManager(  446): Starting com.android.server.ethernet.EthernetService
12-05 02:42:38.374 I/EthernetServiceImpl(  446): Creating EthernetConfigStore
12-05 02:42:38.375 E/IpConfigStore(  446): Error opening configuration file: java.io.FileNotFoundException: /data/misc/ethernet/ipconfig.txt (No such file or directory)
12-05 02:42:38.375 W/EthernetConfigStore(  446): No Ethernet configuration found. Using default.
12-05 02:42:38.375 I/EthernetServiceImpl(  446): Read stored IP configuration: IP assignment: DHCP
12-05 02:42:38.375 I/EthernetServiceImpl(  446): Proxy settings: NONE
12-05 02:42:38.375 E/EthernetNetworkFactory(  446): Failed to clear addresses or disable ipv6java.lang.NullPointerException: Attempt to invoke interface method 'void android.os.INetworkManagementService.clearInterfaceAddresses(java.lang.String)' on a null object reference
12-05 02:42:38.375 I/EthernetService(  446): Registering service ethernet
12-05 02:42:38.376 D/SystemServerTiming(  446): StartEthernet took to complete: 3ms
12-05 02:42:38.376 I/SystemServer(  446): StartConnectivityService
12-05 02:42:38.385 D/ConnectivityService(  446): ConnectivityService starting up
12-05 02:42:38.387 D/ConnectivityService(  446): wifiOnly=true
12-05 02:42:38.388 D/ConnectivityService(  446): networkAttributes - ignoring mobile as this dev is wifiOnly 0
12-05 02:42:38.388 D/ConnectivityService(  446): networkAttributes - ignoring mobile as this dev is wifiOnly 2
12-05 02:42:38.388 D/ConnectivityService(  446): networkAttributes - ignoring mobile as this dev is wifiOnly 3
12-05 02:42:38.388 D/ConnectivityService(  446): networkAttributes - ignoring mobile as this dev is wifiOnly 4
12-05 02:42:38.388 D/ConnectivityService(  446): networkAttributes - ignoring mobile as this dev is wifiOnly 5
12-05 02:42:38.388 D/ConnectivityService(  446): networkAttributes - ignoring mobile as this dev is wifiOnly 10
12-05 02:42:38.388 D/ConnectivityService(  446): networkAttributes - ignoring mobile as this dev is wifiOnly 11
12-05 02:42:38.388 D/ConnectivityService(  446): networkAttributes - ignoring mobile as this dev is wifiOnly 12
12-05 02:42:38.388 D/ConnectivityService(  446): networkAttributes - ignoring mobile as this dev is wifiOnly 15
12-05 02:42:38.388 E/ConnectivityService(  446): Ignoring protectedNetwork 10
12-05 02:42:38.388 E/ConnectivityService(  446): Ignoring protectedNetwork 11
12-05 02:42:38.388 E/ConnectivityService(  446): Ignoring protectedNetwork 12
12-05 02:42:38.388 E/ConnectivityService(  446): Ignoring protectedNetwork 14
12-05 02:42:38.388 E/ConnectivityService(  446): Ignoring protectedNetwork 15
12-05 02:42:38.400 D/SystemServerTiming(  446): StartConnectivityService took to complete: 23ms
12-05 02:42:38.400 I/SystemServer(  446): StartNsdService
12-05 02:42:38.403 D/NsdService(  446): Network service discovery is enabled
12-05 02:42:38.406 D/SystemServerTiming(  446): StartNsdService took to complete: 7ms
12-05 02:42:38.406 I/SystemServer(  446): StartUpdateLockService
12-05 02:42:38.408 D/SystemServerTiming(  446): StartUpdateLockService took to complete: 1ms
12-05 02:42:38.408 I/SystemServer(  446): WaitForAsecScan
12-05 02:42:38.408 D/SystemServerTiming(  446): WaitForAsecScan took to complete: 0ms
12-05 02:42:38.408 I/SystemServer(  446): StartNotificationManager
12-05 02:42:38.411 I/SystemServiceManager(  446): Starting com.android.server.notification.NotificationManagerService
12-05 02:42:38.434 D/ConditionProviders.SCP(  446): new ScheduleConditionProvider()
12-05 02:42:38.436 D/libEGL  (  372): loaded /vendor/lib/egl/libGLES_mali.so
12-05 02:42:38.444 D/ZenLog  (  446): config: readXml,ZenModeConfig[user=0,allowCalls=true,allowRepeatCallers=false,allowMessages=false,allowCallsFrom=contacts,allowMessagesFrom=contacts,allowReminders=true,allowEvents=true,allowWhenScreenOff=true,allowWhenScreenOn=true,automaticRules={EVENTS_DEFAULT_RULE=ZenRule[enabled=false,snoozing=false,name=Event,zenMode=ZEN_MODE_ALARMS,conditionId=condition://android/event?userId=-10000&calendar=&reply=1,condition=Condition[id=condition://android/event?userId=-10000&calendar=&reply=1,summary=...,line1=...,line2=...,icon=0,state=STATE_FALSE,flags=2],component=ComponentInfo{android/com.android.server.notification.EventConditionProvider},id=EVENTS_DEFAULT_RULE,creationTime=1543976946194,enabler=null], SCHEDULED_DEFAULT_RULE_1=ZenRule[enabled=false,snoozing=false,name=Weeknight,zenMode=ZEN_MODE_ALARMS,conditionId=condition://android/schedule?days=1.2.3.4.5&start=22.0&end=7.0&exitAtAlarm=false,condition=Condition[id=condition://android/schedule?days=1.2.3.4.5&start=22.0&end=7.0&exitAtAlarm=false,summary=...,line1=...,line2=...,icon=0,state=STATE_TRUE,flags=2],component=ComponentInfo{android/com.android.server.notification.ScheduleConditionProvider},id=SCHEDULED_DEFAULT_RULE_1,creationTime=1543976946194,enabler=null], SCHEDULED_DEFAULT_RULE_2=ZenRule[enabled=false,snoozing=false,name=Weekend,zenMode=ZEN_MODE_ALARMS,conditionId=condition://android/schedule?days=6.7&start=23.30&end=10.0&exitAtAlarm=false,condition=Condition[id=condition://android/schedule?days=6.7&start=23.30&end=10.0&exitAtAlarm=false,summary=...,line1=...,line2=...,icon=0,state=STATE_FALSE,flags=2],component=ComponentInfo{android/com.android.server.notification.ScheduleConditionProvider},id=SCHEDULED_DEFAULT_RULE_2,creationTime=1543976946194,enabler=null]},manualRule=null],Diff[automaticRule[EVENTS_DEFAULT_RULE].condition:null->Condition[id=condition://android/event?userId=-10000&calendar=&reply=1,summary=...,line1=...,line2=...,icon=0,state=STATE_FALSE,flags=2],automaticRule[EVENTS_DEFAULT_RULE].creationTime:1543977758432->1543976946194,automaticRule[SCHEDULED_DEFAULT_RULE_1].condition:null->Condition[id=condition://android/schedule?days=1.2.3.4.5&start=22.0&end=7.0&exitAtAlarm=false,summary=...,line1=...,line2=...,icon=0,state=STATE_TRUE,flags=2],automaticRule[SCHEDULED_DEFAULT_RULE_1].creationTime:1543977758431->1543976946194,automaticRule[SCHEDULED_DEFAULT_RULE_2].condition:null->Condition[id=condition://android/schedule?days=6.7&start=23.30&end=10.0&exitAtAlarm=false,summary=...,line1=...,line2=...,icon=0,state=STATE_FALSE,flags=2],automaticRule[SCHEDULED_DEFAULT_RULE_2].creationTime:1543977758431->1543976946194]
12-05 02:42:38.446 I/NotificationListeners(  446): Read notification listener permissions from xml
12-05 02:42:38.446 I/ConditionProviders(  446): Read condition provider permissions from xml
12-05 02:42:38.446 I/ConditionProviders(  446): Read condition provider permissions from xml
12-05 02:42:38.446 D/ZenLog  (  446): set_zen_mode: off,init
12-05 02:42:38.453 D/SystemServerTiming(  446): StartNotificationManager took to complete: 45ms
12-05 02:42:38.453 I/SystemServer(  446): StartDeviceMonitor
12-05 02:42:38.454 I/SystemServiceManager(  446): Starting com.android.server.storage.DeviceStorageMonitorService
12-05 02:42:38.457 I/Zygote  (  372): Preloading shared libraries...
12-05 02:42:38.460 D/SystemServerTiming(  446): StartDeviceMonitor took to complete: 6ms
12-05 02:42:38.460 I/SystemServer(  446): StartLocationManagerService
12-05 02:42:38.464 D/SystemServerTiming(  446): StartLocationManagerService took to complete: 5ms
12-05 02:42:38.464 I/SystemServer(  446): StartCountryDetectorService
12-05 02:42:38.466 D/SystemServerTiming(  446): StartCountryDetectorService took to complete: 1ms
12-05 02:42:38.466 I/SystemServer(  446): StartSearchManagerService
12-05 02:42:38.466 I/SystemServiceManager(  446): Starting com.android.server.search.SearchManagerService$Lifecycle
12-05 02:42:38.469 D/SystemServerTiming(  446): StartSearchManagerService took to complete: 2ms
12-05 02:42:38.469 I/SystemServer(  446): StartWallpaperManagerService
12-05 02:42:38.469 I/SystemServiceManager(  446): Starting com.android.server.wallpaper.WallpaperManagerService$Lifecycle
12-05 02:42:38.474 D/SystemServerTiming(  446): StartWallpaperManagerService took to complete: 6ms
12-05 02:42:38.474 I/SystemServer(  446): StartAudioService
12-05 02:42:38.475 I/SystemServiceManager(  446): Starting com.android.server.audio.AudioService$Lifecycle
12-05 02:42:38.480 I/Zygote  (  372): Uninstalled ICU cache reference pinning...
12-05 02:42:38.483 I/Zygote  (  372): Installed AndroidKeyStoreProvider in 3ms.
12-05 02:42:38.486 W/TelecomManager(  446): Telecom Service not found.
12-05 02:42:38.488 D/PermissionCache(  373): checking android.permission.MODIFY_AUDIO_SETTINGS for uid=1000 => granted (1558 us)
12-05 02:42:38.488 D/PermissionCache(  373): checking android.permission.MODIFY_AUDIO_SETTINGS for uid=1000 => granted (1792 us)
12-05 02:42:38.490 W/AudioFlinger(  373): no wake lock to update, system not ready yet
12-05 02:42:38.492 W/DeviceHAL(  249): Device 0xec79f000 set_mic_mute: Function not implemented
12-05 02:42:38.492 W/DeviceHAL(  249): Device 0xec7ce2c0 set_mic_mute: Function not implemented
12-05 02:42:38.493 I/Zygote  (  372): Warmed up JCA providers in 9ms.
12-05 02:42:38.493 D/Zygote  (  372): end preload
12-05 02:42:38.493 D/SystemServerTimingAsync(  446): SecondaryZygotePreload took to complete: 816ms
12-05 02:42:38.493 D/SystemServerInitThreadPool(  446): Finished executing SecondaryZygotePreload
12-05 02:42:38.504 V/AudioService(  446): monitoring device orientation
12-05 02:42:38.504 D/AudioHardwareTiny(  249): adev_set_parameters: kvpairs = orientation=undefined
12-05 02:42:38.505 I//system/bin/storaged(  383): storaged: Start
12-05 02:42:38.507 D/SystemServerTiming(  446): StartAudioService took to complete: 32ms
12-05 02:42:38.507 I/SystemServer(  446): StartDockObserver
12-05 02:42:38.507 I/SystemServiceManager(  446): Starting com.android.server.DockObserver
12-05 02:42:38.507 W/DockObserver(  446): This kernel does not have dock station support
12-05 02:42:38.508 D/SystemServerTiming(  446): StartDockObserver took to complete: 2ms
12-05 02:42:38.508 I/SystemServer(  446): StartWiredAccessoryManager
12-05 02:42:38.509 W/WiredAccessoryManager(  446): This kernel does not have usb audio support
12-05 02:42:38.509 D/SystemServerTiming(  446): StartWiredAccessoryManager took to complete: 1ms
12-05 02:42:38.509 I/SystemServer(  446): StartUsbService
12-05 02:42:38.510 I/SystemServiceManager(  446): Starting com.android.server.usb.UsbService$Lifecycle
12-05 02:42:38.515 E/UsbDeviceManager(  446): failed to write to /sys/class/android_usb/android0/f_rndis/ethaddr
12-05 02:42:38.518 I/zygote64(  446): Looking for service android.hidl.manager@1.0::IServiceManager/default
12-05 02:42:38.520 I/zygote64(  446): Starting thread pool.
12-05 02:42:38.521 I/zygote64(  446): Looking for service android.hardware.usb@1.0::IUsb/default
12-05 02:42:38.522 W//system/bin/hwservicemanager(  229): getTransport: Cannot find entry android.hardware.usb@1.0::IUsb/default in either framework or device manifest.
12-05 02:42:38.522 E/zygote64(  446): service android.hardware.usb@1.0::IUsb declares transport method EMPTY but framework expects hwbinder.
12-05 02:42:38.524 E/UsbPortManager(  446): connectToProxy: usb hal service not found. Did the service fail to start?
12-05 02:42:38.524 E/UsbPortManager(  446): java.util.NoSuchElementException
12-05 02:42:38.524 E/UsbPortManager(  446): 	at android.os.HwBinder.getService(Native Method)
12-05 02:42:38.524 E/UsbPortManager(  446): 	at android.hardware.usb.V1_0.IUsb.getService(IUsb.java:44)
12-05 02:42:38.524 E/UsbPortManager(  446): 	at com.android.server.usb.UsbPortManager.connectToProxy(UsbPortManager.java:524)
12-05 02:42:38.524 E/UsbPortManager(  446): 	at com.android.server.usb.UsbPortManager.<init>(UsbPortManager.java:130)
12-05 02:42:38.524 E/UsbPortManager(  446): 	at com.android.server.usb.UsbService.<init>(UsbService.java:132)
12-05 02:42:38.524 E/UsbPortManager(  446): 	at com.android.server.usb.UsbService$Lifecycle.onStart(UsbService.java:68)
12-05 02:42:38.524 E/UsbPortManager(  446): 	at com.android.server.SystemServiceManager.startService(SystemServiceManager.java:124)
12-05 02:42:38.524 E/UsbPortManager(  446): 	at com.android.server.SystemServiceManager.startService(SystemServiceManager.java:111)
12-05 02:42:38.524 E/UsbPortManager(  446): 	at com.android.server.SystemServiceManager.startService(SystemServiceManager.java:70)
12-05 02:42:38.524 E/UsbPortManager(  446): 	at com.android.server.SystemServer.startOtherServices(SystemServer.java:1266)
12-05 02:42:38.524 E/UsbPortManager(  446): 	at com.android.server.SystemServer.run(SystemServer.java:394)
12-05 02:42:38.524 E/UsbPortManager(  446): 	at com.android.server.SystemServer.main(SystemServer.java:270)
12-05 02:42:38.524 E/UsbPortManager(  446): 	at java.lang.reflect.Method.invoke(Native Method)
12-05 02:42:38.524 E/UsbPortManager(  446): 	at com.android.internal.os.RuntimeInit$MethodAndArgsCaller.run(RuntimeInit.java:438)
12-05 02:42:38.524 E/UsbPortManager(  446): 	at com.android.internal.os.ZygoteInit.main(ZygoteInit.java:787)
12-05 02:42:38.526 D/SystemServerTiming(  446): StartUsbService took to complete: 17ms
12-05 02:42:38.526 I/SystemServer(  446): StartSerialService
12-05 02:42:38.527 D/SystemServerTiming(  446): StartSerialService took to complete: 0ms
12-05 02:42:38.527 I/SystemServer(  446): StartHardwarePropertiesManagerService
12-05 02:42:38.527 W//system/bin/hwservicemanager(  229): getTransport: Cannot find entry android.hardware.thermal@1.0::IThermal/default in either framework or device manifest.
12-05 02:42:38.528 E/HardwarePropertiesManagerService-JNI(  446): Unable to get Thermal service.
12-05 02:42:38.528 D/SystemServerTiming(  446): StartHardwarePropertiesManagerService took to complete: 2ms
12-05 02:42:38.528 I/SystemServer(  446): StartTwilightService
12-05 02:42:38.528 I/SystemServiceManager(  446): Starting com.android.server.twilight.TwilightService
12-05 02:42:38.529 D/SystemServerTiming(  446): StartTwilightService took to complete: 0ms
12-05 02:42:38.529 I/SystemServer(  446): StartJobScheduler
12-05 02:42:38.529 I/SystemServiceManager(  446): Starting com.android.server.job.JobSchedulerService
12-05 02:42:38.532 I/JobStore(  446): Read 0 jobs
12-05 02:42:38.535 D/ConnectivityService(  446): requestNetwork for uid/pid:1000/446 NetworkRequest [ TRACK_DEFAULT id=3, [ Capabilities: INTERNET&NOT_RESTRICTED&TRUSTED&NOT_VPN] ]
12-05 02:42:38.538 D/SystemServerTiming(  446): StartJobScheduler took to complete: 9ms
12-05 02:42:38.538 I/SystemServer(  446): StartSoundTrigger
12-05 02:42:38.538 I/SystemServiceManager(  446): Starting com.android.server.soundtrigger.SoundTriggerService
12-05 02:42:38.539 D/SystemServerTiming(  446): StartSoundTrigger took to complete: 2ms
12-05 02:42:38.539 I/SystemServer(  446): StartTrustManager
12-05 02:42:38.540 I/SystemServiceManager(  446): Starting com.android.server.trust.TrustManagerService
12-05 02:42:38.542 D/SystemServerTiming(  446): StartTrustManager took to complete: 3ms
12-05 02:42:38.542 I/SystemServer(  446): StartBackupManager
12-05 02:42:38.542 I/SystemServiceManager(  446): Starting com.android.server.backup.BackupManagerService$Lifecycle
12-05 02:42:38.546 D/SystemServerTiming(  446): StartBackupManager took to complete: 3ms
12-05 02:42:38.546 I/SystemServer(  446): StartAppWidgerService
12-05 02:42:38.546 I/SystemServiceManager(  446): Starting com.android.server.appwidget.AppWidgetService
12-05 02:42:38.550 D/SystemServerTiming(  446): StartAppWidgerService took to complete: 5ms
12-05 02:42:38.551 I/SystemServer(  446): StartVoiceRecognitionManager
12-05 02:42:38.551 I/SystemServiceManager(  446): Starting com.android.server.voiceinteraction.VoiceInteractionManagerService
12-05 02:42:38.552 D/SystemServerTiming(  446): StartVoiceRecognitionManager took to complete: 1ms
12-05 02:42:38.552 I/SystemServer(  446): StartGestureLauncher
12-05 02:42:38.552 I/SystemServiceManager(  446): Starting com.android.server.GestureLauncherService
12-05 02:42:38.552 D/SystemServerTiming(  446): StartGestureLauncher took to complete: 0ms
12-05 02:42:38.552 I/SystemServer(  446): StartSensorNotification
12-05 02:42:38.552 I/SystemServiceManager(  446): Starting com.android.server.SensorNotificationService
12-05 02:42:38.552 D/SystemServerTiming(  446): StartSensorNotification took to complete: 0ms
12-05 02:42:38.552 I/SystemServer(  446): StartContextHubSystemService
12-05 02:42:38.553 I/SystemServiceManager(  446): Starting com.android.server.ContextHubSystemService
12-05 02:42:38.553 D/SystemServerTiming(  446): StartContextHubSystemService took to complete: 0ms
12-05 02:42:38.553 I/SystemServer(  446): StartDiskStatsService
12-05 02:42:38.553 D/SystemServerInitThreadPool(  446): Started executing Init ContextHubSystemService
12-05 02:42:38.554 D/SystemServerTiming(  446): StartDiskStatsService took to complete: 2ms
12-05 02:42:38.555 I/SystemServer(  446): StartNetworkTimeUpdateService
12-05 02:42:38.555 W//system/bin/hwservicemanager(  229): getTransport: Cannot find entry android.hardware.contexthub@1.0::IContexthub/default in either framework or device manifest.
12-05 02:42:38.556 E/ContextHubService(  446): Could not load context hub hal
12-05 02:42:38.556 W/ContextHubService(  446): No Context Hub Module present
12-05 02:42:38.556 D/SystemServerInitThreadPool(  446): Finished executing Init ContextHubSystemService
12-05 02:42:38.556 D/SystemServerTiming(  446): StartNetworkTimeUpdateService took to complete: 2ms
12-05 02:42:38.556 I/SystemServer(  446): StartCommonTimeManagementService
12-05 02:42:38.558 D/SystemServerTiming(  446): StartCommonTimeManagementService took to complete: 2ms
12-05 02:42:38.558 I/SystemServer(  446): CertBlacklister
12-05 02:42:38.559 D/SystemServerTiming(  446): CertBlacklister took to complete: 0ms
12-05 02:42:38.559 I/SystemServer(  446): StartEmergencyAffordanceService
12-05 02:42:38.560 I/SystemServiceManager(  446): Starting com.android.server.emergency.EmergencyAffordanceService
12-05 02:42:38.561 D/SystemServerTiming(  446): StartEmergencyAffordanceService took to complete: 3ms
12-05 02:42:38.561 I/SystemServer(  446): StartDreamManager
12-05 02:42:38.561 I/SystemServiceManager(  446): Starting com.android.server.dreams.DreamManagerService
12-05 02:42:38.563 D/SystemServerTiming(  446): StartDreamManager took to complete: 2ms
12-05 02:42:38.563 I/SystemServer(  446): AddGraphicsStatsService
12-05 02:42:38.566 D/SystemServerTiming(  446): AddGraphicsStatsService took to complete: 2ms
12-05 02:42:38.567 I/SystemServer(  446): StartPrintManager
12-05 02:42:38.567 I/SystemServiceManager(  446): Starting com.android.server.print.PrintManagerService
12-05 02:42:38.569 D/SystemServerTiming(  446): StartPrintManager took to complete: 2ms
12-05 02:42:38.569 I/SystemServer(  446): StartCompanionDeviceManager
12-05 02:42:38.569 I/SystemServiceManager(  446): Starting com.android.server.companion.CompanionDeviceManagerService
12-05 02:42:38.571 D/SystemServerTiming(  446): StartCompanionDeviceManager took to complete: 3ms
12-05 02:42:38.572 I/SystemServer(  446): StartRestrictionManager
12-05 02:42:38.572 I/SystemServiceManager(  446): Starting com.android.server.restrictions.RestrictionsManagerService
12-05 02:42:38.573 D/SystemServerTiming(  446): StartRestrictionManager took to complete: 2ms
12-05 02:42:38.573 I/SystemServer(  446): StartMediaSessionService
12-05 02:42:38.573 I/SystemServiceManager(  446): Starting com.android.server.media.MediaSessionService
12-05 02:42:38.577 D/SystemServerTiming(  446): StartMediaSessionService took to complete: 4ms
12-05 02:42:38.577 I/SystemServer(  446): StartMediaResourceMonitor
12-05 02:42:38.577 I/SystemServiceManager(  446): Starting com.android.server.media.MediaResourceMonitorService
12-05 02:42:38.578 D/SystemServerTiming(  446): StartMediaResourceMonitor took to complete: 1ms
12-05 02:42:38.578 I/SystemServer(  446): StartMediaRouterService
12-05 02:42:38.581 D/SystemServerTiming(  446): StartMediaRouterService took to complete: 3ms
12-05 02:42:38.581 I/SystemServer(  446): StartBackgroundDexOptService
12-05 02:42:38.582 W/BackgroundDexOptService(  446): SysProp pm.dexopt.downgrade_after_inactive_days not set
12-05 02:42:38.582 D/SystemServerTiming(  446): StartBackgroundDexOptService took to complete: 1ms
12-05 02:42:38.582 I/SystemServer(  446): StartPruneInstantAppsJobService
12-05 02:42:38.582 D/SystemServerTiming(  446): StartPruneInstantAppsJobService took to complete: 0ms
12-05 02:42:38.582 I/SystemServer(  446): StartShortcutServiceLifecycle
12-05 02:42:38.582 I/SystemServiceManager(  446): Starting com.android.server.pm.ShortcutService$Lifecycle
12-05 02:42:38.588 D/SystemServerTiming(  446): StartShortcutServiceLifecycle took to complete: 5ms
12-05 02:42:38.588 I/SystemServer(  446): StartLauncherAppsService
12-05 02:42:38.588 I/SystemServiceManager(  446): Starting com.android.server.pm.LauncherAppsService
12-05 02:42:38.589 D/SystemServerTiming(  446): StartLauncherAppsService took to complete: 2ms
12-05 02:42:38.589 I/SystemServer(  446): StartMediaProjectionManager
12-05 02:42:38.590 I/SystemServiceManager(  446): Starting com.android.server.media.projection.MediaProjectionManagerService
12-05 02:42:38.596 V/MediaRouter(  446): Adding route: RouteInfo{ name=Tablet, description=null, status=null, category=RouteCategory{ name=System types=ROUTE_TYPE_LIVE_AUDIO ROUTE_TYPE_LIVE_VIDEO  groupable=false }, supportedTypes=ROUTE_TYPE_LIVE_AUDIO ROUTE_TYPE_LIVE_VIDEO , presentationDisplay=null }
12-05 02:42:38.597 V/MediaRouter(  446): Selecting route: RouteInfo{ name=Tablet, description=null, status=null, category=RouteCategory{ name=System types=ROUTE_TYPE_LIVE_AUDIO ROUTE_TYPE_LIVE_VIDEO  groupable=false }, supportedTypes=ROUTE_TYPE_LIVE_AUDIO ROUTE_TYPE_LIVE_VIDEO , presentationDisplay=null }
12-05 02:42:38.599 D/SystemServerTiming(  446): StartMediaProjectionManager took to complete: 10ms
12-05 02:42:38.600 I/SystemServer(  446): StartCameraServiceProxy
12-05 02:42:38.600 I/SystemServiceManager(  446): Starting com.android.server.camera.CameraServiceProxy
12-05 02:42:38.602 I/ServiceThread(  446): Enabled StrictMode logging for CameraService_proxy looper.
12-05 02:42:38.604 D/SystemServerTiming(  446): StartCameraServiceProxy took to complete: 4ms
12-05 02:42:38.604 I/WindowManager(  446): SAFE MODE not enabled
12-05 02:42:38.604 I/SystemServer(  446): StartJitCompilation
12-05 02:42:38.604 D/SystemServerTiming(  446): StartJitCompilation took to complete: 0ms
12-05 02:42:38.604 I/SystemServer(  446): StartMmsService
12-05 02:42:38.605 I/SystemServiceManager(  446): Starting com.android.server.MmsServiceBroker
12-05 02:42:38.607 D/SystemServerTiming(  446): StartMmsService took to complete: 3ms
12-05 02:42:38.607 I/SystemServer(  446): StartAutoFillService
12-05 02:42:38.608 I/SystemServiceManager(  446): Starting com.android.server.autofill.AutofillManagerService
12-05 02:42:38.608 I/AutofillManagerService(  446): Setting debug to true
12-05 02:42:38.612 D/SystemServerTiming(  446): StartAutoFillService took to complete: 4ms
12-05 02:42:38.612 I/SystemServer(  446): MakeVibratorServiceReady
12-05 02:42:38.613 D/SystemServerTiming(  446): MakeVibratorServiceReady took to complete: 1ms
12-05 02:42:38.613 I/SystemServer(  446): MakeLockSettingsServiceReady
12-05 02:42:38.635 I/zygote64(  446): Looking for service android.hardware.weaver@1.0::IWeaver/default
12-05 02:42:38.636 W//system/bin/hwservicemanager(  229): getTransport: Cannot find entry android.hardware.weaver@1.0::IWeaver/default in either framework or device manifest.
12-05 02:42:38.637 E/zygote64(  446): service android.hardware.weaver@1.0::IWeaver declares transport method EMPTY but framework expects hwbinder.
12-05 02:42:38.637 I/SyntheticPasswordManager(  446): Device does not support weaver
12-05 02:42:38.638 E/LockSettingsStorage(  446): Cannot read file java.io.FileNotFoundException: /data/system/gatekeeper.password.key: open failed: ENOENT (No such file or directory)
12-05 02:42:38.638 E/LockSettingsStorage(  446): Cannot read file java.io.FileNotFoundException: /data/system/password.key: open failed: ENOENT (No such file or directory)
12-05 02:42:38.639 E/LockSettingsStorage(  446): Cannot read file java.io.FileNotFoundException: /data/system/gatekeeper.pattern.key: open failed: ENOENT (No such file or directory)
12-05 02:42:38.639 E/LockSettingsStorage(  446): Cannot read file java.io.FileNotFoundException: /data/system/gatekeeper.gesture.key: open failed: ENOENT (No such file or directory)
12-05 02:42:38.639 E/LockSettingsStorage(  446): Cannot read file java.io.FileNotFoundException: /data/system/gesture.key: open failed: ENOENT (No such file or directory)
12-05 02:42:38.639 D/SystemServerTiming(  446): MakeLockSettingsServiceReady took to complete: 26ms
12-05 02:42:38.639 I/SystemServer(  446): StartBootPhaseLockSettingsReady
12-05 02:42:38.639 I/SystemServiceManager(  446): Starting phase 480
12-05 02:42:38.645 D/SystemServerTiming(  446): StartBootPhaseLockSettingsReady took to complete: 5ms
12-05 02:42:38.645 I/SystemServer(  446): StartBootPhaseSystemServicesReady
12-05 02:42:38.645 I/SystemServiceManager(  446): Starting phase 500
12-05 02:42:38.649 I/VrManagerService(  446): No default vr listener service found.
12-05 02:42:38.656 I/WifiService(  446): WifiService starting up with Wi-Fi disabled
12-05 02:42:38.660 I/zygote64(  446): Looking for service android.hidl.manager@1.0::IServiceManager/default
12-05 02:42:38.663 I/zygote64(  446): Starting thread pool.
12-05 02:42:38.665 D/HalDeviceManager(  446): IWifi registration notification: fqName=android.hardware.wifi@1.0::IWifi, name=default, preexisting=true
12-05 02:42:38.666 I/zygote64(  446): Looking for service android.hardware.wifi@1.0::IWifi/default
12-05 02:42:38.668 I/zygote64(  446): Starting thread pool.
12-05 02:42:38.672 I/WifiScanningService(  446): Starting wifiscanner
12-05 02:42:38.674 I/RttService(  446): Registering rttmanager
12-05 02:42:38.675 I/EthernetServiceImpl(  446): Starting Ethernet service
12-05 02:42:38.679 D/EthernetNetworkFactory(  446): EthernetNetworkFactory start eth\d
12-05 02:42:38.680 D/Ethernet(  446): Registering NetworkFactory
12-05 02:42:38.680 D/ConnectivityService(  446): Got NetworkFactory Messenger for Ethernet
12-05 02:42:38.681 D/Ethernet(  446): got request NetworkRequest [ TRACK_DEFAULT id=3, [ Capabilities: INTERNET&NOT_RESTRICTED&TRUSTED&NOT_VPN] ] with score 0
12-05 02:42:38.681 D/Ethernet(  446): got request NetworkRequest [ REQUEST id=1, [ Capabilities: INTERNET&NOT_RESTRICTED&TRUSTED&NOT_VPN] ] with score 0
12-05 02:42:38.681 D/ZenLog  (  446): config: cleanUpZenRules,ZenModeConfig[user=0,allowCalls=true,allowRepeatCallers=false,allowMessages=false,allowCallsFrom=contacts,allowMessagesFrom=contacts,allowReminders=true,allowEvents=true,allowWhenScreenOff=true,allowWhenScreenOn=true,automaticRules={EVENTS_DEFAULT_RULE=ZenRule[enabled=false,snoozing=false,name=Event,zenMode=ZEN_MODE_ALARMS,conditionId=condition://android/event?userId=-10000&calendar=&reply=1,condition=Condition[id=condition://android/event?userId=-10000&calendar=&reply=1,summary=...,line1=...,line2=...,icon=0,state=STATE_FALSE,flags=2],component=ComponentInfo{android/com.android.server.notification.EventConditionProvider},id=EVENTS_DEFAULT_RULE,creationTime=1543976946194,enabler=null], SCHEDULED_DEFAULT_RULE_1=ZenRule[enabled=false,snoozing=false,name=Weeknight,zenMode=ZEN_MODE_ALARMS,conditionId=condition://android/schedule?days=1.2.3.4.5&start=22.0&end=7.0&exitAtAlarm=false,condition=Condition[id=condition://android/schedule?days=1.2.3.4.5&start=22.0&end=7.0&exitAtAlarm=false,summary=...,line1=...,line2=...,icon=0,state=STATE_TRUE,flags=2],component=ComponentInfo{android/com.android.server.notification.ScheduleConditionProvider},id=SCHEDULED_DEFAULT_RULE_1,creationTime=1543976946194,enabler=null], SCHEDULED_DEFAULT_RULE_2=ZenRule[enabled=false,snoozing=false,name=Weekend,zenMode=ZEN_MODE_ALARMS,conditionId=condition://android/schedule?days=6.7&start=23.30&end=10.0&exitAtAlarm=false,condition=Condition[id=condition://android/schedule?days=6.7&start=23.30&end=10.0&exitAtAlarm=false,summary=...,line1=...,line2=...,icon=0,state=STATE_FALSE,flags=2],component=ComponentInfo{android/com.android.server.notification.ScheduleConditionProvider},id=SCHEDULED_DEFAULT_RULE_2,creationTime=1543976946194,enabler=null]},manualRule=null],Diff[]
12-05 02:42:38.681 D/ZenLog  (  446): set_zen_mode: off,onSystemReady
12-05 02:42:38.685 D/PermissionCache(  373): checking android.permission.CAPTURE_AUDIO_HOTWORD for uid=1000 => granted (74 us)
12-05 02:42:38.685 W/SoundTriggerHelper(  446): listModules status=0, # of modules=0
12-05 02:42:38.686 D/ContextHubSystemService(  446): onBootPhase: PHASE_SYSTEM_SERVICES_READY
12-05 02:42:38.687 D/SystemServerTiming(  446): StartBootPhaseSystemServicesReady took to complete: 43ms
12-05 02:42:38.688 I/SystemServer(  446): MakeWindowManagerServiceReady
12-05 02:42:38.689 I/zygote64(  446): Looking for service android.hardware.configstore@1.0::ISurfaceFlingerConfigs/default
12-05 02:42:38.692 I/zygote64(  446): Starting thread pool.
12-05 02:42:38.693 D/SystemServerTiming(  446): MakeWindowManagerServiceReady took to complete: 6ms
12-05 02:42:38.694 I/SystemServer(  446): MakePowerManagerServiceReady
12-05 02:42:38.700 W/KeyguardServiceDelegate(  446): onScreenTurningOn(): no keyguard service!
12-05 02:42:38.700 D/SystemServerTiming(  446): MakePowerManagerServiceReady took to complete: 6ms
12-05 02:42:38.700 I/SystemServer(  446): MakePackageManagerServiceReady
12-05 02:42:38.703 V/UserDataPreparer(  446): Found /data/user_de/0 with serial number 0
12-05 02:42:38.704 V/UserDataPreparer(  446): Found /data/user/0 with serial number 0
12-05 02:42:38.704 V/UserDataPreparer(  446): Found /data/system_de/0 with serial number 0
12-05 02:42:38.704 V/UserDataPreparer(  446): Found /data/system_ce/0 with serial number 0
12-05 02:42:38.704 V/UserDataPreparer(  446): Found /data/misc_ce/0 with serial number 0
12-05 02:42:38.704 D/SystemServerTiming(  446): MakePackageManagerServiceReady took to complete: 3ms
12-05 02:42:38.704 I/SystemServer(  446): MakeDisplayManagerServiceReady
12-05 02:42:38.704 D/SystemServerTiming(  446): MakeDisplayManagerServiceReady took to complete: 0ms
12-05 02:42:38.707 E/HalDeviceManager(  446): Should have at least 1 chip!
12-05 02:42:38.707 E/HalDeviceManager(  446): createIface: no chip info found
12-05 02:42:38.708 D/ActivityManager(  446): OK, system ready!
12-05 02:42:38.711 I/ActivityManager(  446): System now ready
12-05 02:42:38.715 I/SystemServer(  446): Making services ready
12-05 02:42:38.715 I/SystemServer(  446): StartActivityManagerReadyPhase
12-05 02:42:38.715 I/SystemServiceManager(  446): Starting phase 550
12-05 02:42:38.737 D/BluetoothManagerService(  446): Bluetooth boot completed
12-05 02:42:38.737 D/BluetoothManagerService(  446): Getting adapter name and address
12-05 02:42:38.737 D/BluetoothManagerService(  446): MESSAGE_GET_NAME_AND_ADDRESS
12-05 02:42:38.737 D/BluetoothManagerService(  446): Binding to service to get name and address
12-05 02:42:38.761 I/ActivityManager(  446): Start proc 561:com.android.bluetooth/1002 for service com.android.bluetooth/.btservice.AdapterService
12-05 02:42:38.804 I/ActivityManager(  446): Start proc 578:com.android.inputmethod.latin/u0a45 for service com.android.inputmethod.latin/.LatinIME
12-05 02:42:38.805 W/SystemServiceManager(  446): Service com.android.server.InputMethodManagerService$Lifecycle took 67 ms in onBootPhase
12-05 02:42:38.805 D/StorageManagerService(  446): Thinking about init, mSystemReady=true, mDaemonConnected=true
12-05 02:42:38.805 D/StorageManagerService(  446): Setting up emulation state, initlocked=false
12-05 02:42:38.805 D/CryptdConnector(  446): SND -> {2 cryptfs unlock_user_key 0 0 ! !}
12-05 02:42:38.805 I/zygote64(  561): The ClassLoaderContext is a special shared library.
12-05 02:42:38.805 D/vold    (  241): e4crypt_unlock_user_key 0 serial=0 token_present=0
12-05 02:42:38.806 D/CryptdConnector(  446): RCV <- {200 2 Command succeeded}
12-05 02:42:38.806 D/StorageManagerService(  446): Thinking about reset, mSystemReady=true, mDaemonConnected=true
12-05 02:42:38.807 D/VoldConnector(  446): SND -> {3 volume reset}
12-05 02:42:38.807 I/ActivityManager(  446): Force stopping com.android.providers.media appid=10004 user=-1: vold reset
12-05 02:42:38.808 D/VoldConnector(  446): RCV <- {651 emulated 7}
12-05 02:42:38.809 D/VoldConnector(  446): RCV <- {659 emulated}
12-05 02:42:38.810 D/VoldConnector(  446): RCV <- {650 emulated 2 "" ""}
12-05 02:42:38.810 D/VoldConnector(  446): RCV <- {651 emulated 0}
12-05 02:42:38.810 D/VoldConnector(  446): RCV <- {200 3 Command succeeded}
12-05 02:42:38.811 V/StorageManagerService(  446): Found primary storage at VolumeInfo{emulated}:
12-05 02:42:38.811 V/StorageManagerService(  446):     type=EMULATED diskId=null partGuid=null mountFlags=0 mountUserId=-1 
12-05 02:42:38.811 V/StorageManagerService(  446):     state=UNMOUNTED 
12-05 02:42:38.811 V/StorageManagerService(  446):     fsType=null fsUuid=null fsLabel=null 
12-05 02:42:38.811 V/StorageManagerService(  446):     path=null internalPath=null 
12-05 02:42:38.811 D/AudioHardwareTiny(  249): adev_set_parameters: kvpairs = A2dpSuspended=false
12-05 02:42:38.813 D/AudioHardwareTiny(  249): adev_set_parameters: kvpairs = BT_SCO=off
12-05 02:42:38.813 D/VoldConnector(  446): SND -> {4 volume user_added 0 0}
12-05 02:42:38.813 D/VoldConnector(  446): RCV <- {200 4 Command succeeded}
12-05 02:42:38.814 D/UsbAlsaManager(  446): Adding ALSA device AlsaDevice: [card: 1, device: 0, type: 1]
12-05 02:42:38.814 D/UsbAlsaManager(  446): Adding ALSA device AlsaDevice: [card: 0, device: 0, type: 2]
12-05 02:42:38.814 D/UsbAlsaManager(  446): Adding ALSA device AlsaDevice: [card: 0, device: 0, type: 1]
12-05 02:42:38.814 D/BluetoothManagerService(  446): Trying to bind to profile: 1, while Bluetooth was disabled
12-05 02:42:38.816 D/SystemServerTiming(  446): StartActivityManagerReadyPhase took to complete: 100ms
12-05 02:42:38.816 I/SystemServer(  446): StartObservingNativeCrashes
12-05 02:42:38.816 I/zygote64(  561): The ClassLoaderContext is a special shared library.
12-05 02:42:38.819 D/SystemServerTiming(  446): StartObservingNativeCrashes took to complete: 3ms
12-05 02:42:38.819 I/AudioFlinger(  373): systemReady
12-05 02:42:38.819 D/SystemServerInitThreadPool(  446): Started executing WebViewFactoryPreparation
12-05 02:42:38.819 I/SystemServer(  446): WebViewFactoryPreparation
12-05 02:42:38.820 I/SystemServer(  446): StartSystemUI
12-05 02:42:38.830 W/TelecomManager(  446): Telecom Service not found.
12-05 02:42:38.832 D/UsbDeviceManager(  446): push notification:USB charging this device
12-05 02:42:38.833 I/ActivityManager(  446): Start proc 595:com.android.systemui/u0a22 for service com.android.systemui/.SystemUIService
12-05 02:42:38.834 D/VoldConnector(  446): SND -> {5 volume mount emulated 3 -1}
12-05 02:42:38.835 D/VoldConnector(  446): RCV <- {651 emulated 1}
12-05 02:42:38.835 D/VoldConnector(  446): RCV <- {656 emulated /data/media}
12-05 02:42:38.835 D/VoldConnector(  446): RCV <- {655 emulated /storage/emulated}
12-05 02:42:38.837 V/vold    (  241): Waiting for FUSE to spin up...
12-05 02:42:38.841 D/SystemServerTiming(  446): StartSystemUI took to complete: 22ms
12-05 02:42:38.841 I/SystemServer(  446): MakeNetworkScoreReady
12-05 02:42:38.842 D/SystemServerTiming(  446): MakeNetworkScoreReady took to complete: 0ms
12-05 02:42:38.842 I/SystemServer(  446): MakeNetworkManagementServiceReady
12-05 02:42:38.842 D/NetworkManagement(  446): enabling bandwidth control
12-05 02:42:38.845 V/NuMediaExtractor(  446): setDataSource fd=176 (/system/media/audio/ui/Effect_Tick.ogg), offset=0, length=5136
12-05 02:42:38.848 W/TelecomManager(  446): Telecom Service not found.
12-05 02:42:38.853 W//system/bin/sdcard(  604): Device explicitly enabled sdcardfs
12-05 02:42:38.855 D/WebViewLibraryLoader(  446): Setting new address space to 125701040
12-05 02:42:38.865 E/libc    (  379): Access denied finding property "cts_gts.status"
12-05 02:42:38.863 W/Binder:379_1(  379): type=1400 audit(0.0:8): avc: denied { read } for name="u:object_r:ctsgts_prop:s0" dev="tmpfs" ino=218 scontext=u:r:mediaextractor:s0 tcontext=u:object_r:ctsgts_prop:s0 tclass=file permissive=0
12-05 02:42:38.866 E/ffmExtractor(  379): Cannot load library libffmpeg_utils.so dlerror = dlopen failed: library "libffmpeg_utils.so" not found
12-05 02:42:38.866 E/ffmExtractor(  379): lib open failed
12-05 02:42:38.868 W/NetworkManagement(  446): setDataSaverMode(): already false
12-05 02:42:38.870 D/SystemServerTiming(  446): MakeNetworkManagementServiceReady took to complete: 27ms
12-05 02:42:38.870 I/SystemServer(  446): MakeNetworkStatsServiceReady
12-05 02:42:38.870 I/WifiService(  446): requestActivityInfo uid=1000
12-05 02:42:38.870 I/WifiService(  446): reportActivityInfo uid=1000
12-05 02:42:38.870 I/WifiService(  446): getSupportedFeatures uid=1000
12-05 02:42:38.872 E/BatteryExternalStatsWorker(  446): no controller energy info supplied for wifi
12-05 02:42:38.872 E/BatteryExternalStatsWorker(  446): no controller energy info supplied for telephony
12-05 02:42:38.878 D/NetworkPolicy(  446): setRestrictBackgroundUL(): false
12-05 02:42:38.880 V/NuMediaExtractor(  446): track of type 'audio/vorbis' does not publish bitrate
12-05 02:42:38.883 W/NetworkManagement(  446): setDataSaverMode(): already false
12-05 02:42:38.887 D/VoldConnector(  446): RCV <- {651 emulated 2}
12-05 02:42:38.888 D/VoldConnector(  446): RCV <- {200 5 Command succeeded}
12-05 02:42:38.894 I/zygote64(  578): The ClassLoaderContext is a special shared library.
