12-05 02:42:38.897 I/OMXClient(  381): Treble IOmx obtained
12-05 02:42:38.899 I/OMXMaster(  385): makeComponentInstance(OMX.google.aac.decoder) in omx@1.0-service process
12-05 02:42:38.908 I/OMXClient(  381): Treble IOmx obtained
12-05 02:42:38.908 I/OMXMaster(  385): makeComponentInstance(OMX.google.amrnb.decoder) in omx@1.0-service process
12-05 02:42:38.914 I/OMXClient(  381): Treble IOmx obtained
12-05 02:42:38.914 I/OMXMaster(  385): makeComponentInstance(OMX.google.amrwb.decoder) in omx@1.0-service process
12-05 02:42:38.916 I/OMXClient(  381): Treble IOmx obtained
12-05 02:42:38.916 I/OMXMaster(  385): makeComponentInstance(OMX.google.g711.alaw.decoder) in omx@1.0-service process
12-05 02:42:38.920 I/OMXClient(  381): Treble IOmx obtained
12-05 02:42:38.920 I/OMXMaster(  385): makeComponentInstance(OMX.google.g711.mlaw.decoder) in omx@1.0-service process
12-05 02:42:38.922 I/OMXClient(  381): Treble IOmx obtained
12-05 02:42:38.922 I/OMXMaster(  385): makeComponentInstance(OMX.google.mp3.decoder) in omx@1.0-service process
12-05 02:42:38.926 I/OMXClient(  381): Treble IOmx obtained
12-05 02:42:38.926 I/OMXMaster(  385): makeComponentInstance(OMX.google.opus.decoder) in omx@1.0-service process
12-05 02:42:38.930 I/OMXClient(  381): Treble IOmx obtained
12-05 02:42:38.931 I/OMXMaster(  385): makeComponentInstance(OMX.google.raw.decoder) in omx@1.0-service process
12-05 02:42:38.935 I/OMXClient(  381): Treble IOmx obtained
12-05 02:42:38.936 I/OMXMaster(  385): makeComponentInstance(OMX.google.vorbis.decoder) in omx@1.0-service process
12-05 02:42:38.939 I/OMXClient(  381): Treble IOmx obtained
12-05 02:42:38.940 I/OMXMaster(  385): makeComponentInstance(OMX.google.aac.encoder) in omx@1.0-service process
12-05 02:42:38.943 W/ActivityManager(  446): Slow operation: 84ms so far, now at startProcess: returned from zygote!
12-05 02:42:38.943 W/ActivityManager(  446): Slow operation: 84ms so far, now at startProcess: done updating battery stats
12-05 02:42:38.943 W/ActivityManager(  446): Slow operation: 85ms so far, now at startProcess: building log message
12-05 02:42:38.943 I/ActivityManager(  446): Start proc 642:WebViewLoader-armeabi-v7a/1037 [android.webkit.WebViewLibraryLoader$RelroFileCreator] for 
12-05 02:42:38.943 W/ActivityManager(  446): Slow operation: 85ms so far, now at startProcess: starting to update pids map
12-05 02:42:38.943 W/ActivityManager(  446): Slow operation: 85ms so far, now at startProcess: done updating pids map
12-05 02:42:38.943 W/ActivityManager(  446): Slow operation: 85ms so far, now at startProcess: done starting proc!
12-05 02:42:38.949 I/OMXClient(  381): Treble IOmx obtained
12-05 02:42:38.950 I/OMXMaster(  385): makeComponentInstance(OMX.google.amrnb.encoder) in omx@1.0-service process
12-05 02:42:38.953 D/SystemServerTiming(  446): MakeNetworkStatsServiceReady took to complete: 83ms
12-05 02:42:38.953 I/SystemServer(  446): MakeConnectivityServiceReady
12-05 02:42:38.955 D/PermissionMonitor(  446): Monitoring
12-05 02:42:38.956 D/Ethernet(  446): got request NetworkRequest [ BACKGROUND_REQUEST id=2, [ Transports: CELLULAR Capabilities: INTERNET&NOT_RESTRICTED&TRUSTED&NOT_VPN] ] with score 0
12-05 02:42:38.959 I/OMXClient(  381): Treble IOmx obtained
12-05 02:42:38.959 I/OMXMaster(  385): makeComponentInstance(OMX.google.amrwb.encoder) in omx@1.0-service process
12-05 02:42:38.965 I/OMXClient(  381): Treble IOmx obtained
12-05 02:42:38.965 I/OMXMaster(  385): makeComponentInstance(OMX.google.flac.encoder) in omx@1.0-service process
12-05 02:42:38.967 I/ActivityManager(  446): Start proc 658:WebViewLoader-arm64-v8a/1037 [android.webkit.WebViewLibraryLoader$RelroFileCreator] for 
12-05 02:42:38.969 I/zygote64(  595): The ClassLoaderContext is a special shared library.
12-05 02:42:38.970 D/PermissionMonitor(  446): Users: 1, Apps: 63
12-05 02:42:38.974 D/SystemServerTimingAsync(  446): WebViewFactoryPreparation took to complete: 154ms
12-05 02:42:38.974 D/SystemServerInitThreadPool(  446): Finished executing WebViewFactoryPreparation
12-05 02:42:38.980 I/OMXClient(  381): Treble IOmx obtained
12-05 02:42:38.980 D/SystemServerTiming(  446): MakeConnectivityServiceReady took to complete: 27ms
12-05 02:42:38.980 I/SystemServer(  446): MakeNetworkPolicyServiceReady
12-05 02:42:38.980 D/SystemServerTiming(  446): MakeNetworkPolicyServiceReady took to complete: 0ms
12-05 02:42:38.980 I/SystemServer(  446): StartWatchdog
12-05 02:42:38.980 D/AdapterServiceConfig(  561): Adding A2dpService
12-05 02:42:38.980 I/OMXMaster(  385): makeComponentInstance(OMX.rk.video_decoder.avc) in omx@1.0-service process
12-05 02:42:38.980 D/AdapterServiceConfig(  561): Adding HidService
12-05 02:42:38.980 D/SystemServerTiming(  446): StartWatchdog took to complete: 1ms
12-05 02:42:38.980 I/SystemServer(  446): PhaseThirdPartyAppsCanStart
12-05 02:42:38.980 D/AdapterServiceConfig(  561): Adding PanService
12-05 02:42:38.980 I/SystemServiceManager(  446): Starting phase 600
12-05 02:42:38.980 D/AdapterServiceConfig(  561): Adding GattService
12-05 02:42:38.981 W/AdapterServiceConfig(  561): Could not find profile bit mask
12-05 02:42:38.981 D/AdapterServiceConfig(  561): Adding BluetoothOppService
12-05 02:42:38.981 E/ROCKCHIP_LOG(  385): Rockchip_OSAL_SharedMemory_Open(448): 222ion_client_create Error: 8
12-05 02:42:38.981 E/ROCKCHIP_RM(  385): Rockchip_OMX_Check_Resource(282): pRockchipComponent->codecType 1, Line:282
12-05 02:42:38.983 E/ROCKCHIP_VIDEO_DECCONTROL(  385): Rkvpu_OMX_GetExtensionIndex(2041): OMX_IndexParamdescribeColorFormat get 
12-05 02:42:38.983 E/ROCKCHIP_VIDEO_DECCONTROL(  385): Rkvpu_OMX_GetExtensionIndex(2041): OMX_IndexParamdescribeColorFormat get 
12-05 02:42:38.983 V/WebViewLibraryLoader(  658): RelroFileCreator (64bit = true),  32-bit lib: /system/app/webview/webview.apk!/lib/armeabi-v7a/libwebviewchromium.so, 64-bit lib: /system/app/webview/webview.apk!/lib/arm64-v8a/libwebviewchromium.so
12-05 02:42:38.983 E/OMXNodeInstance(  385): getExtensionIndex(0xf0f22c60:rk._decoder.avc, OMX.google.android.index.configureVideoTunnelMode) ERROR: BadParameter(0x80001005)
12-05 02:42:38.984 I/ROCKCHIP_OSAL_Android(  385): Rockchip_OSAL_SetANBParameter(667): nBufferCountMin = 22 nBufferCountActual = 24
12-05 02:42:38.984 I/Lights Hal(  258): >>> Enter set_notifications_light
12-05 02:42:38.986 V/WallpaperManagerService(  446): bindWallpaperComponentLocked: componentName=ComponentInfo{com.android.systemui/com.android.systemui.ImageWallpaper}
12-05 02:42:38.990 I/mpp_rt  (  385): NOT found ion allocator
12-05 02:42:38.990 I/mpp_rt  (  385): found drm allocator
12-05 02:42:38.990 W/OMXNodeInstance(  385): [0xf0f22c60:rk._decoder.avc] component does not support metadata mode; using fallback
12-05 02:42:38.993 I/OMXClient(  381): Treble IOmx obtained
12-05 02:42:38.994 I/OMXMaster(  385): makeComponentInstance(OMX.google.h264.decoder) in omx@1.0-service process
12-05 02:42:39.001 D/SystemServerTiming(  446): PhaseThirdPartyAppsCanStart took to complete: 21ms
12-05 02:42:39.002 I/SystemServer(  446): MakeLocationServiceReady
12-05 02:42:39.004 E/OMXNodeInstance(  385): getExtensionIndex(0xf0f22c60:google.h264.decoder, OMX.google.android.index.configureVideoTunnelMode) ERROR: UnsupportedIndex(0x8000101a)
12-05 02:42:39.004 E/OMXNodeInstance(  385): getExtensionIndex(0xf0f22c60:google.h264.decoder, OMX.google.android.index.enableAndroidNativeBuffers) ERROR: UnsupportedIndex(0x8000101a)
12-05 02:42:39.006 I/OMXClient(  381): Treble IOmx obtained
12-05 02:42:39.006 I/OMXMaster(  385): makeComponentInstance(OMX.rk.video_decoder.flv1) in omx@1.0-service process
12-05 02:42:39.008 E/ROCKCHIP_LOG(  385): Rockchip_OSAL_SharedMemory_Open(448): 222ion_client_create Error: 8
12-05 02:42:39.008 E/ROCKCHIP_RM(  385): Rockchip_OMX_Check_Resource(282): pRockchipComponent->codecType 1, Line:282
12-05 02:42:39.009 E/ROCKCHIP_VIDEO_DECCONTROL(  385): Rkvpu_OMX_GetExtensionIndex(2041): OMX_IndexParamdescribeColorFormat get 
12-05 02:42:39.009 W//system/bin/hwservicemanager(  229): getTransport: Cannot find entry android.hardware.gnss@1.0::IGnss/default in either framework or device manifest.
12-05 02:42:39.009 E/GnssLocationProvider(  446): Unable to get GPS service
12-05 02:42:39.009 E/ROCKCHIP_VIDEO_DECCONTROL(  385): Rkvpu_OMX_GetExtensionIndex(2041): OMX_IndexParamdescribeColorFormat get 
12-05 02:42:39.010 E/OMXNodeInstance(  385): getExtensionIndex(0xf0f22c60:rk._decoder.flv1, OMX.google.android.index.configureVideoTunnelMode) ERROR: BadParameter(0x80001005)
12-05 02:42:39.010 I/ROCKCHIP_OSAL_Android(  385): Rockchip_OSAL_SetANBParameter(667): nBufferCountMin = 22 nBufferCountActual = 24
12-05 02:42:39.010 W/OMXNodeInstance(  385): [0xf0f22c60:rk._decoder.flv1] component does not support metadata mode; using fallback
12-05 02:42:39.011 V/WebViewLibraryLoader(  642): RelroFileCreator (64bit = false),  32-bit lib: /system/app/webview/webview.apk!/lib/armeabi-v7a/libwebviewchromium.so, 64-bit lib: /system/app/webview/webview.apk!/lib/arm64-v8a/libwebviewchromium.so
12-05 02:42:39.011 W/LocationManagerService(  446): no network location provider found
12-05 02:42:39.013 I/OMXClient(  381): Treble IOmx obtained
12-05 02:42:39.013 I/OMXMaster(  385): makeComponentInstance(OMX.rk.video_decoder.h263) in omx@1.0-service process
12-05 02:42:39.015 E/ROCKCHIP_LOG(  385): Rockchip_OSAL_SharedMemory_Open(448): 222ion_client_create Error: 8
12-05 02:42:39.015 E/ROCKCHIP_RM(  385): Rockchip_OMX_Check_Resource(282): pRockchipComponent->codecType 1, Line:282
12-05 02:42:39.017 E/ROCKCHIP_VIDEO_DECCONTROL(  385): Rkvpu_OMX_GetExtensionIndex(2041): OMX_IndexParamdescribeColorFormat get 
12-05 02:42:39.018 E/LocationManagerService(  446): no geocoder provider found
12-05 02:42:39.018 D/LocationManagerService(  446): FLP HAL not supported
12-05 02:42:39.017 E/ROCKCHIP_VIDEO_DECCONTROL(  385): Rkvpu_OMX_GetExtensionIndex(2041): OMX_IndexParamdescribeColorFormat get 
12-05 02:42:39.018 E/OMXNodeInstance(  385): getExtensionIndex(0xf0f22c60:rk._decoder.h263, OMX.google.android.index.configureVideoTunnelMode) ERROR: BadParameter(0x80001005)
12-05 02:42:39.019 I/ROCKCHIP_OSAL_Android(  385): Rockchip_OSAL_SetANBParameter(667): nBufferCountMin = 22 nBufferCountActual = 24
12-05 02:42:39.019 W/OMXNodeInstance(  385): [0xf0f22c60:rk._decoder.h263] component does not support metadata mode; using fallback
12-05 02:42:39.022 I/OMXClient(  381): Treble IOmx obtained
12-05 02:42:39.023 I/OMXMaster(  385): makeComponentInstance(OMX.rk.video_decoder.hevc) in omx@1.0-service process
12-05 02:42:39.023 D/LocationManagerService(  446): Unable to bind FLP Geofence proxy.
12-05 02:42:39.023 E/ActivityRecognitionHardware(  446): activity_recognition HAL is deprecated. is_supported is effectively a no-op
12-05 02:42:39.023 D/LocationManagerService(  446): Hardware Activity-Recognition not supported.
12-05 02:42:39.024 E/ActivityRecognitionProxy(  446): ServiceWatcher could not start.
12-05 02:42:39.024 D/LocationManagerService(  446): Unable to bind ActivityRecognitionProxy.
12-05 02:42:39.024 E/ROCKCHIP_LOG(  385): Rockchip_OSAL_SharedMemory_Open(448): 222ion_client_create Error: 8
12-05 02:42:39.024 E/ROCKCHIP_RM(  385): Rockchip_OMX_Check_Resource(282): pRockchipComponent->codecType 1, Line:282
12-05 02:42:39.026 D/SystemServerTiming(  446): MakeLocationServiceReady took to complete: 23ms
12-05 02:42:39.026 I/SystemServer(  446): MakeCountryDetectionServiceReady
12-05 02:42:39.026 D/SystemServerTiming(  446): MakeCountryDetectionServiceReady took to complete: 0ms
12-05 02:42:39.026 I/SystemServer(  446): MakeNetworkTimeUpdateReady
12-05 02:42:39.026 E/ROCKCHIP_VIDEO_DECCONTROL(  385): Rkvpu_OMX_GetExtensionIndex(2041): OMX_IndexParamdescribeColorFormat get 
12-05 02:42:39.026 E/ROCKCHIP_VIDEO_DECCONTROL(  385): Rkvpu_OMX_GetExtensionIndex(2041): OMX_IndexParamdescribeColorFormat get 
12-05 02:42:39.027 E/OMXNodeInstance(  385): getExtensionIndex(0xf0b2a0c0:rk._decoder.hevc, OMX.google.android.index.configureVideoTunnelMode) ERROR: BadParameter(0x80001005)
12-05 02:42:39.027 I/ROCKCHIP_OSAL_Android(  385): Rockchip_OSAL_SetANBParameter(667): nBufferCountMin = 22 nBufferCountActual = 24
12-05 02:42:39.028 W/OMXNodeInstance(  385): [0xf0b2a0c0:rk._decoder.hevc] component does not support metadata mode; using fallback
12-05 02:42:39.032 I/OMXClient(  381): Treble IOmx obtained
12-05 02:42:39.033 I/OMXMaster(  385): makeComponentInstance(OMX.google.hevc.decoder) in omx@1.0-service process
12-05 02:42:39.040 D/ConnectivityService(  446): requestNetwork for uid/pid:1000/446 NetworkRequest [ TRACK_DEFAULT id=5, [ Capabilities: INTERNET&NOT_RESTRICTED&TRUSTED&NOT_VPN] ]
12-05 02:42:39.041 D/SystemServerTiming(  446): MakeNetworkTimeUpdateReady took to complete: 14ms
12-05 02:42:39.041 I/SystemServer(  446): MakeCommonTimeManagementServiceReady
12-05 02:42:39.041 I/CommonTimeManagementService(  446): No common time service detected on this platform.  Common time services will be unavailable.
12-05 02:42:39.041 D/SystemServerTiming(  446): MakeCommonTimeManagementServiceReady took to complete: 1ms
12-05 02:42:39.041 I/SystemServer(  446): MakeInputManagerServiceReady
12-05 02:42:39.041 D/Ethernet(  446): got request NetworkRequest [ TRACK_DEFAULT id=5, [ Capabilities: INTERNET&NOT_RESTRICTED&TRUSTED&NOT_VPN] ] with score 0
12-05 02:42:39.042 I/LatinIME(  578): Hardware accelerated drawing: false
12-05 02:42:39.043 D/SystemServerTiming(  446): MakeInputManagerServiceReady took to complete: 1ms
12-05 02:42:39.043 I/SystemServer(  446): MakeTelephonyRegistryReady
12-05 02:42:39.043 I/InputReader(  446): Reconfiguring input devices.  changes=0x00000020
12-05 02:42:39.043 D/SystemServerTiming(  446): MakeTelephonyRegistryReady took to complete: 1ms
12-05 02:42:39.043 I/SystemServer(  446): MakeMediaRouterServiceReady
12-05 02:42:39.044 D/SystemServerTiming(  446): MakeMediaRouterServiceReady took to complete: 0ms
12-05 02:42:39.044 I/SystemServer(  446): MakeMmsServiceReady
12-05 02:42:39.044 I/MmsServiceBroker(  446): Delay connecting to MmsService until an API is called
12-05 02:42:39.044 D/SystemServerTiming(  446): MakeMmsServiceReady took to complete: 0ms
12-05 02:42:39.044 I/SystemServer(  446): MakeNetworkScoreServiceReady
12-05 02:42:39.044 D/SystemServerTiming(  446): MakeNetworkScoreServiceReady took to complete: 0ms
12-05 02:42:39.044 I/SystemServer(  446): IncidentDaemonReady
12-05 02:42:39.045 D/SystemServerTiming(  446): IncidentDaemonReady took to complete: 1ms
12-05 02:42:39.045 I/SystemServiceManager(  446): Calling onStartUser u0
12-05 02:42:39.046 W/VoiceInteractionManagerService(  446): no available voice interaction services found for user 0
12-05 02:42:39.047 W/VoiceInteractionManagerService(  446): no available voice recognition services found for user 0
12-05 02:42:39.051 E/OMXNodeInstance(  385): getExtensionIndex(0xf0b2a0c0:google.hevc.decoder, OMX.google.android.index.configureVideoTunnelMode) ERROR: UnsupportedIndex(0x8000101a)
12-05 02:42:39.052 E/OMXNodeInstance(  385): getExtensionIndex(0xf0b2a0c0:google.hevc.decoder, OMX.google.android.index.enableAndroidNativeBuffers) ERROR: UnsupportedIndex(0x8000101a)
12-05 02:42:39.058 I/OMXClient(  381): Treble IOmx obtained
12-05 02:42:39.058 I/OMXMaster(  385): makeComponentInstance(OMX.rk.video_decoder.m2v) in omx@1.0-service process
12-05 02:42:39.060 E/ROCKCHIP_LOG(  385): Rockchip_OSAL_SharedMemory_Open(448): 222ion_client_create Error: 8
12-05 02:42:39.060 E/ROCKCHIP_RM(  385): Rockchip_OMX_Check_Resource(282): pRockchipComponent->codecType 1, Line:282
12-05 02:42:39.061 E/ROCKCHIP_VIDEO_DECCONTROL(  385): Rkvpu_OMX_GetExtensionIndex(2041): OMX_IndexParamdescribeColorFormat get 
12-05 02:42:39.062 E/ROCKCHIP_VIDEO_DECCONTROL(  385): Rkvpu_OMX_GetExtensionIndex(2041): OMX_IndexParamdescribeColorFormat get 
12-05 02:42:39.063 E/OMXNodeInstance(  385): getExtensionIndex(0xf0b2a0c0:rk._decoder.m2v, OMX.google.android.index.configureVideoTunnelMode) ERROR: BadParameter(0x80001005)
12-05 02:42:39.064 I/ROCKCHIP_OSAL_Android(  385): Rockchip_OSAL_SetANBParameter(667): nBufferCountMin = 22 nBufferCountActual = 24
12-05 02:42:39.064 W/OMXNodeInstance(  385): [0xf0b2a0c0:rk._decoder.m2v] component does not support metadata mode; using fallback
12-05 02:42:39.068 I/ActivityManager(  446): Start proc 700:com.android.phone/1001 for added application com.android.phone
12-05 02:42:39.069 I/OMXClient(  381): Treble IOmx obtained
12-05 02:42:39.070 I/OMXMaster(  385): makeComponentInstance(OMX.rk.video_decoder.m4v) in omx@1.0-service process
12-05 02:42:39.070 I/ActivityManager(  446): START u0 {act=android.intent.action.MAIN cat=[android.intent.category.HOME] flg=0x10000100 cmp=com.android.settings/.CryptKeeper} from uid 0
12-05 02:42:39.071 E/ROCKCHIP_LOG(  385): Rockchip_OSAL_SharedMemory_Open(448): 222ion_client_create Error: 8
12-05 02:42:39.072 E/ROCKCHIP_RM(  385): Rockchip_OMX_Check_Resource(282): pRockchipComponent->codecType 1, Line:282
12-05 02:42:39.076 E/ROCKCHIP_VIDEO_DECCONTROL(  385): Rkvpu_OMX_GetExtensionIndex(2041): OMX_IndexParamdescribeColorFormat get 
12-05 02:42:39.078 E/ROCKCHIP_VIDEO_DECCONTROL(  385): Rkvpu_OMX_GetExtensionIndex(2041): OMX_IndexParamdescribeColorFormat get 
12-05 02:42:39.079 E/OMXNodeInstance(  385): getExtensionIndex(0xf0f22cc0:rk._decoder.m4v, OMX.google.android.index.configureVideoTunnelMode) ERROR: BadParameter(0x80001005)
12-05 02:42:39.079 I/ROCKCHIP_OSAL_Android(  385): Rockchip_OSAL_SetANBParameter(667): nBufferCountMin = 22 nBufferCountActual = 24
12-05 02:42:39.079 I/InputReader(  446): Reconfiguring input devices.  changes=0x00000010
12-05 02:42:39.079 W/OMXNodeInstance(  385): [0xf0f22cc0:rk._decoder.m4v] component does not support metadata mode; using fallback
12-05 02:42:39.086 I/OMXClient(  381): Treble IOmx obtained
12-05 02:42:39.087 I/OMXMaster(  385): makeComponentInstance(OMX.rk.video_decoder.vp8) in omx@1.0-service process
12-05 02:42:39.088 E/ROCKCHIP_LOG(  385): Rockchip_OSAL_SharedMemory_Open(448): 222ion_client_create Error: 8
12-05 02:42:39.088 E/ROCKCHIP_RM(  385): Rockchip_OMX_Check_Resource(282): pRockchipComponent->codecType 1, Line:282
12-05 02:42:39.089 E/ROCKCHIP_VIDEO_DECCONTROL(  385): Rkvpu_OMX_GetExtensionIndex(2041): OMX_IndexParamdescribeColorFormat get 
12-05 02:42:39.091 E/ROCKCHIP_VIDEO_DECCONTROL(  385): Rkvpu_OMX_GetExtensionIndex(2041): OMX_IndexParamdescribeColorFormat get 
12-05 02:42:39.092 E/OMXNodeInstance(  385): getExtensionIndex(0xf0f22d80:rk._decoder.vp8, OMX.google.android.index.configureVideoTunnelMode) ERROR: BadParameter(0x80001005)
12-05 02:42:39.092 I/ROCKCHIP_OSAL_Android(  385): Rockchip_OSAL_SetANBParameter(667): nBufferCountMin = 22 nBufferCountActual = 24
12-05 02:42:39.092 D/BluetoothAdapterService(  561): onCreate()
12-05 02:42:39.092 W/OMXNodeInstance(  385): [0xf0f22d80:rk._decoder.vp8] component does not support metadata mode; using fallback
12-05 02:42:39.098 I/OMXClient(  381): Treble IOmx obtained
12-05 02:42:39.099 I/OMXMaster(  385): makeComponentInstance(OMX.google.vp8.decoder) in omx@1.0-service process
12-05 02:42:39.122 I/zygote  (  642): System.exit called, status: 0
12-05 02:42:39.122 I/AndroidRuntime(  642): VM exiting with result code 0, cleanup skipped.
12-05 02:42:39.138 E/OMXNodeInstance(  385): getExtensionIndex(0xf0f22d80:google.vp8.decoder, OMX.google.android.index.configureVideoTunnelMode) ERROR: UnsupportedIndex(0x8000101a)
12-05 02:42:39.138 E/OMXNodeInstance(  385): getExtensionIndex(0xf0f22d80:google.vp8.decoder, OMX.google.android.index.enableAndroidNativeBuffers) ERROR: UnsupportedIndex(0x8000101a)
12-05 02:42:39.142 I/OMXClient(  381): Treble IOmx obtained
12-05 02:42:39.142 I/OMXMaster(  385): makeComponentInstance(OMX.google.vp9.decoder) in omx@1.0-service process
12-05 02:42:39.144 E/OMXNodeInstance(  385): getExtensionIndex(0xf0f22c00:google.vp9.decoder, OMX.google.android.index.configureVideoTunnelMode) ERROR: UnsupportedIndex(0x8000101a)
12-05 02:42:39.144 E/OMXNodeInstance(  385): getExtensionIndex(0xf0f22c00:google.vp9.decoder, OMX.google.android.index.enableAndroidNativeBuffers) ERROR: UnsupportedIndex(0x8000101a)
12-05 02:42:39.147 I/OMXClient(  381): Treble IOmx obtained
12-05 02:42:39.147 I/OMXMaster(  385): makeComponentInstance(OMX.rk.video_encoder.avc) in omx@1.0-service process
12-05 02:42:39.148 E/ROCKCHIP_LOG(  385): Rockchip_OSAL_SharedMemory_Open(448): 222ion_client_create Error: 8
12-05 02:42:39.148 E/ROCKCHIP_RM(  385): Rockchip_OMX_Check_Resource(282): pRockchipComponent->codecType 2, Line:282
12-05 02:42:39.151 W/ACodec  (  381): [OMX.rk.video_encoder.avc] stopping checking profiles after 32: 8/1
12-05 02:42:39.152 W/OMXUtils(  381): do not know color format 0x7f000789 = 2130708361
12-05 02:42:39.152 E/OMXNodeInstance(  385): getConfig(0xf0f22c00:rk._encoder.avc, ConfigAndroidIntraRefresh(0x6f60000a)) ERROR: UnsupportedIndex(0x8000101a)
12-05 02:42:39.160 I/OMXClient(  381): Treble IOmx obtained
12-05 02:42:39.160 I/OMXMaster(  385): makeComponentInstance(OMX.google.h264.encoder) in omx@1.0-service process
12-05 02:42:39.170 W/OMXUtils(  381): do not know color format 0x7f000789 = 2130708361
12-05 02:42:39.174 I/zygote64(  658): System.exit called, status: 0
12-05 02:42:39.174 I/AndroidRuntime(  658): VM exiting with result code 0, cleanup skipped.
12-05 02:42:39.175 I/OMXClient(  381): Treble IOmx obtained
12-05 02:42:39.176 I/OMXMaster(  385): makeComponentInstance(OMX.google.h263.encoder) in omx@1.0-service process
12-05 02:42:39.180 I/SoftMPEG4Encoder(  385): Construct SoftMPEG4Encoder
12-05 02:42:39.182 W/OMXUtils(  381): do not know color format 0x7f000789 = 2130708361
12-05 02:42:39.182 E/OMXNodeInstance(  385): getConfig(0xf0f22e40:google.h263.encoder, ConfigAndroidIntraRefresh(0x6f60000a)) ERROR: Undefined(0x80001001)
12-05 02:42:39.184 I/OMXClient(  381): Treble IOmx obtained
12-05 02:42:39.185 I/OMXMaster(  385): makeComponentInstance(OMX.google.mpeg4.encoder) in omx@1.0-service process
12-05 02:42:39.185 I/SoftMPEG4Encoder(  385): Construct SoftMPEG4Encoder
12-05 02:42:39.188 W/OMXUtils(  381): do not know color format 0x7f000789 = 2130708361
12-05 02:42:39.188 E/OMXNodeInstance(  385): getConfig(0xf0f22e40:google.mpeg4.encoder, ConfigAndroidIntraRefresh(0x6f60000a)) ERROR: Undefined(0x80001001)
12-05 02:42:39.193 I/OMXClient(  381): Treble IOmx obtained
12-05 02:42:39.194 I/OMXMaster(  385): makeComponentInstance(OMX.google.vp8.encoder) in omx@1.0-service process
12-05 02:42:39.202 W/OMXUtils(  381): do not know color format 0x7f000789 = 2130708361
12-05 02:42:39.203 E/OMXNodeInstance(  385): getConfig(0xf0f22c00:google.vp8.encoder, ConfigAndroidIntraRefresh(0x6f60000a)) ERROR: Undefined(0x80001001)
12-05 02:42:39.209 I/OMXClient(  446): Treble IOmx obtained
12-05 02:42:39.209 I/OMXMaster(  385): makeComponentInstance(OMX.google.vorbis.decoder) in omx@1.0-service process
12-05 02:42:39.214 E/OMXNodeInstance(  385): getConfig(0xf0f22c00:google.vorbis.decoder, ConfigAndroidVendorExtension(0x6f100004)) ERROR: Undefined(0x80001001)
12-05 02:42:39.217 W//system/bin/hw/android.hidl.allocator@1.0-service(  248): ashmem_create_region(32768) returning hidl_memory(0x74f382b300, 32768)
12-05 02:42:39.257 I/ActivityManager(  446): Loaded persisted task ids for user 0
12-05 02:42:39.255 I/chatty  (  248): uid=1000(system) allocator@1.0-s identical 10 lines
12-05 02:42:39.256 W//system/bin/hw/android.hidl.allocator@1.0-service(  248): ashmem_create_region(32768) returning hidl_memory(0x74f382b300, 32768)
12-05 02:42:39.267 E/ActivityManager(  446): getPackageFerformanceMode--ComponentInfo{com.android.settings/com.android.settings.CryptKeeper}----com.android.settings
12-05 02:42:39.271 V/NuMediaExtractor(  446): setDataSource fd=178 (/system/media/audio/ui/KeypressStandard.ogg), offset=0, length=5837
12-05 02:42:39.270 W/Binder:379_1(  379): type=1400 audit(0.0:9): avc: denied { read } for name="u:object_r:ctsgts_prop:s0" dev="tmpfs" ino=218 scontext=u:r:mediaextractor:s0 tcontext=u:object_r:ctsgts_prop:s0 tclass=file permissive=0
12-05 02:42:39.274 E/libc    (  379): Access denied finding property "cts_gts.status"
12-05 02:42:39.274 E/ffmExtractor(  379): Cannot load library libffmpeg_utils.so dlerror = dlopen failed: library "libffmpeg_utils.so" not found
12-05 02:42:39.274 E/ffmExtractor(  379): lib open failed
12-05 02:42:39.280 V/NuMediaExtractor(  446): track of type 'audio/vorbis' does not publish bitrate
12-05 02:42:39.282 I/ActivityManager(  446): Start proc 747:com.android.settings:CryptKeeper/1000 for activity com.android.settings/.CryptKeeper
12-05 02:42:39.285 I/OMXClient(  446): Treble IOmx obtained
12-05 02:42:39.285 I/OMXMaster(  385): makeComponentInstance(OMX.google.vorbis.decoder) in omx@1.0-service process
12-05 02:42:39.288 E/OMXNodeInstance(  385): getConfig(0xf0f22c00:google.vorbis.decoder, ConfigAndroidVendorExtension(0x6f100004)) ERROR: Undefined(0x80001001)
12-05 02:42:39.291 W//system/bin/hw/android.hidl.allocator@1.0-service(  248): ashmem_create_region(32768) returning hidl_memory(0x74f382b300, 32768)
12-05 02:42:39.293 I/chatty  (  248): uid=1000(system) allocator@1.0-s identical 3 lines
12-05 02:42:39.295 W//system/bin/hw/android.hidl.allocator@1.0-service(  248): ashmem_create_region(32768) returning hidl_memory(0x74f382b300, 32768)
12-05 02:42:39.295 D/AndroidRuntime(  668): >>>>>> START com.android.internal.os.WebViewZygoteInit uid 1053 <<<<<<
12-05 02:42:39.296 W//system/bin/hw/android.hidl.allocator@1.0-service(  248): ashmem_create_region(32768) returning hidl_memory(0x74f382b300, 32768)
12-05 02:42:39.296 I/chatty  (  248): uid=1000(system) allocator@1.0-s identical 1 line
12-05 02:42:39.297 W//system/bin/hw/android.hidl.allocator@1.0-service(  248): ashmem_create_region(32768) returning hidl_memory(0x74f382b300, 32768)
12-05 02:42:39.301 W/zygote64(  446): VintfObject.verify() returns 1: Runtime info and framework compatibility matrix are incompatible: For config CONFIG_DEVMEM, value = y but required n
12-05 02:42:39.301 E/Build   (  446): Vendor interface is incompatible, error=1
12-05 02:42:39.301 E/ActivityManager(  446): getPackageFerformanceMode--ComponentInfo{com.android.settings/com.android.settings.CryptKeeper}----com.android.settings
12-05 02:42:39.302 D/SystemServerTiming(  446): ActivityManagerStartApps took to complete: 258ms
12-05 02:42:39.302 D/SystemServerTiming(  446): PhaseActivityManagerReady took to complete: 596ms
12-05 02:42:39.304 W/Looper  (  446): Dispatch took 255ms on android.ui, h=Handler (com.android.server.am.ActivityManagerService$UiHandler) {208e4a3} cb=null msg=53
12-05 02:42:39.304 W/zygote64(  446): Long monitor contention with owner main (446) at void com.android.server.am.ActivityManagerService.systemReady(java.lang.Runnable, android.util.TimingsTraceLog)(ActivityManagerService.java:14297) waiters=1 in void com.android.server.am.ActivityManagerService.attachApplication(android.app.IApplicationThread) for 209ms
12-05 02:42:39.307 I//system/bin/webview_zygote32(  668): option[0]=-Xzygote
12-05 02:42:39.307 I//system/bin/webview_zygote32(  668): option[1]=-Xusetombstonedtraces
12-05 02:42:39.307 I//system/bin/webview_zygote32(  668): option[2]=exit
12-05 02:42:39.307 I//system/bin/webview_zygote32(  668): option[3]=vfprintf
12-05 02:42:39.307 I//system/bin/webview_zygote32(  668): option[4]=sensitiveThread
12-05 02:42:39.307 I//system/bin/webview_zygote32(  668): option[5]=-verbose:gc
12-05 02:42:39.307 I//system/bin/webview_zygote32(  668): option[6]=-Xms16m
12-05 02:42:39.307 I//system/bin/webview_zygote32(  668): option[7]=-Xmx512m
12-05 02:42:39.307 I//system/bin/webview_zygote32(  668): option[8]=-XX:HeapGrowthLimit=192m
12-05 02:42:39.307 I//system/bin/webview_zygote32(  668): option[9]=-XX:HeapMinFree=512k
12-05 02:42:39.308 I//system/bin/webview_zygote32(  668): option[10]=-XX:HeapMaxFree=8m
12-05 02:42:39.308 I//system/bin/webview_zygote32(  668): option[11]=-XX:HeapTargetUtilization=0.75
12-05 02:42:39.308 I//system/bin/webview_zygote32(  668): option[12]=-Xusejit:true
12-05 02:42:39.308 I//system/bin/webview_zygote32(  668): option[13]=-Xjitsaveprofilinginfo
12-05 02:42:39.308 I//system/bin/webview_zygote32(  668): option[14]=-agentlib:jdwp=transport=dt_android_adb,suspend=n,server=y
12-05 02:42:39.308 I//system/bin/webview_zygote32(  668): option[15]=-Xlockprofthreshold:500
12-05 02:42:39.308 I//system/bin/webview_zygote32(  668): option[16]=-Ximage-compiler-option
12-05 02:42:39.308 I//system/bin/webview_zygote32(  668): option[17]=--runtime-arg
12-05 02:42:39.308 I//system/bin/webview_zygote32(  668): option[18]=-Ximage-compiler-option
12-05 02:42:39.308 I//system/bin/webview_zygote32(  668): option[19]=-Xms64m
12-05 02:42:39.308 I//system/bin/webview_zygote32(  668): option[20]=-Ximage-compiler-option
12-05 02:42:39.308 I//system/bin/webview_zygote32(  668): option[21]=--runtime-arg
12-05 02:42:39.308 I//system/bin/webview_zygote32(  668): option[22]=-Ximage-compiler-option
12-05 02:42:39.308 I//system/bin/webview_zygote32(  668): option[23]=-Xmx64m
12-05 02:42:39.308 I//system/bin/webview_zygote32(  668): option[24]=-Ximage-compiler-option
12-05 02:42:39.308 I//system/bin/webview_zygote32(  668): option[25]=--image-classes=/system/etc/preloaded-classes
12-05 02:42:39.308 I//system/bin/webview_zygote32(  668): option[26]=-Ximage-compiler-option
12-05 02:42:39.308 I//system/bin/webview_zygote32(  668): option[27]=--compiled-classes=/system/etc/compiled-classes
12-05 02:42:39.308 I//system/bin/webview_zygote32(  668): option[28]=-Ximage-compiler-option
12-05 02:42:39.308 I//system/bin/webview_zygote32(  668): option[29]=--dirty-image-objects=/system/etc/dirty-image-objects
12-05 02:42:39.309 I//system/bin/webview_zygote32(  668): option[30]=-Xcompiler-option
12-05 02:42:39.309 I//system/bin/webview_zygote32(  668): option[31]=--runtime-arg
12-05 02:42:39.309 I//system/bin/webview_zygote32(  668): option[32]=-Xcompiler-option
12-05 02:42:39.309 I//system/bin/webview_zygote32(  668): option[33]=-Xms64m
12-05 02:42:39.309 I//system/bin/webview_zygote32(  668): option[34]=-Xcompiler-option
12-05 02:42:39.309 I//system/bin/webview_zygote32(  668): option[35]=--runtime-arg
12-05 02:42:39.309 I//system/bin/webview_zygote32(  668): option[36]=-Xcompiler-option
12-05 02:42:39.309 I//system/bin/webview_zygote32(  668): option[37]=-Xmx512m
12-05 02:42:39.309 I//system/bin/webview_zygote32(  668): option[38]=-Ximage-compiler-option
12-05 02:42:39.309 I//system/bin/webview_zygote32(  668): option[39]=--instruction-set-variant=cortex-a15
12-05 02:42:39.309 I//system/bin/webview_zygote32(  668): option[40]=-Xcompiler-option
12-05 02:42:39.309 I//system/bin/webview_zygote32(  668): option[41]=--instruction-set-variant=cortex-a15
12-05 02:42:39.309 I//system/bin/webview_zygote32(  668): option[42]=-Ximage-compiler-option
12-05 02:42:39.309 I//system/bin/webview_zygote32(  668): option[43]=--instruction-set-features=default
12-05 02:42:39.309 I//system/bin/webview_zygote32(  668): option[44]=-Xcompiler-option
12-05 02:42:39.309 I//system/bin/webview_zygote32(  668): option[45]=--instruction-set-features=default
12-05 02:42:39.309 I//system/bin/webview_zygote32(  668): option[46]=-Duser.locale=en-US
12-05 02:42:39.309 I//system/bin/webview_zygote32(  668): option[47]=--cpu-abilist=armeabi-v7a,armeabi
12-05 02:42:39.309 I//system/bin/webview_zygote32(  668): option[48]=-Xfingerprint:rockchip/rk3399_mid/rk3399_mid:8.1.0/OPM8.181105.002/220257:userdebug/test-keys
12-05 02:42:39.311 W/zygote64(  446): Long monitor contention with owner main (446) at void com.android.server.am.ActivityManagerService.systemReady(java.lang.Runnable, android.util.TimingsTraceLog)(ActivityManagerService.java:14297) waiters=3 in java.lang.String com.android.server.am.ActivityManagerService.checkContentProviderAccess(java.lang.String, int) for 177ms
12-05 02:42:39.319 D/SystemServerInitThreadPool(  446): Shutdown successful
12-05 02:42:39.319 D/SystemServerTiming(  446): StartServices took to complete: 2360ms
12-05 02:42:39.320 I/SystemServer(  446): Enabled StrictMode for system server main thread.
12-05 02:42:39.327 I/ActivityManager(  446): START u0 {act=com.android.internal.intent.action.REQUEST_SHUTDOWN flg=0x10000000 cmp=android/com.android.internal.app.ShutdownActivity (has extras)} from uid 1000
12-05 02:42:39.336 D/BluetoothAdapterState(  561): make() - Creating AdapterState
12-05 02:42:39.336 V/NuMediaExtractor(  446): setDataSource fd=179 (/system/media/audio/ui/KeypressSpacebar.ogg), offset=0, length=5952
12-05 02:42:39.340 W/Binder:379_2(  379): type=1400 audit(0.0:10): avc: denied { read } for name="u:object_r:ctsgts_prop:s0" dev="tmpfs" ino=218 scontext=u:r:mediaextractor:s0 tcontext=u:object_r:ctsgts_prop:s0 tclass=file permissive=0
12-05 02:42:39.343 E/libc    (  379): Access denied finding property "cts_gts.status"
12-05 02:42:39.344 E/ffmExtractor(  379): Cannot load library libffmpeg_utils.so dlerror = dlopen failed: library "libffmpeg_utils.so" not found
12-05 02:42:39.344 E/ffmExtractor(  379): lib open failed
12-05 02:42:39.346 I/zygote64(  747): The ClassLoaderContext is a special shared library.
12-05 02:42:39.349 I/BluetoothAdapterState(  561): Entering OffState
12-05 02:42:39.349 I/bt_btif (  561): init
12-05 02:42:39.350 D/bt_osi_allocation_tracker(  561): canary initialized
12-05 02:42:39.352 I/bt_osi_thread(  561): run_thread: thread id 772, thread name stack_manager started
12-05 02:42:39.352 I/bt_stack_manager(  561): event_init_stack is initializing the stack
12-05 02:42:39.354 I/zygote64(  700): The ClassLoaderContext is a special shared library.
12-05 02:42:39.355 E/bt_btif_config(  561): Config is missing adapter section
12-05 02:42:39.355 W/bt_btif_config(  561): init unable to load config file: /data/misc/bluedroid/bt_config.conf; using backup.
12-05 02:42:39.358 E/bt_btif_config(  561): Config is missing adapter section
12-05 02:42:39.358 W/bt_btif_config(  561): init unable to load backup; attempting to transcode legacy file.
12-05 02:42:39.358 E/bt_btif_config_transcode(  561): btif_config_transcode unable to load XML file '/data/misc/bluedroid/bt_config.xml': 3
12-05 02:42:39.358 E/bt_btif_config(  561): init unable to transcode legacy file; creating empty config.
12-05 02:42:39.359 I/bt_osi_thread(  561): run_thread: thread id 775, thread name alarm_default_ca started
12-05 02:42:39.359 I/bt_osi_thread(  561): run_thread: thread id 776, thread name alarm_dispatcher started
12-05 02:42:39.361 I/bt_btif_core(  561): btif_init_bluetooth entered
12-05 02:42:39.362 I/bt_stack_config(  561): init attempt to load stack conf from /etc/bluetooth/bt_stack.conf
12-05 02:42:39.364 I/bt_osi_thread(  561): run_thread: thread id 778, thread name bt_jni_workqueue started
12-05 02:42:39.365 I/bt_btif_core(  561): btif_init_bluetooth finished
12-05 02:42:39.365 I/bt_stack_manager(  561): event_init_stack finished
12-05 02:42:39.365 I/bt_btif_core(  561): run_message_loop entered
12-05 02:42:39.365 I/bt_osi_wakelock(  561): wakelock_set_os_callouts set to non-native
12-05 02:42:39.365 I/bt_btif (  561): get_profile_interface: id = socket
12-05 02:42:39.367 W/bt_btif (  561): do_in_jni_thread: Dropped message, message_loop not initialized yet!
12-05 02:42:39.367 W/bt_btif (  561): do_in_jni_thread: Dropped message, message_loop not initialized yet!
12-05 02:42:39.369 V/NuMediaExtractor(  446): track of type 'audio/vorbis' does not publish bitrate
12-05 02:42:39.374 I/bt_btif (  561): get_profile_interface: id = sdp
12-05 02:42:39.375 I/OMXClient(  446): Treble IOmx obtained
12-05 02:42:39.376 I/OMXMaster(  385): makeComponentInstance(OMX.google.vorbis.decoder) in omx@1.0-service process
12-05 02:42:39.378 E/OMXNodeInstance(  385): getConfig(0xf0f22c00:google.vorbis.decoder, ConfigAndroidVendorExtension(0x6f100004)) ERROR: Undefined(0x80001001)
12-05 02:42:39.381 W//system/bin/hw/android.hidl.allocator@1.0-service(  248): ashmem_create_region(32768) returning hidl_memory(0x74f382b300, 32768)
12-05 02:42:39.387 I/chatty  (  248): uid=1000(system) allocator@1.0-s identical 6 lines
12-05 02:42:39.388 W//system/bin/hw/android.hidl.allocator@1.0-service(  248): ashmem_create_region(32768) returning hidl_memory(0x74f382b300, 32768)
12-05 02:42:39.406 E/ActivityManager(  446): getPackageFerformanceMode--ComponentInfo{android/com.android.internal.app.ShutdownActivity}----android
12-05 02:42:39.417 W/InputAttributes(  578): No editor info for this field. Bug?
12-05 02:42:39.420 I/BluetoothAdapterService(  561): Phone policy enabled
12-05 02:42:39.422 D/BluetoothAdapterService(  561): setAdapterService() - set to: null
12-05 02:42:39.424 V/NuMediaExtractor(  446): setDataSource fd=180 (/system/media/audio/ui/KeypressDelete.ogg), offset=0, length=5832
12-05 02:42:39.425 V/SystemUIService(  595): Starting SystemUI services for user 0.
12-05 02:42:39.425 D/BluetoothAdapterService(  561): onBind()
12-05 02:42:39.426 W/Binder:379_2(  379): type=1400 audit(0.0:11): avc: denied { read } for name="u:object_r:ctsgts_prop:s0" dev="tmpfs" ino=218 scontext=u:r:mediaextractor:s0 tcontext=u:object_r:ctsgts_prop:s0 tclass=file permissive=0
12-05 02:42:39.429 E/libc    (  379): Access denied finding property "cts_gts.status"
12-05 02:42:39.430 E/ffmExtractor(  379): Cannot load library libffmpeg_utils.so dlerror = dlopen failed: library "libffmpeg_utils.so" not found
12-05 02:42:39.430 E/ffmExtractor(  379): lib open failed
12-05 02:42:39.434 D/SystemUIBootTiming(  595): StartServicesDependency took to complete: 5ms
12-05 02:42:39.438 V/NuMediaExtractor(  446): track of type 'audio/vorbis' does not publish bitrate
12-05 02:42:39.439 D/CryptKeeper(  747): Disabling component ComponentInfo{com.android.settings/com.android.settings.CryptKeeper}
12-05 02:42:39.440 I/zygote64(  700): The ClassLoaderContext is a special shared library.
12-05 02:42:39.440 D/PackageManager(  446): Ephemeral installer not found with new action; try old one
12-05 02:42:39.440 D/PackageManager(  446): Clear ephemeral installer activity
12-05 02:42:39.444 I/OMXClient(  446): Treble IOmx obtained
12-05 02:42:39.445 I/OMXMaster(  385): makeComponentInstance(OMX.google.vorbis.decoder) in omx@1.0-service process
12-05 02:42:39.448 E/OMXNodeInstance(  385): getConfig(0xf0f22c00:google.vorbis.decoder, ConfigAndroidVendorExtension(0x6f100004)) ERROR: Undefined(0x80001001)
12-05 02:42:39.450 E/ActivityManager(  446): getPackageFerformanceMode--ComponentInfo{android/com.android.internal.app.ShutdownActivity}----android
12-05 02:42:39.451 W//system/bin/hw/android.hidl.allocator@1.0-service(  248): ashmem_create_region(32768) returning hidl_memory(0x74f382b300, 32768)
12-05 02:42:39.456 D/SystemUIBootTiming(  595): StartServicesNotificationChannels took to complete: 23ms
12-05 02:42:39.453 I/chatty  (  248): uid=1000(system) allocator@1.0-s identical 2 lines
12-05 02:42:39.454 W//system/bin/hw/android.hidl.allocator@1.0-service(  248): ashmem_create_region(32768) returning hidl_memory(0x74f382b300, 32768)
12-05 02:42:39.456 I/LatinIME:LogUtils(  578): Dictionary info: dictionary = UserHistoryDictionary.en_US ; version = 1543977759 ; date = ?
12-05 02:42:39.459 W//system/bin/hw/android.hidl.allocator@1.0-service(  248): ashmem_create_region(32768) returning hidl_memory(0x74f382b300, 32768)
12-05 02:42:39.460 D/SystemUIBootTiming(  595): StartServicesCommandQueueStart took to complete: 2ms
12-05 02:42:39.461 I/chatty  (  248): uid=1000(system) allocator@1.0-s identical 2 lines
12-05 02:42:39.465 W//system/bin/hw/android.hidl.allocator@1.0-service(  248): ashmem_create_region(32768) returning hidl_memory(0x74f382b300, 32768)
12-05 02:42:39.469 I/LatinIME:LogUtils(  578): Dictionary info: dictionary = userunigram.en_US ; version = 1543977759 ; date = ?
12-05 02:42:39.470 E/ActivityThread(  578): Failed to find provider info for user_dictionary
12-05 02:42:39.477 D/TelephonyProvider(  700): dbh.onOpen: ok, queried table=siminfo
12-05 02:42:39.478 D/TelephonyProvider(  700): dbh.onOpen: ok, queried table=carriers
12-05 02:42:39.478 V/MediaRouter(  595): Adding route: RouteInfo{ name=Tablet, description=null, status=null, category=RouteCategory{ name=System types=ROUTE_TYPE_LIVE_AUDIO ROUTE_TYPE_LIVE_VIDEO  groupable=false }, supportedTypes=ROUTE_TYPE_LIVE_AUDIO ROUTE_TYPE_LIVE_VIDEO , presentationDisplay=null }
12-05 02:42:39.482 D/ConditionProviders.SCP(  446): onConnected
12-05 02:42:39.483 D/ZenLog  (  446): set_zen_mode: off,readXml
12-05 02:42:39.485 D/ConditionProviders(  446): Subscribing to condition://android/event?userId=-10000&calendar=&reply=1 with ComponentInfo{android/com.android.server.notification.EventConditionProvider}
12-05 02:42:39.485 D/ZenLog  (  446): subscribe: condition://android/event?userId=-10000&calendar=&reply=1,ok
12-05 02:42:39.485 D/ConditionProviders(  446): Subscribing to condition://android/schedule?days=1.2.3.4.5&start=22.0&end=7.0&exitAtAlarm=false with ComponentInfo{android/com.android.server.notification.ScheduleConditionProvider}
12-05 02:42:39.485 D/ZenLog  (  446): subscribe: condition://android/schedule?days=1.2.3.4.5&start=22.0&end=7.0&exitAtAlarm=false,ok
12-05 02:42:39.485 D/ConditionProviders(  446): Subscribing to condition://android/schedule?days=6.7&start=23.30&end=10.0&exitAtAlarm=false with ComponentInfo{android/com.android.server.notification.ScheduleConditionProvider}
12-05 02:42:39.485 D/ZenLog  (  446): subscribe: condition://android/schedule?days=6.7&start=23.30&end=10.0&exitAtAlarm=false,ok
12-05 02:42:39.485 I/ActivityManager(  446): START u0 {act=com.android.internal.intent.action.REQUEST_SHUTDOWN flg=0x10000000 cmp=android/com.android.internal.app.ShutdownActivity (has extras)} from uid 1000
12-05 02:42:39.489 I/WifiScanningService(  446): wifi driver unloaded
12-05 02:42:39.489 D/RttService(  446): SCAN_AVAILABLE : 1
12-05 02:42:39.490 D/RttService(  446): DefaultState got{ when=0 what=160513 target=com.android.internal.util.StateMachine$SmHandler }
12-05 02:42:39.490 D/ZenLog  (  446): set_zen_mode: off,cleanUpZenRules
12-05 02:42:39.492 I/ActivityManager(  446): START u0 {act=com.android.internal.intent.action.REQUEST_SHUTDOWN flg=0x10000000 cmp=android/com.android.internal.app.ShutdownActivity (has extras)} from uid 1000
12-05 02:42:39.494 V/MediaRouter(  595): Selecting route: RouteInfo{ name=Tablet, description=null, status=null, category=RouteCategory{ name=System types=ROUTE_TYPE_LIVE_AUDIO ROUTE_TYPE_LIVE_VIDEO  groupable=false }, supportedTypes=ROUTE_TYPE_LIVE_AUDIO ROUTE_TYPE_LIVE_VIDEO , presentationDisplay=null }
12-05 02:42:39.503 D/CarrierProvider(  700): onCreate
12-05 02:42:39.506 V/NuMediaExtractor(  446): setDataSource fd=182 (/system/media/audio/ui/KeypressReturn.ogg), offset=0, length=6246
12-05 02:42:39.510 E/libc    (  379): Access denied finding property "cts_gts.status"
12-05 02:42:39.510 E/ffmExtractor(  379): Cannot load library libffmpeg_utils.so dlerror = dlopen failed: library "libffmpeg_utils.so" not found
12-05 02:42:39.510 E/ffmExtractor(  379): lib open failed
12-05 02:42:39.506 W/Binder:379_2(  379): type=1400 audit(0.0:12): avc: denied { read } for name="u:object_r:ctsgts_prop:s0" dev="tmpfs" ino=218 scontext=u:r:mediaextractor:s0 tcontext=u:object_r:ctsgts_prop:s0 tclass=file permissive=0
12-05 02:42:39.512 I/zygote64(  446): The ClassLoaderContext is a special shared library.
12-05 02:42:39.515 I/LatinIME:LogUtils(  578): Dictionary info: dictionary = main:en ; version = 54 ; date = 1414726273
12-05 02:42:39.517 V/NuMediaExtractor(  446): track of type 'audio/vorbis' does not publish bitrate
12-05 02:42:39.524 I/OMXClient(  446): Treble IOmx obtained
12-05 02:42:39.524 I/OMXMaster(  385): makeComponentInstance(OMX.google.vorbis.decoder) in omx@1.0-service process
12-05 02:42:39.525 E/OMXNodeInstance(  385): getConfig(0xf0f22c00:google.vorbis.decoder, ConfigAndroidVendorExtension(0x6f100004)) ERROR: Undefined(0x80001001)
12-05 02:42:39.531 W//system/bin/hw/android.hidl.allocator@1.0-service(  248): ashmem_create_region(32768) returning hidl_memory(0x74f382b300, 32768)
12-05 02:42:39.536 I/chatty  (  248): uid=1000(system) allocator@1.0-s identical 6 lines
12-05 02:42:39.537 W//system/bin/hw/android.hidl.allocator@1.0-service(  248): ashmem_create_region(32768) returning hidl_memory(0x74f382b300, 32768)
12-05 02:42:39.554 W/SoundPool(  595): Use of stream types is deprecated for operations other than volume control
12-05 02:42:39.554 W/SoundPool(  595): See the documentation of SoundPool() for what to use instead with android.media.AudioAttributes to qualify your playback use case
12-05 02:42:39.557 I/ImsResolver(  700): Initializing cache and binding.
12-05 02:42:39.562 V/NuMediaExtractor(  595): setDataSource fd=36 (/system/media/audio/ui/Lock.ogg), offset=0, length=8308
12-05 02:42:39.564 D/SystemUIBootTiming(  595): StartServicesKeyguardViewMediator took to complete: 105ms
12-05 02:42:39.568 V/NuMediaExtractor(  446): setDataSource fd=183 (/system/media/audio/ui/KeypressInvalid.ogg), offset=0, length=9847
12-05 02:42:39.570 W/Binder:379_2(  379): type=1400 audit(0.0:13): avc: denied { read } for name="u:object_r:ctsgts_prop:s0" dev="tmpfs" ino=218 scontext=u:r:mediaextractor:s0 tcontext=u:object_r:ctsgts_prop:s0 tclass=file permissive=0
12-05 02:42:39.570 W/mediaextractor(  379): type=1400 audit(0.0:14): avc: denied { read } for name="u:object_r:ctsgts_prop:s0" dev="tmpfs" ino=218 scontext=u:r:mediaextractor:s0 tcontext=u:object_r:ctsgts_prop:s0 tclass=file permissive=0
12-05 02:42:39.572 E/libc    (  379): Access denied finding property "cts_gts.status"
12-05 02:42:39.573 E/ffmExtractor(  379): Cannot load library libffmpeg_utils.so dlerror = dlopen failed: library "libffmpeg_utils.so" not found
12-05 02:42:39.573 E/libc    (  379): Access denied finding property "cts_gts.status"
12-05 02:42:39.573 E/ffmExtractor(  379): lib open failed
12-05 02:42:39.574 E/ffmExtractor(  379): Cannot load library libffmpeg_utils.so dlerror = dlopen failed: library "libffmpeg_utils.so" not found
12-05 02:42:39.574 E/ffmExtractor(  379): lib open failed
12-05 02:42:39.580 V/NuMediaExtractor(  595): track of type 'audio/vorbis' does not publish bitrate
12-05 02:42:39.582 V/NuMediaExtractor(  446): track of type 'audio/vorbis' does not publish bitrate
12-05 02:42:39.587 I/OMXClient(  595): Treble IOmx obtained
12-05 02:42:39.588 I/OMXMaster(  385): makeComponentInstance(OMX.google.vorbis.decoder) in omx@1.0-service process
12-05 02:42:39.590 E/OMXNodeInstance(  385): getConfig(0xf0f22c00:google.vorbis.decoder, ConfigAndroidVendorExtension(0x6f100004)) ERROR: Undefined(0x80001001)
12-05 02:42:39.594 I/OMXClient(  446): Treble IOmx obtained
12-05 02:42:39.594 I/OMXMaster(  385): makeComponentInstance(OMX.google.vorbis.decoder) in omx@1.0-service process
12-05 02:42:39.594 W//system/bin/hw/android.hidl.allocator@1.0-service(  248): ashmem_create_region(32768) returning hidl_memory(0x74f382b300, 32768)
12-05 02:42:39.596 E/OMXNodeInstance(  385): getConfig(0xf0f22a20:google.vorbis.decoder, ConfigAndroidVendorExtension(0x6f100004)) ERROR: Undefined(0x80001001)
12-05 02:42:39.596 D/BluetoothManagerService(  446): Trying to bind to profile: 1, while Bluetooth was disabled
12-05 02:42:39.601 W//system/bin/hw/android.hidl.allocator@1.0-service(  248): ashmem_create_region(32768) returning hidl_memory(0x74f382b300, 32768)
12-05 02:42:39.605 I/Telecom (  446): SystemStateProvider: Registering car mode receiver: android.content.IntentFilter@5bef609: TS.init@AAA
12-05 02:42:39.605 I/Telecom (  446): BluetoothRouteManager: getBluetoothAudioConnectedDevice: no headset service available.
12-05 02:42:39.615 I/Telecom (  446): Logging.Events: Non-call EVENT: AUDIO_ROUTE, Entering state QuiescentEarpieceRoute
12-05 02:42:39.620 I/Telecom (  446): CallAudioModeStateMachine: Message received: null.: TS.init->CAMSM.pM_1@AAA
12-05 02:42:39.626 I/Telecom (  446): MissedCallNotifierImpl: Boot not yet complete -- call log db may not be available. Deferring loading until boot complete.: TS.init@AAA
12-05 02:42:39.628 D/BluetoothManagerService(  446): Trying to bind to profile: 1, while Bluetooth was disabled
12-05 02:42:39.632 I/Telecom (  446): Class: TelecomSystem.INSTANCE being set
12-05 02:42:39.632 W/ContextImpl(  446): Calling a method in the system process without a qualified user: android.app.ContextImpl.startService:1476 android.content.ContextWrapper.startService:650 com.android.server.telecom.components.TelecomService.initializeTelecomSystem:180 com.android.server.telecom.components.TelecomService.onBind:64 android.app.ActivityThread.handleBindService:3366 
12-05 02:42:39.637 W/ContextImpl(  446): Calling a method in the system process without a qualified user: android.app.ContextImpl.startService:1476 com.android.server.content.SyncManager$13.run:722 android.os.Handler.handleCallback:790 android.os.Handler.dispatchMessage:99 android.os.Looper.loop:164 
12-05 02:42:39.630 I/chatty  (  248): uid=1000(system) allocator@1.0-s identical 17 lines
12-05 02:42:39.631 W//system/bin/hw/android.hidl.allocator@1.0-service(  248): ashmem_create_region(32768) returning hidl_memory(0x74f382b300, 32768)
12-05 02:42:39.639 D/installd(  376): Found storage mount /data/media at /mnt/runtime/default/emulated
12-05 02:42:39.642 I/zygote64(  446): The ClassLoaderContext is a special shared library.
12-05 02:42:39.645 W//system/bin/hw/android.hidl.allocator@1.0-service(  248): ashmem_create_region(32768) returning hidl_memory(0x74f382b300, 32768)
12-05 02:42:39.647 W//system/bin/hw/android.hidl.allocator@1.0-service(  248): ashmem_create_region(32768) returning hidl_memory(0x74f382b300, 32768)
12-05 02:42:39.647 I/zygote64(  446): The ClassLoaderContext is a special shared library.
12-05 02:42:39.654 W//system/bin/hw/android.hidl.allocator@1.0-service(  248): ashmem_create_region(32768) returning hidl_memory(0x74f382b300, 32768)
12-05 02:42:39.656 D/SystemUIBootTiming(  595): StartServicesRecents took to complete: 91ms
