--------- beginning of main
12-05 02:42:29.654 W/auditd  (  227): type=2000 audit(0.0:1): initialized
12-05 02:42:31.450 I/auditd  (  227): type=1403 audit(0.0:2): policy loaded auid=4294967295 ses=4294967295
12-05 02:42:31.450 W/auditd  (  227): type=1404 audit(0.0:3): enforcing=1 old_enforcing=0 auid=4294967295 ses=4294967295
12-05 02:42:32.231 I/SELinux (  228): SELinux: Loaded service_contexts from:
12-05 02:42:32.233 I/SELinux (  228):     /system/etc/selinux/plat_service_contexts
12-05 02:42:32.239 I/SELinux (  230): SELinux: Loaded service_contexts from:
12-05 02:42:32.241 I/SELinux (  230):     /vendor/etc/selinux/vndservice_contexts
12-05 02:42:32.256 E/hwservicemanager(  229): BINDER_SET_INHERIT_FIFO_PRIO failed with error -1
12-05 02:42:32.435 D/vndksupport(  240): Loading /vendor/lib64/hw/android.hardware.keymaster@3.0-impl.so from current namespace instead of sphal namespace.
--------- beginning of system
12-05 02:42:32.442 I/vold    (  241): Vold 3.0 (the awakening) firing up
12-05 02:42:32.443 V/vold    (  241): Detected support for: ext4 f2fs vfat
12-05 02:42:32.455 D/vold    (  241): e4crypt_init_user0
12-05 02:42:32.457 D/vold    (  241): e4crypt_prepare_user_storage for volume null, user 0, serial 0, flags 1
12-05 02:42:32.457 D/vold    (  241): Preparing: /data/system/users/0
12-05 02:42:32.457 D/vold    (  241): Preparing: /data/misc/profiles/cur/0
12-05 02:42:32.457 D/vold    (  241): Preparing: /data/system_de/0
12-05 02:42:32.457 D/vold    (  241): Preparing: /data/misc_de/0
12-05 02:42:32.457 D/vold    (  241): Preparing: /data/user_de/0
12-05 02:42:32.457 D/vold    (  241): e4crypt_unlock_user_key 0 serial=0 token_present=0
12-05 02:42:32.457 E/vold    (  241): Failed to chmod /data/system_ce/0: No such file or directory
12-05 02:42:32.457 E/vold    (  241): Failed to chmod /data/misc_ce/0: No such file or directory
12-05 02:42:32.457 E/vold    (  241): Failed to chmod /data/media/0: No such file or directory
12-05 02:42:32.472 I/android.hardware.keymaster@3.0-impl(  240): Fetching keymaster device name default
12-05 02:42:32.494 I/android.hardware.keymaster@3.0-impl(  240): Found keymaster0 module Keymaster OpenSSL HAL, version 2
12-05 02:42:32.494 I/android.hardware.keymaster@3.0-impl(  240): Keymaster0 module is software-only.  Using SoftKeymasterDevice instead.
12-05 02:42:32.498 I//system/bin/tzdatacheck(  246): timezone distro dir /data/misc/zoneinfo/current does not exist. No action required.
12-05 02:42:32.499 I/ServiceManagement(  240): Removing namespace from process name android.hardware.keymaster@3.0-service to keymaster@3.0-s.
12-05 02:42:32.501 I/android.hardware.keymaster@3.0-service(  240): Registration complete for android.hardware.keymaster@3.0::IKeymasterDevice/default.
12-05 02:42:32.576 I/ServiceManagement(  248): Removing namespace from process name android.hidl.allocator@1.0-service to allocator@1.0-s.
12-05 02:42:32.604 D/vndksupport(  250): Loading /vendor/lib64/hw/android.hardware.bluetooth@1.0-impl.so from current namespace instead of sphal namespace.
12-05 02:42:32.628 I/ServiceManagement(  250): Removing namespace from process name android.hardware.bluetooth@1.0-service to bluetooth@1.0-s.
12-05 02:42:32.630 I/android.hardware.bluetooth@1.0-service(  250): Registration complete for android.hardware.bluetooth@1.0::IBluetoothHci/default.
12-05 02:42:32.646 D/vndksupport(  258): Loading /vendor/lib64/hw/android.hardware.light@2.0-impl.so from current namespace instead of sphal namespace.
12-05 02:42:32.657 D/vndksupport(  257): Loading /vendor/lib64/hw/android.hardware.graphics.composer@2.1-impl.so from current namespace instead of sphal namespace.
12-05 02:42:32.659 I/lowmemorykiller(  265): Using in-kernel low memory killer interface
12-05 02:42:32.660 D/vndksupport(  258): Loading /vendor/lib64/hw/lights.rk3399.so from current namespace instead of sphal namespace.
12-05 02:42:32.663 I/Lights Hal(  258): >>> Enter light_device_open:backlight
12-05 02:42:32.664 D/vndksupport(  258): Loading /vendor/lib64/hw/lights.rk3399.so from current namespace instead of sphal namespace.
12-05 02:42:32.665 I/Lights Hal(  258): >>> Enter light_device_open:keyboard
12-05 02:42:32.665 D/vndksupport(  258): Loading /vendor/lib64/hw/lights.rk3399.so from current namespace instead of sphal namespace.
12-05 02:42:32.665 I/Lights Hal(  258): >>> Enter light_device_open:buttons
12-05 02:42:32.665 D/vndksupport(  258): Loading /vendor/lib64/hw/lights.rk3399.so from current namespace instead of sphal namespace.
12-05 02:42:32.666 I/Lights Hal(  258): >>> Enter light_device_open:battery
12-05 02:42:32.666 D/vndksupport(  258): Loading /vendor/lib64/hw/lights.rk3399.so from current namespace instead of sphal namespace.
12-05 02:42:32.666 I/Lights Hal(  258): >>> Enter light_device_open:notifications
12-05 02:42:32.666 D/vndksupport(  258): Loading /vendor/lib64/hw/lights.rk3399.so from current namespace instead of sphal namespace.
12-05 02:42:32.666 I/Lights Hal(  258): >>> Enter light_device_open:attention
12-05 02:42:32.666 D/vndksupport(  258): Loading /vendor/lib64/hw/lights.rk3399.so from current namespace instead of sphal namespace.
12-05 02:42:32.666 I/Lights Hal(  258): >>> Enter light_device_open:bluetooth
12-05 02:42:32.668 I/Lights Hal(  258): >>> undefine light id
12-05 02:42:32.668 E/light   (  258): light_open lights bluetooth failed: -22
12-05 02:42:32.668 E/light   (  258): Light passthrough failed to load legacy HAL.
12-05 02:42:32.668 D/vndksupport(  258): Loading /vendor/lib64/hw/lights.rk3399.so from current namespace instead of sphal namespace.
12-05 02:42:32.669 I/Lights Hal(  258): >>> Enter light_device_open:wifi
12-05 02:42:32.669 I/Lights Hal(  258): >>> undefine light id
12-05 02:42:32.669 E/light   (  258): light_open lights wifi failed: -22
12-05 02:42:32.669 E/light   (  258): Light passthrough failed to load legacy HAL.
12-05 02:42:32.671 I/ServiceManagement(  258): Removing namespace from process name android.hardware.light@2.0-service to light@2.0-servi.
12-05 02:42:32.672 D/vndksupport(  257): Loading /vendor/lib64/hw/hwcomposer.rk30board.so from current namespace instead of sphal namespace.
12-05 02:42:32.673 I/android.hardware.light@2.0-service(  258): Registration complete for android.hardware.light@2.0::ILight/default.
12-05 02:42:32.694 W//vendor/bin/hw/android.hardware.configstore@1.0-service(  253): libminijail[253]: allowing syscall: connect
12-05 02:42:32.694 W//vendor/bin/hw/android.hardware.configstore@1.0-service(  253): libminijail[253]: allowing syscall: fcntl
12-05 02:42:32.694 W//vendor/bin/hw/android.hardware.configstore@1.0-service(  253): libminijail[253]: allowing syscall: sendto
12-05 02:42:32.694 W//vendor/bin/hw/android.hardware.configstore@1.0-service(  253): libminijail[253]: allowing syscall: socket
12-05 02:42:32.694 W//vendor/bin/hw/android.hardware.configstore@1.0-service(  253): libminijail[253]: allowing syscall: writev
12-05 02:42:32.695 W//vendor/bin/hw/android.hardware.configstore@1.0-service(  253): libminijail[253]: logging seccomp filter failures
12-05 02:42:32.696 I/ServiceManagement(  253): Removing namespace from process name android.hardware.configstore@1.0-service to configstore@1.0.
12-05 02:42:32.702 W//system/bin/hwservicemanager(  229): getTransport: Cannot find entry android.hardware.health@1.0::IHealth/default in either framework or device manifest.
12-05 02:42:32.705 D/android.hardware.drm@1.0-service(  254): android.hardware.drm@1.0-service starting...
12-05 02:42:32.706 D/vndksupport(  261): Loading /vendor/lib64/hw/android.hardware.sensors@1.0-impl.so from current namespace instead of sphal namespace.
12-05 02:42:32.709 D/vndksupport(  260): Loading /vendor/lib64/hw/android.hardware.power@1.0-impl.so from current namespace instead of sphal namespace.
12-05 02:42:32.710 D/vndksupport(  254): Loading /vendor/lib/hw/android.hardware.drm@1.0-impl.so from current namespace instead of sphal namespace.
12-05 02:42:32.712 D/vndksupport(  256): Loading /vendor/lib64/hw/android.hardware.graphics.allocator@2.0-impl.so from current namespace instead of sphal namespace.
12-05 02:42:32.713 W/init    (    1): type=1400 audit(0.0:4): avc: granted { read } for name="ttyFIQ0" dev="tmpfs" ino=295 scontext=u:r:init:s0 tcontext=u:object_r:serial_device:s0 tclass=chr_file
12-05 02:42:32.713 W/init    (    1): type=1400 audit(0.0:5): avc: granted { read open } for path="/dev/ttyFIQ0" dev="tmpfs" ino=295 scontext=u:r:init:s0 tcontext=u:object_r:serial_device:s0 tclass=chr_file
12-05 02:42:32.718 D/vndksupport(  261): Loading /vendor/lib64/hw/sensors.rk30board.so from current namespace instead of sphal namespace.
12-05 02:42:32.719 D/android.hardware.drm@1.0-service.widevine(  255): android.hardware.drm@1.0-service.widevine starting...
12-05 02:42:32.719 I/ServiceManagement(  255): Removing namespace from process name android.hardware.drm@1.0-service.widevine to drm@1.0-service.
12-05 02:42:32.723 D/SensorsHal(  261): sensor hal  v1.6 upagrde sensors device api version to SENSORS_DEVICE_API_VERSION_1_3
12-05 02:42:32.723 E/SensorsHal(  261): couldn't find 'lightsensor-level' input device
12-05 02:42:32.723 I/ServiceManagement(  255): Removing namespace from process name android.hardware.drm@1.0-service.widevine to drm@1.0-service.
12-05 02:42:32.723 D/SensorsHal(  261): Couldn't open /dev/lightsensor (No such file or directory)
12-05 02:42:32.723 E/SensorsHal(  261): couldn't find 'proximity' input device
12-05 02:42:32.723 D/SensorsHal(  261): Couldn't open /dev/psensor (No such file or directory)
12-05 02:42:32.723 E/SensorsHal(  261): couldn't find 'gsensor' input device
12-05 02:42:32.723 D/SensorsHal(  261): Couldn't open /dev/mma8452_daemon (No such file or directory)
12-05 02:42:32.723 D/SensorsHal(  261): Couldn't open /dev/mma8452_daemon (No such file or directory)
12-05 02:42:32.723 E/SensorsHal(  261): fail to perform GSENSOR_IOCTL_GET_CALIBRATION, result = -1, error is 'Bad file descriptor'
12-05 02:42:32.723 E/SensorsHal(  261): couldn't find 'compass' input device
12-05 02:42:32.723 D/SensorsHal(  261): Couldn't open /dev/compass (No such file or directory)
12-05 02:42:32.723 E/SensorsHal(  261): couldn't find 'gyro' input device
12-05 02:42:32.724 D/SensorsHal(  261): Couldn't open /dev/gyrosensor (No such file or directory)
12-05 02:42:32.724 E/SensorsHal(  261): GyroSensor:No such file or directory
12-05 02:42:32.724 E/SensorsHal(  261): couldn't find 'pressure' input device
12-05 02:42:32.724 D/SensorsHal(  261): Couldn't open /dev/pressure (No such file or directory)
12-05 02:42:32.724 E/SensorsHal(  261): couldn't find 'temperature' input device
12-05 02:42:32.724 D/SensorsHal(  261): Couldn't open /dev/temperature (No such file or directory)
12-05 02:42:32.725 I/ServiceManagement(  261): Removing namespace from process name android.hardware.sensors@1.0-service to sensors@1.0-ser.
12-05 02:42:32.726 W/init    (  271): type=1400 audit(0.0:6): avc: granted { read } for name="ttyFIQ0" dev="tmpfs" ino=295 scontext=u:r:init:s0 tcontext=u:object_r:serial_device:s0 tclass=chr_file
12-05 02:42:32.726 W/init    (  271): type=1400 audit(0.0:7): avc: granted { read open } for path="/dev/ttyFIQ0" dev="tmpfs" ino=295 scontext=u:r:init:s0 tcontext=u:object_r:serial_device:s0 tclass=chr_file
12-05 02:42:32.726 D/vndksupport(  260): Loading /vendor/lib64/hw/power.rk3399.so from current namespace instead of sphal namespace.
12-05 02:42:32.727 I/android.hardware.sensors@1.0-service(  261): Registration complete for android.hardware.sensors@1.0::ISensors/default.
12-05 02:42:32.728 D/vndksupport(  256): Loading /vendor/lib64/hw/gralloc.rk30board.so from current namespace instead of sphal namespace.
12-05 02:42:32.729 D/vndksupport(  249): Loading /vendor/lib/hw/android.hardware.audio@2.0-impl.so from current namespace instead of sphal namespace.
12-05 02:42:32.736 I/ServiceManagement(  260): Removing namespace from process name android.hardware.power@1.0-service to power@1.0-servi.
12-05 02:42:32.736 E/hwc_rk  (  257): BP: baseparamter file can not be find
12-05 02:42:32.739 W//system/bin/hwservicemanager(  229): getTransport: Cannot find entry android.hardware.thermal@1.1::IThermal/default in either framework or device manifest.
12-05 02:42:32.739 I/android.hardware.camera.provider@2.4-service(  251): Camera provider Service is starting.
12-05 02:42:32.739 I/android.hardware.power@1.0-service(  260): Registration complete for android.hardware.power@1.0::IPower/default.
12-05 02:42:32.740 W/thermalserviced(  267): Unable to get Thermal HAL V1.1, vendor thermal event notification not available
12-05 02:42:32.741 W/hwc-drm-connector(  257): DrmConnector init id=88,type=DSI
12-05 02:42:32.741 W/hwc-drm-connector(  257): Could not get hdr source metadata property
12-05 02:42:32.741 W/hwc-drm-connector(  257): Could not get hdr panel metadata property
12-05 02:42:32.741 W/hwc-drm-connector(  257): Could not get hdmi_output_colorimetry property
12-05 02:42:32.742 W/hwc-drm-connector(  257): Could not get hdmi_output_format property
12-05 02:42:32.742 W/hwc-drm-connector(  257): Could not get hdmi_output_depth property
12-05 02:42:32.742 D/vndksupport(  251): Loading /vendor/lib/hw/android.hardware.camera.provider@2.4-impl.so from current namespace instead of sphal namespace.
12-05 02:42:32.742 W/hwc-drm-connector(  257): DrmConnector init id=90,type=HDMI-A
12-05 02:42:32.744 E/hwc-drm-resources(  257): is_hdr_panel_support_st2084:line=1257, blob is null
12-05 02:42:32.744 E/hwc-drm-resources(  257): is_hdr_panel_support_st2084:line=1257, blob is null
12-05 02:42:32.744 W/hwc-drm-connector(  257): DrmConnector init id=97,type=DP
12-05 02:42:32.744 I/ServiceManagement(  249): Removing namespace from process name android.hardware.audio@2.0-service to audio@2.0-servi.
12-05 02:42:32.745 W/hwc-drm-connector(  257): Could not get hdr source metadata property
12-05 02:42:32.745 W/hwc-drm-connector(  257): Could not get hdr panel metadata property
12-05 02:42:32.745 W/hwc-drm-connector(  257): Could not get hdmi_output_colorimetry property
12-05 02:42:32.745 W/hwc-drm-connector(  257): Could not get hdmi_output_format property
12-05 02:42:32.745 W/hwc-drm-connector(  257): Could not get hdmi_output_depth property
12-05 02:42:32.745 D/hwc_rk  (  257): BP: dev_primary = 
12-05 02:42:32.746 D/hwc_rk  (  257): BP: dev_extend = 
12-05 02:42:32.746 I/audiohalservice(  249): Registration complete for android.hardware.audio@2.0::IDevicesFactory/default.
12-05 02:42:32.747 D/vndksupport(  249): Loading /vendor/lib/hw/android.hardware.audio.effect@2.0-impl.so from current namespace instead of sphal namespace.
12-05 02:42:32.748 E/hwc-drm-plane(  257): Could not get AREA_ID property
12-05 02:42:32.751 D/GRALLOC-ROCKCHIP(  256): RK_GRAPHICS_VER=commit-id:fce7b60
12-05 02:42:32.751 D/GRALLOC-ROCKCHIP(  256): gralloc ver '1.0.6' on arm_release_ver 'r13p0-00rel0'.
12-05 02:42:32.751 E/hwc-drm-plane(  257): Could not get AREA_ID property
12-05 02:42:32.753 D/VoldCryptCmdListener(  241): cryptfs mountdefaultencrypted
12-05 02:42:32.754 I/chatty  (  257): uid=1000(system) composer@2.1-se identical 1 line
12-05 02:42:32.757 E/hwc-drm-plane(  257): Could not get AREA_ID property
12-05 02:42:32.759 E/hwc-drm-plane(  257): Could not get rotation property
12-05 02:42:32.759 I/hwc-drm-plane(  257): Could not get alpha property
12-05 02:42:32.760 E/hwc-drm-plane(  257): Could not get AREA_ID property
12-05 02:42:32.761 D/android.hardware.cas@1.0-service(  252): android.hardware.cas@1.0-service starting...
12-05 02:42:32.761 I/Cryptfs (  241): cryptfs_check_passwd
12-05 02:42:32.761 D/Cryptfs (  241): crypt_ftr->fs_size = 21531648
12-05 02:42:32.761 I/Cryptfs (  241): Using scrypt for cryptfs KDF
12-05 02:42:32.761 I/ServiceManagement(  252): Removing namespace from process name android.hardware.cas@1.0-service to cas@1.0-service.
12-05 02:42:32.762 E/hwc-drm-plane(  257): Could not get rotation property
12-05 02:42:32.762 I/hwc-drm-plane(  257): Could not get alpha property
12-05 02:42:32.763 E/hwc-drm-plane(  257): Could not get AREA_ID property
12-05 02:42:32.765 E/hwc-drm-plane(  257): Could not get rotation property
12-05 02:42:32.765 I/hwc-drm-plane(  257): Could not get alpha property
12-05 02:42:32.766 E/hwc-drm-plane(  257): Could not get AREA_ID property
12-05 02:42:32.768 E/hwc-drm-plane(  257): Could not get rotation property
12-05 02:42:32.768 I/hwc-drm-plane(  257): Could not get alpha property
12-05 02:42:32.769 E/hwc-drm-plane(  257): Could not get AREA_ID property
12-05 02:42:32.770 E/hwc-drm-plane(  257): Could not get rotation property
12-05 02:42:32.771 I/hwc-drm-plane(  257): Could not get alpha property
12-05 02:42:32.772 E/hwc-drm-plane(  257): Could not get AREA_ID property
12-05 02:42:32.773 E/hwc-drm-plane(  257): Could not get rotation property
12-05 02:42:32.773 I/hwc-drm-plane(  257): Could not get alpha property
12-05 02:42:32.774 E/hwc-drm-plane(  257): Could not get AREA_ID property
12-05 02:42:32.777 I/chatty  (  257): uid=1000(system) composer@2.1-se identical 1 line
12-05 02:42:32.780 E/hwc-drm-plane(  257): Could not get AREA_ID property
12-05 02:42:32.781 E/hwc-drm-plane(  257): Could not get rotation property
12-05 02:42:32.782 I/hwc-drm-plane(  257): Could not get alpha property
12-05 02:42:32.783 E/hwc-drm-plane(  257): Could not get AREA_ID property
12-05 02:42:32.783 I/ServiceManagement(  256): Removing namespace from process name android.hardware.graphics.allocator@2.0-service to allocator@2.0-s.
12-05 02:42:32.784 I/android.hardware.wifi@1.0-service(  263): Wifi Hal is booting up...
12-05 02:42:32.785 E/hwc-drm-plane(  257): Could not get rotation property
12-05 02:42:32.785 I/hwc-drm-plane(  257): Could not get alpha property
12-05 02:42:32.785 I/android.hardware.graphics.allocator@2.0-service(  256): Registration complete for android.hardware.graphics.allocator@2.0::IAllocator/default.
12-05 02:42:32.786 E/hwc-drm-plane(  257): Could not get AREA_ID property
12-05 02:42:32.787 E/hwc-drm-plane(  257): Could not get rotation property
12-05 02:42:32.788 I/hwc-drm-plane(  257): Could not get alpha property
12-05 02:42:32.789 E/hwc-drm-plane(  257): Could not get AREA_ID property
12-05 02:42:32.789 D/vndksupport(  257): Loading /vendor/lib64/hw/gralloc.rk30board.so from current namespace instead of sphal namespace.
12-05 02:42:32.790 I/adbd    (  272): initializing functionfs
12-05 02:42:32.790 I/adbd    (  272): opening control endpoint /dev/usb-ffs/adb/ep0
12-05 02:42:32.791 E/hwc-drm-display-compositor(  257): vop_bw: Error opening /sys/class/devfreq/dmc/vop_bandwidth: No such file or directory
12-05 02:42:32.791 D/vndksupport(  257): Loading /vendor/lib64/hw/gralloc.rk30board.so from current namespace instead of sphal namespace.
12-05 02:42:32.792 E/hwc-drm-display-compositor(  257): vop_bw: Error opening /sys/class/devfreq/dmc/vop_bandwidth: No such file or directory
12-05 02:42:32.792 D/vndksupport(  257): Loading /vendor/lib64/hw/gralloc.rk30board.so from current namespace instead of sphal namespace.
12-05 02:42:32.793 D/vndksupport(  257): Loading /vendor/lib64/hw/gralloc.rk30board.so from current namespace instead of sphal namespace.
12-05 02:42:32.795 I/audiohalservice(  249): Registration complete for android.hardware.audio.effect@2.0::IEffectsFactory/default.
12-05 02:42:32.795 D/hwc_rk  (  257): RK_GRAPHICS_VER=commit-id:28a98ff
12-05 02:42:32.795 I/HwcPassthrough(  257): Found HWC implementation v1.4
12-05 02:42:32.795 I/HWC2On1Adapter(  257): Found support for HWC virtual displays
12-05 02:42:32.796 D/vndksupport(  249): Loading /vendor/lib/hw/android.hardware.soundtrigger@2.0-impl.so from current namespace instead of sphal namespace.
12-05 02:42:32.797 D/hwcomposer-drm(  257): BP:DisplayDevice change type[0] => type[16],to update main resolution
12-05 02:42:32.797 D/hwc_rk  (  257): BP: Main screen type 16 not found,to use Auto
12-05 02:42:32.798 D/hwc_rk  (  257): BP: resolution main Auto
12-05 02:42:32.798 D/hwc_rk  (  257): BP: fb_size=0x0@0.000000 err,set 0x0@60
12-05 02:42:32.798 E/SoundTriggerHalImpl(  249): couldn't load sound trigger module sound_trigger.primary (No such file or directory)
12-05 02:42:32.799 I/ServiceManagement(  257): Removing namespace from process name android.hardware.graphics.composer@2.1-service to composer@2.1-se.
12-05 02:42:32.801 I/android.hardware.graphics.composer@2.1-service(  257): Registration complete for android.hardware.graphics.composer@2.1::IComposer/default.
12-05 02:42:32.801 I/audiohalservice(  249): Registration complete for android.hardware.soundtrigger@2.0::ISoundTriggerHw/default.
12-05 02:42:32.804 D/vndksupport(  251): Loading /vendor/lib/hw/camera.rk30board.so from current namespace instead of sphal namespace.
12-05 02:42:32.815 I/ServiceManagement(  254): Removing namespace from process name android.hardware.drm@1.0-service to drm@1.0-service.
12-05 02:42:32.816 I/android.hardware.drm@1.0-service(  254): Registration complete for android.hardware.drm@1.0::IDrmFactory/default.
12-05 02:42:32.817 D/vndksupport(  254): Loading /vendor/lib/hw/android.hardware.drm@1.0-impl.so from current namespace instead of sphal namespace.
12-05 02:42:32.819 I/ServiceManagement(  254): Removing namespace from process name android.hardware.drm@1.0-service to drm@1.0-service.
12-05 02:42:32.820 I/android.hardware.drm@1.0-service(  254): Registration complete for android.hardware.drm@1.0::ICryptoFactory/default.
12-05 02:42:32.860 I//system/bin/surfaceflinger(  266): android::hardware::configstore::V1_0::ISurfaceFlingerConfigs::maxFrameBufferAcquiredBuffers retrieved: 2 (default)
12-05 02:42:32.865 I//system/bin/surfaceflinger(  266): android::hardware::configstore::V1_0::ISurfaceFlingerConfigs::startGraphicsAllocatorService retrieved: 0
12-05 02:42:32.868 I/SurfaceFlinger(  266): SurfaceFlinger is starting
12-05 02:42:32.869 I//system/bin/surfaceflinger(  266): android::hardware::configstore::V1_0::ISurfaceFlingerConfigs::vsyncEventPhaseOffsetNs retrieved: 1000000 (default)
12-05 02:42:32.869 I//system/bin/surfaceflinger(  266): android::hardware::configstore::V1_0::ISurfaceFlingerConfigs::vsyncSfEventPhaseOffsetNs retrieved: 1000000 (default)
12-05 02:42:32.869 I//system/bin/surfaceflinger(  266): android::hardware::configstore::V1_0::ISurfaceFlingerConfigs::hasSyncFramework retrieved: 1
12-05 02:42:32.869 I//system/bin/surfaceflinger(  266): android::hardware::configstore::V1_0::ISurfaceFlingerConfigs::useContextPriority retrieved: 0 (default)
12-05 02:42:32.869 I//system/bin/surfaceflinger(  266): android::hardware::configstore::V1_0::ISurfaceFlingerConfigs::presentTimeOffsetFromVSyncNs retrieved: 0
12-05 02:42:32.869 I//system/bin/surfaceflinger(  266): android::hardware::configstore::V1_0::ISurfaceFlingerConfigs::useHwcForRGBtoYUV retrieved: 0
12-05 02:42:32.870 I//system/bin/surfaceflinger(  266): android::hardware::configstore::V1_0::ISurfaceFlingerConfigs::maxVirtualDisplaySize retrieved: 0 (default)
12-05 02:42:32.870 I//system/bin/surfaceflinger(  266): android::hardware::configstore::V1_0::ISurfaceFlingerConfigs::useVrFlinger retrieved: 0 (default)
12-05 02:42:32.870 I//system/bin/surfaceflinger(  266): android::hardware::configstore::V1_0::ISurfaceFlingerConfigs::maxFrameBufferAcquiredBuffers retrieved: 3 (default)
12-05 02:42:32.870 I//system/bin/surfaceflinger(  266): android::hardware::configstore::V1_0::ISurfaceFlingerConfigs::hasWideColorDisplay retrieved: 0
12-05 02:42:32.871 I/SurfaceFlinger(  266): Enabling HWC virtual displays
12-05 02:42:32.874 I/SurfaceFlinger(  266): SurfaceFlinger's main thread ready to run. Initializing graphics H/W...
12-05 02:42:32.874 I/SurfaceFlinger(  266): Phase offest NS: 1000000
12-05 02:42:32.931 D/libEGL  (  266): loaded /vendor/lib64/egl/libGLES_mali.so
12-05 02:42:32.957 I/mali_so (  266): [File] : hardware/rockchip/mali_so_src_of_midgard/driver/product/base/src/mali_base_kbase.c; [Line] : 876; [Func] : base_context_deal_with_version_affairs_rk_ext;
12-05 02:42:32.957 I/mali_so (  266): arm_release_ver of this mali_so is 'r18p0-01rel0', rk_so_ver is '7@0'.
12-05 02:42:32.957 I/mali_so (  266): [File] : hardware/rockchip/mali_so_src_of_midgard/driver/product/base/src/mali_base_kbase.c; [Line] : 901; [Func] : base_context_deal_with_version_affairs_rk_ext;
12-05 02:42:32.957 I/mali_so (  266): arm_release_vers are match. to set the full mali_ver 'r18p0-01rel0-x-7@0' as value of 'sys.gmali.version'.
12-05 02:42:32.967 I//system/bin/surfaceflinger(  266): android::hardware::configstore::V1_0::ISurfaceFlingerConfigs::hasWideColorDisplay retrieved: 0
12-05 02:42:32.968 I/SurfaceFlinger(  266): EGL information:
12-05 02:42:32.968 I/SurfaceFlinger(  266): vendor    : Android
12-05 02:42:32.968 I/SurfaceFlinger(  266): version   : 1.4 Android META-EGL
12-05 02:42:32.968 I/SurfaceFlinger(  266): extensions: EGL_KHR_get_all_proc_addresses EGL_ANDROID_presentation_time EGL_KHR_swap_buffers_with_damage EGL_ANDROID_get_native_client_buffer EGL_ANDROID_front_buffer_auto_refresh EGL_ANDROID_get_frame_timestamps EGL_KHR_image EGL_KHR_image_base EGL_KHR_gl_colorspace EGL_KHR_gl_texture_2D_image EGL_KHR_gl_texture_cubemap_image EGL_KHR_gl_renderbuffer_image EGL_KHR_fence_sync EGL_KHR_create_context EGL_KHR_config_attribs EGL_KHR_surfaceless_context EGL_EXT_create_context_robustness EGL_ANDROID_image_native_buffer EGL_KHR_wait_sync EGL_ANDROID_recordable EGL_KHR_partial_update EGL_KHR_mutable_render_buffer EGL_IMG_context_priority 
12-05 02:42:32.968 I/SurfaceFlinger(  266): Client API: OpenGL_ES
12-05 02:42:32.968 I/SurfaceFlinger(  266): EGLSurface: 8-8-8-8, config=0x77f5121008
12-05 02:42:32.981 I/SurfaceFlinger(  266): OpenGL ES informations:
12-05 02:42:32.981 I/SurfaceFlinger(  266): vendor    : ARM
12-05 02:42:32.981 I/SurfaceFlinger(  266): renderer  : Mali-T860
12-05 02:42:32.981 I/SurfaceFlinger(  266): version   : OpenGL ES 3.2 v1.r18p0-01rel0.022056fe7b169c7e0d8547fe2747032d
12-05 02:42:32.981 I/SurfaceFlinger(  266): extensions: GL_EXT_debug_marker GL_ARM_rgba8 GL_ARM_mali_shader_binary GL_OES_depth24 GL_OES_depth_texture GL_OES_depth_texture_cube_map GL_OES_packed_depth_stencil GL_OES_rgb8_rgba8 GL_EXT_read_format_bgra GL_OES_compressed_paletted_texture GL_OES_compressed_ETC1_RGB8_texture GL_OES_standard_derivatives GL_OES_EGL_image GL_OES_EGL_image_external GL_OES_EGL_image_external_essl3 GL_OES_EGL_sync GL_OES_texture_npot GL_OES_vertex_half_float GL_OES_required_internalformat GL_OES_vertex_array_object GL_OES_mapbuffer GL_EXT_texture_format_BGRA8888 GL_EXT_texture_rg GL_EXT_texture_type_2_10_10_10_REV GL_OES_fbo_render_mipmap GL_OES_element_index_uint GL_EXT_shadow_samplers GL_OES_texture_compression_astc GL_KHR_texture_compression_astc_ldr GL_KHR_texture_compression_astc_hdr GL_KHR_texture_compression_astc_sliced_3d GL_KHR_debug GL_EXT_occlusion_query_boolean GL_EXT_disjoint_timer_query GL_EXT_blend_minmax GL_EXT_discard_framebuffer GL_OES_get_program_binary GL_OES_texture_3D GL_EXT_texture_storage GL_EXT_multisamp
12-05 02:42:32.981 I/SurfaceFlinger(  266): GL_MAX_TEXTURE_SIZE = 8192
12-05 02:42:32.981 I/SurfaceFlinger(  266): GL_MAX_VIEWPORT_DIMS = 8192
12-05 02:42:32.985 D/vndksupport(  257): Loading /vendor/lib64/hw/android.hardware.graphics.mapper@2.0-impl.so from current namespace instead of sphal namespace.
12-05 02:42:32.988 D/vndksupport(  257): Loading /vendor/lib64/hw/gralloc.rk30board.so from current namespace instead of sphal namespace.
12-05 02:42:32.988 I/mali_so (  259): [File] : hardware/rockchip/mali_so_src_of_midgard/driver/product/base/src/mali_base_kbase.c; [Line] : 876; [Func] : base_context_deal_with_version_affairs_rk_ext;
12-05 02:42:32.988 I/mali_so (  259): arm_release_ver of this mali_so is 'r18p0-01rel0', rk_so_ver is '7@0'.
12-05 02:42:32.988 D/mali_so (  259): [File] : hardware/rockchip/mali_so_src_of_midgard/driver/product/base/src/mali_base_kbase.c; [Line] : 881; [Func] : base_context_deal_with_version_affairs_rk_ext;
12-05 02:42:32.988 D/mali_so (  259): current process is NOT sf, to bail out.
12-05 02:42:32.993 D/mali_winsys(  266): EGLint new_window_surface(egl_winsys_display *, void *, EGLSurface, EGLConfig, egl_winsys_surface **, egl_color_buffer_format *, EGLBoolean) returns 0x3000
12-05 02:42:32.993 D/SurfaceFlinger(  266): eeColorAPI eeColorCallback()
12-05 02:42:32.995 D/SurfaceFlinger(  266): eeColorAPI Open success
12-05 02:42:33.111 I/ServiceManagement(  259): Removing namespace from process name android.hardware.neuralnetworks@1.0-service-armnn to neuralnetworks@.
12-05 02:42:33.244 D/SurfaceFlinger(  266): shader cache generated - 24 shaders in 178.560684 ms
12-05 02:42:33.246 D/SurfaceFlinger(  266): Set power mode=2, type=0 flinger=0x77f505e000
12-05 02:42:33.416 I/vpu_api (  251): dlopen vpu lib success
12-05 02:42:33.426 D/hwcomposer-drm(  257): BP:DisplayDevice change type[0] => type[16],to update main color
12-05 02:42:33.426 E/hwcomposer-drm(  257): hdmi output format is invalid. [use_baseparameter]
12-05 02:42:33.426 D/hwc_rk  (  257): BP: Main screen type 16 not found,to use default color
12-05 02:42:33.426 E/hwc_rk  (  257): BP: baseparameter color is invalid.
12-05 02:42:33.426 D/hwc_rk  (  257): BP: main color 4-0
12-05 02:42:33.450 I/Cryptfs (  241): Enabling support for allow_discards in dmcrypt.
12-05 02:42:33.455 D/CameraHal(  251): createInstance(1015): open xml file(/vendor/etc/cam_board.xml) success
12-05 02:42:33.455 E/CameraHal(  251): cam_board.xml version(v0x0.0x0.0x0) != xml parser version(v0x0.0xf.0x0)
12-05 02:42:33.455 D/CameraHal(  251): 
12-05 02:42:33.455 D/CameraHal(  251): 
12-05 02:42:33.455 D/CameraHal(  251): 
12-05 02:42:33.455 D/CameraHal(  251):  Cam_board.xml Version Check: 
12-05 02:42:33.455 D/CameraHal(  251):     /vendor/etc/cam_board.xml : v0.0xf.0
12-05 02:42:33.455 D/CameraHal(  251):     CameraHal_board_xml_parser: v0x0.0xf.0x0
12-05 02:42:33.457 D/vold    (  241): Disk at 252:2 changed
12-05 02:42:33.478 D/CameraHal(  251): number of camdevice (0)
12-05 02:42:33.478 D/CameraHal(  251): camera_get_number_of_cameras(779): board profiles cam num 0
12-05 02:42:33.478 E/CameraHal(  251): camera_get_number_of_cameras(844): Open /dev/video0 failed! strr: No such file or directory
12-05 02:42:33.478 D/CameraHal(  251): camera_get_number_of_cameras(1236): camera_get_number_of_cameras(1236): Current board have 0 cameras attached.
12-05 02:42:33.478 I/CamProvider@2.4-impl(  251): Loaded "RK29_ICS_CameraHal_Module" camera module
12-05 02:42:33.478 I/CamProvider@2.4-impl(  251): setUpVendorTags: No vendor tags defined for this device.
12-05 02:42:33.480 D/CameraHal(  251): createInstance(1015): open xml file(/vendor/etc/cam_board.xml) success
12-05 02:42:33.480 E/CameraHal(  251): cam_board.xml version(v0x0.0x0.0x0) != xml parser version(v0x0.0xf.0x0)
12-05 02:42:33.480 D/CameraHal(  251): 
12-05 02:42:33.480 D/CameraHal(  251): 
12-05 02:42:33.480 D/CameraHal(  251): 
12-05 02:42:33.480 D/CameraHal(  251):  Cam_board.xml Version Check: 
12-05 02:42:33.480 D/CameraHal(  251):     /vendor/etc/cam_board.xml : v0.0xf.0
12-05 02:42:33.480 D/CameraHal(  251):     CameraHal_board_xml_parser: v0x0.0xf.0x0
12-05 02:42:33.505 D/CameraHal(  251): number of camdevice (0)
12-05 02:42:33.505 D/CameraHal(  251): camera_get_number_of_cameras(779): board profiles cam num 0
12-05 02:42:33.505 E/CameraHal(  251): camera_get_number_of_cameras(844): Open /dev/video0 failed! strr: No such file or directory
12-05 02:42:33.505 D/CameraHal(  251): camera_get_number_of_cameras(1236): camera_get_number_of_cameras(1236): Current board have 0 cameras attached.
12-05 02:42:33.506 I/ServiceManagement(  251): Removing namespace from process name android.hardware.camera.provider@2.4-service to provider@2.4-se.
12-05 02:42:33.507 I/android.hardware.camera.provider@2.4-service(  251): Registration complete for android.hardware.camera.provider@2.4::ICameraProvider/legacy/0.
12-05 02:42:33.792 I/adbd    (  272): functionfs successfully initialized
12-05 02:42:33.792 I/adbd    (  272): registering usb transport
12-05 02:42:33.841 D/libEGL  (  321): loaded /vendor/lib64/egl/libGLES_mali.so
12-05 02:42:33.856 I/mali_so (  321): [File] : hardware/rockchip/mali_so_src_of_midgard/driver/product/base/src/mali_base_kbase.c; [Line] : 876; [Func] : base_context_deal_with_version_affairs_rk_ext;
12-05 02:42:33.856 I/mali_so (  321): arm_release_ver of this mali_so is 'r18p0-01rel0', rk_so_ver is '7@0'.
12-05 02:42:33.856 D/mali_so (  321): [File] : hardware/rockchip/mali_so_src_of_midgard/driver/product/base/src/mali_base_kbase.c; [Line] : 881; [Func] : base_context_deal_with_version_affairs_rk_ext;
12-05 02:42:33.856 D/mali_so (  321): current process is NOT sf, to bail out.
12-05 02:42:33.864 I//system/bin/bootanimation(  321): android::hardware::configstore::V1_0::ISurfaceFlingerConfigs::hasWideColorDisplay retrieved: 0
12-05 02:42:33.865 D/mali_winsys(  321): EGLint new_window_surface(egl_winsys_display *, void *, EGLSurface, EGLConfig, egl_winsys_surface **, egl_color_buffer_format *, EGLBoolean) returns 0x3000
12-05 02:42:33.870 D/BootAnimation(  321): bootvideo:No boot video animation,EXIT_VIDEO_NAME:false,bootvideo.showtime:-1
12-05 02:42:33.871 D/BootAnimation(  321): BootAnimationShownTiming start time: 4546ms
12-05 02:42:33.947 I/[Gralloc](  256): Got fd 16 for handle 1
12-05 02:42:33.949 I/[Gralloc](  256): leave, w : 1200, h : 1920, format : 0x2,internal_format : 0x2, usage : 0xb00. size=9216000,pixel_stride=1200,byte_stride=4800
12-05 02:42:33.949 I/[Gralloc](  256): leave: prime_fd=16,share_attr_fd=17
12-05 02:42:33.949 I/[Gralloc](  266): Got handle 1 for fd 31
12-05 02:42:33.949 I/[Gralloc](  266): leave, w : 1200, h : 1920, format : 0x2,internal_format : 0x2, usage : 0xb00. size=9216000,pixel_stride=1200,byte_stride=4800
12-05 02:42:33.949 I/[Gralloc](  266): leave: prime_fd=31,share_attr_fd=32
12-05 02:42:33.957 I/[Gralloc](  321): Got handle 1 for fd 21
12-05 02:42:33.957 I/[Gralloc](  321): leave, w : 1200, h : 1920, format : 0x2,internal_format : 0x2, usage : 0xb00. size=9216000,pixel_stride=1200,byte_stride=4800
12-05 02:42:33.957 I/[Gralloc](  321): leave: prime_fd=21,share_attr_fd=22
12-05 02:42:33.973 I/[Gralloc](  256): Got fd 16 for handle 1
12-05 02:42:33.975 I/[Gralloc](  256): leave, w : 1200, h : 1920, format : 0x2,internal_format : 0x2, usage : 0xb00. size=9216000,pixel_stride=1200,byte_stride=4800
12-05 02:42:33.975 I/[Gralloc](  257): Got handle 1 for fd 29
12-05 02:42:33.975 I/[Gralloc](  256): leave: prime_fd=16,share_attr_fd=17
12-05 02:42:33.975 I/[Gralloc](  257): leave, w : 1200, h : 1920, format : 0x2,internal_format : 0x2, usage : 0xb00. size=9216000,pixel_stride=1200,byte_stride=4800
12-05 02:42:33.975 I/[Gralloc](  257): leave: prime_fd=29,share_attr_fd=30
12-05 02:42:33.975 I/[Gralloc](  266): Got handle 2 for fd 37
12-05 02:42:33.975 I/[Gralloc](  266): leave, w : 1200, h : 1920, format : 0x2,internal_format : 0x2, usage : 0xb00. size=9216000,pixel_stride=1200,byte_stride=4800
12-05 02:42:33.975 I/[Gralloc](  266): leave: prime_fd=37,share_attr_fd=38
12-05 02:42:33.976 I/rockchiprga(  257): Rga built version:version:fe375a4+2018-12-05 10:27:25
12-05 02:42:33.976 I/[Gralloc](  321): Got handle 2 for fd 25
12-05 02:42:33.976 I/[Gralloc](  321): leave, w : 1200, h : 1920, format : 0x2,internal_format : 0x2, usage : 0xb00. size=9216000,pixel_stride=1200,byte_stride=4800
12-05 02:42:33.976 I/[Gralloc](  321): leave: prime_fd=25,share_attr_fd=26
12-05 02:42:33.977 I/GRALLOC-ROCKCHIP(  256): [File] : hardware/rockchip/libgralloc/gralloc_drm_rockchip.cpp; [Line] : 1542; [Func] : drm_gem_rockchip_alloc;
12-05 02:42:33.977 I/GRALLOC-ROCKCHIP(  256): use_afbc_layer: force to set 'internal_format' to 0x4294967297 for buffer_for_fb_target_layer.
12-05 02:42:33.989 I/[Gralloc](  256): Got fd 16 for handle 1
12-05 02:42:33.991 I/[Gralloc](  256): leave, w : 1200, h : 1920, format : 0x1,internal_format : 0x4294967297, usage : 0x1a00. size=9360384,pixel_stride=1200,byte_stride=4800
12-05 02:42:33.991 I/[Gralloc](  256): leave: prime_fd=16,share_attr_fd=17
12-05 02:42:33.992 I/[Gralloc](  266): Got handle 3 for fd 40
12-05 02:42:33.992 I/[Gralloc](  266): leave, w : 1200, h : 1920, format : 0x1,internal_format : 0x4294967297, usage : 0x1a00. size=9360384,pixel_stride=1200,byte_stride=4800
12-05 02:42:33.992 I/[Gralloc](  266): leave: prime_fd=40,share_attr_fd=41
12-05 02:42:33.999 I/[Gralloc](  257): Got handle 2 for fd 36
12-05 02:42:33.999 I/[Gralloc](  257): leave, w : 1200, h : 1920, format : 0x1,internal_format : 0x4294967297, usage : 0x1a00. size=9360384,pixel_stride=1200,byte_stride=4800
12-05 02:42:33.999 I/[Gralloc](  257): leave: prime_fd=36,share_attr_fd=37
12-05 02:42:34.000 D/hwc_rk  (  257): BP: main brightness: 50
12-05 02:42:34.001 D/hwc_rk  (  257): BP: main contrast: 50
12-05 02:42:34.001 D/hwc_rk  (  257): BP: main saturation: 50
12-05 02:42:34.002 D/hwc_rk  (  257): BP: main hue: 50
12-05 02:42:34.008 D/hwc_rk  (  257): BP: main overscan overscan 100,100,100,100
12-05 02:42:34.010 I/[Gralloc](  257): Got handle 3 for fd 43
12-05 02:42:34.010 I/[Gralloc](  257): leave, w : 1200, h : 1920, format : 0x2,internal_format : 0x2, usage : 0xb00. size=9216000,pixel_stride=1200,byte_stride=4800
12-05 02:42:34.010 I/[Gralloc](  257): leave: prime_fd=43,share_attr_fd=46
12-05 02:42:34.011 I/GRALLOC-ROCKCHIP(  256): [File] : hardware/rockchip/libgralloc/gralloc_drm_rockchip.cpp; [Line] : 1542; [Func] : drm_gem_rockchip_alloc;
12-05 02:42:34.011 I/GRALLOC-ROCKCHIP(  256): use_afbc_layer: force to set 'internal_format' to 0x4294967297 for buffer_for_fb_target_layer.
12-05 02:42:34.021 I/[Gralloc](  256): Got fd 16 for handle 1
12-05 02:42:34.023 I/[Gralloc](  256): leave, w : 1200, h : 1920, format : 0x1,internal_format : 0x4294967297, usage : 0x1a00. size=9360384,pixel_stride=1200,byte_stride=4800
12-05 02:42:34.023 I/[Gralloc](  256): leave: prime_fd=16,share_attr_fd=17
12-05 02:42:34.024 I/[Gralloc](  266): Got handle 4 for fd 43
12-05 02:42:34.024 I/[Gralloc](  266): leave, w : 1200, h : 1920, format : 0x1,internal_format : 0x4294967297, usage : 0x1a00. size=9360384,pixel_stride=1200,byte_stride=4800
12-05 02:42:34.024 I/[Gralloc](  266): leave: prime_fd=43,share_attr_fd=45
12-05 02:42:34.031 I/[Gralloc](  257): Got handle 4 for fd 49
12-05 02:42:34.031 I/[Gralloc](  257): leave, w : 1200, h : 1920, format : 0x1,internal_format : 0x4294967297, usage : 0x1a00. size=9360384,pixel_stride=1200,byte_stride=4800
12-05 02:42:34.031 I/[Gralloc](  257): leave: prime_fd=49,share_attr_fd=50
12-05 02:42:34.064 I/GRALLOC-ROCKCHIP(  256): [File] : hardware/rockchip/libgralloc/gralloc_drm_rockchip.cpp; [Line] : 1542; [Func] : drm_gem_rockchip_alloc;
12-05 02:42:34.064 I/GRALLOC-ROCKCHIP(  256): use_afbc_layer: force to set 'internal_format' to 0x4294967297 for buffer_for_fb_target_layer.
12-05 02:42:34.078 I/[Gralloc](  256): Got fd 16 for handle 1
12-05 02:42:34.080 I/[Gralloc](  256): leave, w : 1200, h : 1920, format : 0x1,internal_format : 0x4294967297, usage : 0x1a00. size=9360384,pixel_stride=1200,byte_stride=4800
12-05 02:42:34.080 I/[Gralloc](  256): leave: prime_fd=16,share_attr_fd=17
12-05 02:42:34.081 I/[Gralloc](  266): Got handle 5 for fd 47
12-05 02:42:34.081 I/[Gralloc](  266): leave, w : 1200, h : 1920, format : 0x1,internal_format : 0x4294967297, usage : 0x1a00. size=9360384,pixel_stride=1200,byte_stride=4800
12-05 02:42:34.082 I/[Gralloc](  266): leave: prime_fd=47,share_attr_fd=48
12-05 02:42:34.087 I/[Gralloc](  257): Got handle 5 for fd 40
12-05 02:42:34.088 I/[Gralloc](  257): leave, w : 1200, h : 1920, format : 0x1,internal_format : 0x4294967297, usage : 0x1a00. size=9360384,pixel_stride=1200,byte_stride=4800
12-05 02:42:34.088 I/[Gralloc](  257): leave: prime_fd=40,share_attr_fd=41
12-05 02:42:34.125 I/Cryptfs (  241): Password matches
12-05 02:42:34.126 D/Cryptfs (  241): test_mount_encrypted_fs(): Master key saved
12-05 02:42:34.130 D/Cryptfs (  241): Password is default - restarting filesystem
12-05 02:42:34.144 D/Cryptfs (  241): unmounting /data succeeded
12-05 02:42:34.145 I/vold    (  241): [libfs_mgr]Running /system/bin/fsck.f2fs -a /dev/block/dm-2
12-05 02:42:34.197 I/vold    (  241): [libfs_mgr]__mount(source=/dev/block/dm-2,target=/data,type=f2fs)=0: Success
12-05 02:42:34.199 D/Cryptfs (  241): Just triggered post_fs_data
12-05 02:42:34.238 D/vold    (  241): e4crypt_init_user0
12-05 02:42:34.238 D/vold    (  241): e4crypt_prepare_user_storage for volume null, user 0, serial 0, flags 1
12-05 02:42:34.238 D/vold    (  241): Preparing: /data/system/users/0
12-05 02:42:34.238 D/vold    (  241): Preparing: /data/misc/profiles/cur/0
12-05 02:42:34.239 D/vold    (  241): Preparing: /data/system_de/0
12-05 02:42:34.239 D/vold    (  241): Preparing: /data/misc_de/0
12-05 02:42:34.239 D/vold    (  241): Preparing: /data/user_de/0
12-05 02:42:34.239 D/vold    (  241): e4crypt_unlock_user_key 0 serial=0 token_present=0
12-05 02:42:34.250 I//system/bin/tzdatacheck(  368): timezone distro dir /data/misc/zoneinfo/current does not exist. No action required.
12-05 02:42:34.258 D/Cryptfs (  241): post_fs_data done
12-05 02:42:34.259 D/Cryptfs (  241): Just triggered restart_framework
12-05 02:42:34.274 I/bootstat(  369): Service started: /system/bin/bootstat -r post_decrypt_time_elapsed 
12-05 02:42:34.381 I/installd(  376): installd firing up
12-05 02:42:34.423 E/DrmService(  386): ----------------running drmservice---------------
12-05 02:42:34.423 E/DrmService(  386): rknand_sys_storage open fail
12-05 02:42:34.423 E/DrmService(  386): Get HID data:
12-05 02:42:34.429 E/DrmService(  386): ----------serianno =SN7FCZIPHM
12-05 02:42:34.429 E/DrmService(  386): vendor read:
12-05 02:42:34.429 E/DrmService(  386): 0 0 0 0
12-05 02:42:34.429 I/chatty  (  386): uid=0(root) /vendor/bin/drmservice identical 1 line
12-05 02:42:34.429 E/DrmService(  386): 0 0 0 0
12-05 02:42:34.429 E/DrmService(  386): 1 ffd430f8 0 1f
12-05 02:42:34.429 E/DrmService(  386): ef9d8e9f 0 0 0
12-05 02:42:34.429 E/DrmService(  386): efaeea28 0 ef74f3bb 0
12-05 02:42:34.429 E/DrmService(  386): 0 0 0 0
12-05 02:42:34.429 E/DrmService(  386): 0 ef752df0 0 2fee0c6c
12-05 02:42:34.429 E/DrmService(  386): 1 2ff763dc 1 0
12-05 02:42:34.429 E/DrmService(  386): 0 0 0 0
12-05 02:42:34.429 E/DrmService(  386): 0 0 0 5d33a95a
12-05 02:42:34.429 E/DrmService(  386): ffd4318c ffd430f8 1 ad6cb030
12-05 02:42:34.429 E/DrmService(  386): 0 0 0 ffd4339c
12-05 02:42:34.429 E/DrmService(  386): ef9b57d3 642f0001 732f7665 656b636f
12-05 02:42:34.429 E/DrmService(  386): 72702f74 7265706f 735f7974 69767265
12-05 02:42:34.429 E/DrmService(  386): 6563 0 0 0
12-05 02:42:34.429 E/DrmService(  386): 0 0 0 0
12-05 02:42:34.429 I/chatty  (  386): uid=0(root) /vendor/bin/drmservice identical 1 line
12-05 02:42:34.429 E/DrmService(  386): 0 0 0 0
12-05 02:42:34.429 E/DrmService(  386): 0 ffd4318c ffd43214 0
12-05 02:42:34.429 E/DrmService(  386): ad6cb030 0 0 ad6c7378
12-05 02:42:34.429 E/DrmService(  386): ad6c8d7c 0 ef9b5671 0
12-05 02:42:34.429 E/DrmService(  386): 0 0 5 0
12-05 02:42:34.429 E/DrmService(  386): ffd4318c ffd431dc 4 ffd431e0
12-05 02:42:34.429 E/DrmService(  386): 4 ad6c7378 f a
12-05 02:42:34.429 E/DrmService(  386): ad6c65f7 8 0 46374e53
12-05 02:42:34.429 E/DrmService(  386): 50495a43 4d48 0 10
12-05 02:42:34.430 E/DrmService(  386): 0 0 20001 5d33a95a
12-05 02:42:34.430 E/DrmService(  386): ad6c8c74 ffd43298 ad6cb051 ad6cb030
12-05 02:42:34.430 E/DrmService(  386): ad6c6931 ad6cb051 0 0
12-05 02:42:34.430 E/DrmService(  386): 0 0 0 5d33a95a
12-05 02:42:34.430 E/DrmService(  386): ad6c8c74 ffd43298 ad6cb051 ad6cb030
12-05 02:42:34.430 E/DrmService(  386): 5d33a95a ad6c8c74 ffd43298 ad6cb051
12-05 02:42:34.430 E/DrmService(  386): vendor read error
12-05 02:42:34.430 E/DrmService(  386): ----vendor read sn error,try drmboot----
12-05 02:42:34.430 E/DrmService(  386): rknand_sys_storage open fail
12-05 02:42:34.432 E/DrmService(  386): Unable to open path (/sys/class/android_usb/android0/iSerial),error is(No such file or directory)
12-05 02:42:34.432 E/DrmService(  386): try /config/usb_gadget/g1/strings/0x409/serialnumber
12-05 02:42:34.432 E/DrmService(  386): get serialno from idb,serialno = SN7FCZIPHM
12-05 02:42:34.432 E/DrmService(  386): ------detect not SecureBoot---
12-05 02:42:34.434 I//system/bin/tombstoned(  388): tombstoned successfully initialized
12-05 02:42:34.459 I/gatekeeperd(  387): Starting gatekeeperd...
12-05 02:42:34.463 W/gatekeeperd(  387): falling back to software GateKeeper
12-05 02:42:34.496 I/ServiceManager(  383): Waiting for service package_native...
12-05 02:42:34.534 I/mediametrics(  380): ServiceManager: 0x7b10c3e680
12-05 02:42:34.534 D/MediaAnalyticsService(  380): MediaAnalyticsService created
12-05 02:42:34.534 D/MediaAnalyticsService(  380): MediaAnalyticsService::newSummarizerSet
12-05 02:42:34.545 I//vendor/bin/hw/android.hardware.media.omx@1.0-service(  385): mediacodecservice starting
12-05 02:42:34.586 I/wificond(  384): wificond is starting up...
12-05 02:42:34.603 W//vendor/bin/hw/android.hardware.media.omx@1.0-service(  385): Could not read additional policy file '/vendor/etc/seccomp_policy/mediacodec.policy'
12-05 02:42:34.603 W//vendor/bin/hw/android.hardware.media.omx@1.0-service(  385): libminijail[385]: allowing syscall: clock_gettime
12-05 02:42:34.603 W//vendor/bin/hw/android.hardware.media.omx@1.0-service(  385): libminijail[385]: allowing syscall: connect
12-05 02:42:34.603 W//vendor/bin/hw/android.hardware.media.omx@1.0-service(  385): libminijail[385]: allowing syscall: fcntl64
12-05 02:42:34.603 W//vendor/bin/hw/android.hardware.media.omx@1.0-service(  385): libminijail[385]: allowing syscall: socket
12-05 02:42:34.603 W//vendor/bin/hw/android.hardware.media.omx@1.0-service(  385): libminijail[385]: allowing syscall: writev
12-05 02:42:34.604 W//vendor/bin/hw/android.hardware.media.omx@1.0-service(  385): libminijail[385]: logging seccomp filter failures
12-05 02:42:34.605 I/Netd    (  382): Netd 1.0 starting
12-05 02:42:34.606 D/TetherController(  382): Setting IP forward enable = 0
12-05 02:42:34.618 W/MediaCodecsXmlParser(  385): unable to open media codecs configuration xml file: /data/misc/media/media_codecs_profiling_results.xml
12-05 02:42:34.619 W/MediaCodecsXmlParser(  385): parseTopLevelXMLFile(/data/misc/media/media_codecs_profiling_results.xml) failed
12-05 02:42:34.619 E/MediaCodecsXmlParser(  385): Cannot find the role for a decoder of type video/mjpeg
12-05 02:42:34.620 I/ServiceManagement(  385): Removing namespace from process name android.hardware.media.omx@1.0-service to omx@1.0-service.
12-05 02:42:34.622 I/mediaserver(  378): ServiceManager: 0xec818580
12-05 02:42:34.653 D/AndroidRuntime(  371): >>>>>> START com.android.internal.os.ZygoteInit uid 0 <<<<<<
12-05 02:42:34.707 I/cameraserver(  374): ServiceManager: 0xe6518580
12-05 02:42:34.707 I/CameraService(  374): CameraService started (pid=374)
12-05 02:42:34.709 I/CameraService(  374): CameraService process starting
12-05 02:42:34.709 W/BatteryNotifier(  374): batterystats service unavailable!
12-05 02:42:34.710 W/BatteryNotifier(  374): batterystats service unavailable!
12-05 02:42:34.716 I/CameraProviderManager(  374): Connecting to new camera provider: legacy/0, isRemote? 1
12-05 02:42:34.717 I/CameraProviderManager(  374): Camera provider legacy/0 ready with 0 camera devices
12-05 02:42:34.718 W/CameraProviderManager(  374): addProviderLocked: Camera provider HAL with name 'legacy/0' already registered
12-05 02:42:34.722 I/Netd    (  382): Creating child chains: 104.9ms
12-05 02:42:34.722 I/Netd    (  382): Setting up OEM hooks: 0.2ms
12-05 02:42:34.734 I/Netd    (  382): Setting up FirewallController hooks: 12.0ms
12-05 02:42:34.739 I/zygote64(  371): option[0]=-Xzygote
12-05 02:42:34.739 I/zygote64(  371): option[1]=-Xusetombstonedtraces
12-05 02:42:34.739 I/zygote64(  371): option[2]=exit
12-05 02:42:34.739 I/zygote64(  371): option[3]=vfprintf
12-05 02:42:34.739 I/zygote64(  371): option[4]=sensitiveThread
12-05 02:42:34.739 I/zygote64(  371): option[5]=-verbose:gc
12-05 02:42:34.740 I/zygote64(  371): option[6]=-Xms16m
12-05 02:42:34.740 I/zygote64(  371): option[7]=-Xmx512m
12-05 02:42:34.740 I/zygote64(  371): option[8]=-XX:HeapGrowthLimit=192m
12-05 02:42:34.740 I/zygote64(  371): option[9]=-XX:HeapMinFree=512k
12-05 02:42:34.740 I/zygote64(  371): option[10]=-XX:HeapMaxFree=8m
12-05 02:42:34.740 I/zygote64(  371): option[11]=-XX:HeapTargetUtilization=0.75
12-05 02:42:34.740 I/zygote64(  371): option[12]=-Xusejit:true
12-05 02:42:34.740 I/zygote64(  371): option[13]=-Xjitsaveprofilinginfo
12-05 02:42:34.740 I/zygote64(  371): option[14]=-agentlib:jdwp=transport=dt_android_adb,suspend=n,server=y
12-05 02:42:34.740 I/zygote64(  371): option[15]=-Xlockprofthreshold:500
12-05 02:42:34.740 I/zygote64(  371): option[16]=-Ximage-compiler-option
12-05 02:42:34.740 I/zygote64(  371): option[17]=--runtime-arg
12-05 02:42:34.740 I/zygote64(  371): option[18]=-Ximage-compiler-option
12-05 02:42:34.740 I/zygote64(  371): option[19]=-Xms64m
12-05 02:42:34.740 I/zygote64(  371): option[20]=-Ximage-compiler-option
12-05 02:42:34.740 I/zygote64(  371): option[21]=--runtime-arg
12-05 02:42:34.740 I/zygote64(  371): option[22]=-Ximage-compiler-option
12-05 02:42:34.740 I/zygote64(  371): option[23]=-Xmx64m
12-05 02:42:34.740 I/zygote64(  371): option[24]=-Ximage-compiler-option
12-05 02:42:34.740 I/zygote64(  371): option[25]=--image-classes=/system/etc/preloaded-classes
12-05 02:42:34.740 I/zygote64(  371): option[26]=-Ximage-compiler-option
12-05 02:42:34.740 I/zygote64(  371): option[27]=--compiled-classes=/system/etc/compiled-classes
12-05 02:42:34.740 I/zygote64(  371): option[28]=-Ximage-compiler-option
12-05 02:42:34.740 I/zygote64(  371): option[29]=--dirty-image-objects=/system/etc/dirty-image-objects
